**************************************************
Report         : passing_points

Reference      : Ref:/WORK/System_TOP
Implementation : Imp:/WORK/System_TOP
Version        : L-2016.03-SP1
Date           : Wed Oct  7 00:46:59 2026
**************************************************

403 Passing compare points:

  Ref  LAT        Ref:/WORK/System_TOP/Domain_1_TOP_U0/Clock_Gating_U0/U0
  Impl LAT        Imp:/WORK/System_TOP/Domain_1_TOP_U0/Clock_Gating_U0/U0

  Ref  DFF        Ref:/WORK/System_TOP/ASYNC_FIFO_U5/U1/FIFO_MEM_reg[0][0]
  Impl DFF        Imp:/WORK/System_TOP/ASYNC_FIFO_U5/U1/FIFO_MEM_reg[0][0]

  Ref  DFF        Ref:/WORK/System_TOP/ASYNC_FIFO_U5/U1/FIFO_MEM_reg[0][1]
  Impl DFF        Imp:/WORK/System_TOP/ASYNC_FIFO_U5/U1/FIFO_MEM_reg[0][1]

  Ref  DFF        Ref:/WORK/System_TOP/ASYNC_FIFO_U5/U1/FIFO_MEM_reg[0][2]
  Impl DFF        Imp:/WORK/System_TOP/ASYNC_FIFO_U5/U1/FIFO_MEM_reg[0][2]

  Ref  DFF        Ref:/WORK/System_TOP/ASYNC_FIFO_U5/U1/FIFO_MEM_reg[0][3]
  Impl DFF        Imp:/WORK/System_TOP/ASYNC_FIFO_U5/U1/FIFO_MEM_reg[0][3]

  Ref  DFF        Ref:/WORK/System_TOP/ASYNC_FIFO_U5/U1/FIFO_MEM_reg[0][4]
  Impl DFF        Imp:/WORK/System_TOP/ASYNC_FIFO_U5/U1/FIFO_MEM_reg[0][4]

  Ref  DFF        Ref:/WORK/System_TOP/ASYNC_FIFO_U5/U1/FIFO_MEM_reg[0][5]
  Impl DFF        Imp:/WORK/System_TOP/ASYNC_FIFO_U5/U1/FIFO_MEM_reg[0][5]

  Ref  DFF        Ref:/WORK/System_TOP/ASYNC_FIFO_U5/U1/FIFO_MEM_reg[0][6]
  Impl DFF        Imp:/WORK/System_TOP/ASYNC_FIFO_U5/U1/FIFO_MEM_reg[0][6]

  Ref  DFF        Ref:/WORK/System_TOP/ASYNC_FIFO_U5/U1/FIFO_MEM_reg[0][7]
  Impl DFF        Imp:/WORK/System_TOP/ASYNC_FIFO_U5/U1/FIFO_MEM_reg[0][7]

  Ref  DFF        Ref:/WORK/System_TOP/ASYNC_FIFO_U5/U1/FIFO_MEM_reg[1][0]
  Impl DFF        Imp:/WORK/System_TOP/ASYNC_FIFO_U5/U1/FIFO_MEM_reg[1][0]

  Ref  DFF        Ref:/WORK/System_TOP/ASYNC_FIFO_U5/U1/FIFO_MEM_reg[1][1]
  Impl DFF        Imp:/WORK/System_TOP/ASYNC_FIFO_U5/U1/FIFO_MEM_reg[1][1]

  Ref  DFF        Ref:/WORK/System_TOP/ASYNC_FIFO_U5/U1/FIFO_MEM_reg[1][2]
  Impl DFF        Imp:/WORK/System_TOP/ASYNC_FIFO_U5/U1/FIFO_MEM_reg[1][2]

  Ref  DFF        Ref:/WORK/System_TOP/ASYNC_FIFO_U5/U1/FIFO_MEM_reg[1][3]
  Impl DFF        Imp:/WORK/System_TOP/ASYNC_FIFO_U5/U1/FIFO_MEM_reg[1][3]

  Ref  DFF        Ref:/WORK/System_TOP/ASYNC_FIFO_U5/U1/FIFO_MEM_reg[1][4]
  Impl DFF        Imp:/WORK/System_TOP/ASYNC_FIFO_U5/U1/FIFO_MEM_reg[1][4]

  Ref  DFF        Ref:/WORK/System_TOP/ASYNC_FIFO_U5/U1/FIFO_MEM_reg[1][5]
  Impl DFF        Imp:/WORK/System_TOP/ASYNC_FIFO_U5/U1/FIFO_MEM_reg[1][5]

  Ref  DFF        Ref:/WORK/System_TOP/ASYNC_FIFO_U5/U1/FIFO_MEM_reg[1][6]
  Impl DFF        Imp:/WORK/System_TOP/ASYNC_FIFO_U5/U1/FIFO_MEM_reg[1][6]

  Ref  DFF        Ref:/WORK/System_TOP/ASYNC_FIFO_U5/U1/FIFO_MEM_reg[1][7]
  Impl DFF        Imp:/WORK/System_TOP/ASYNC_FIFO_U5/U1/FIFO_MEM_reg[1][7]

  Ref  DFF        Ref:/WORK/System_TOP/ASYNC_FIFO_U5/U1/FIFO_MEM_reg[2][0]
  Impl DFF        Imp:/WORK/System_TOP/ASYNC_FIFO_U5/U1/FIFO_MEM_reg[2][0]

  Ref  DFF        Ref:/WORK/System_TOP/ASYNC_FIFO_U5/U1/FIFO_MEM_reg[2][1]
  Impl DFF        Imp:/WORK/System_TOP/ASYNC_FIFO_U5/U1/FIFO_MEM_reg[2][1]

  Ref  DFF        Ref:/WORK/System_TOP/ASYNC_FIFO_U5/U1/FIFO_MEM_reg[2][2]
  Impl DFF        Imp:/WORK/System_TOP/ASYNC_FIFO_U5/U1/FIFO_MEM_reg[2][2]

  Ref  DFF        Ref:/WORK/System_TOP/ASYNC_FIFO_U5/U1/FIFO_MEM_reg[2][3]
  Impl DFF        Imp:/WORK/System_TOP/ASYNC_FIFO_U5/U1/FIFO_MEM_reg[2][3]

  Ref  DFF        Ref:/WORK/System_TOP/ASYNC_FIFO_U5/U1/FIFO_MEM_reg[2][4]
  Impl DFF        Imp:/WORK/System_TOP/ASYNC_FIFO_U5/U1/FIFO_MEM_reg[2][4]

  Ref  DFF        Ref:/WORK/System_TOP/ASYNC_FIFO_U5/U1/FIFO_MEM_reg[2][5]
  Impl DFF        Imp:/WORK/System_TOP/ASYNC_FIFO_U5/U1/FIFO_MEM_reg[2][5]

  Ref  DFF        Ref:/WORK/System_TOP/ASYNC_FIFO_U5/U1/FIFO_MEM_reg[2][6]
  Impl DFF        Imp:/WORK/System_TOP/ASYNC_FIFO_U5/U1/FIFO_MEM_reg[2][6]

  Ref  DFF        Ref:/WORK/System_TOP/ASYNC_FIFO_U5/U1/FIFO_MEM_reg[2][7]
  Impl DFF        Imp:/WORK/System_TOP/ASYNC_FIFO_U5/U1/FIFO_MEM_reg[2][7]

  Ref  DFF        Ref:/WORK/System_TOP/ASYNC_FIFO_U5/U1/FIFO_MEM_reg[3][0]
  Impl DFF        Imp:/WORK/System_TOP/ASYNC_FIFO_U5/U1/FIFO_MEM_reg[3][0]

  Ref  DFF        Ref:/WORK/System_TOP/ASYNC_FIFO_U5/U1/FIFO_MEM_reg[3][1]
  Impl DFF        Imp:/WORK/System_TOP/ASYNC_FIFO_U5/U1/FIFO_MEM_reg[3][1]

  Ref  DFF        Ref:/WORK/System_TOP/ASYNC_FIFO_U5/U1/FIFO_MEM_reg[3][2]
  Impl DFF        Imp:/WORK/System_TOP/ASYNC_FIFO_U5/U1/FIFO_MEM_reg[3][2]

  Ref  DFF        Ref:/WORK/System_TOP/ASYNC_FIFO_U5/U1/FIFO_MEM_reg[3][3]
  Impl DFF        Imp:/WORK/System_TOP/ASYNC_FIFO_U5/U1/FIFO_MEM_reg[3][3]

  Ref  DFF        Ref:/WORK/System_TOP/ASYNC_FIFO_U5/U1/FIFO_MEM_reg[3][4]
  Impl DFF        Imp:/WORK/System_TOP/ASYNC_FIFO_U5/U1/FIFO_MEM_reg[3][4]

  Ref  DFF        Ref:/WORK/System_TOP/ASYNC_FIFO_U5/U1/FIFO_MEM_reg[3][5]
  Impl DFF        Imp:/WORK/System_TOP/ASYNC_FIFO_U5/U1/FIFO_MEM_reg[3][5]

  Ref  DFF        Ref:/WORK/System_TOP/ASYNC_FIFO_U5/U1/FIFO_MEM_reg[3][6]
  Impl DFF        Imp:/WORK/System_TOP/ASYNC_FIFO_U5/U1/FIFO_MEM_reg[3][6]

  Ref  DFF        Ref:/WORK/System_TOP/ASYNC_FIFO_U5/U1/FIFO_MEM_reg[3][7]
  Impl DFF        Imp:/WORK/System_TOP/ASYNC_FIFO_U5/U1/FIFO_MEM_reg[3][7]

  Ref  DFF        Ref:/WORK/System_TOP/ASYNC_FIFO_U5/U1/FIFO_MEM_reg[4][0]
  Impl DFF        Imp:/WORK/System_TOP/ASYNC_FIFO_U5/U1/FIFO_MEM_reg[4][0]

  Ref  DFF        Ref:/WORK/System_TOP/ASYNC_FIFO_U5/U1/FIFO_MEM_reg[4][1]
  Impl DFF        Imp:/WORK/System_TOP/ASYNC_FIFO_U5/U1/FIFO_MEM_reg[4][1]

  Ref  DFF        Ref:/WORK/System_TOP/ASYNC_FIFO_U5/U1/FIFO_MEM_reg[4][2]
  Impl DFF        Imp:/WORK/System_TOP/ASYNC_FIFO_U5/U1/FIFO_MEM_reg[4][2]

  Ref  DFF        Ref:/WORK/System_TOP/ASYNC_FIFO_U5/U1/FIFO_MEM_reg[4][3]
  Impl DFF        Imp:/WORK/System_TOP/ASYNC_FIFO_U5/U1/FIFO_MEM_reg[4][3]

  Ref  DFF        Ref:/WORK/System_TOP/ASYNC_FIFO_U5/U1/FIFO_MEM_reg[4][4]
  Impl DFF        Imp:/WORK/System_TOP/ASYNC_FIFO_U5/U1/FIFO_MEM_reg[4][4]

  Ref  DFF        Ref:/WORK/System_TOP/ASYNC_FIFO_U5/U1/FIFO_MEM_reg[4][5]
  Impl DFF        Imp:/WORK/System_TOP/ASYNC_FIFO_U5/U1/FIFO_MEM_reg[4][5]

  Ref  DFF        Ref:/WORK/System_TOP/ASYNC_FIFO_U5/U1/FIFO_MEM_reg[4][6]
  Impl DFF        Imp:/WORK/System_TOP/ASYNC_FIFO_U5/U1/FIFO_MEM_reg[4][6]

  Ref  DFF        Ref:/WORK/System_TOP/ASYNC_FIFO_U5/U1/FIFO_MEM_reg[4][7]
  Impl DFF        Imp:/WORK/System_TOP/ASYNC_FIFO_U5/U1/FIFO_MEM_reg[4][7]

  Ref  DFF        Ref:/WORK/System_TOP/ASYNC_FIFO_U5/U1/FIFO_MEM_reg[5][0]
  Impl DFF        Imp:/WORK/System_TOP/ASYNC_FIFO_U5/U1/FIFO_MEM_reg[5][0]

  Ref  DFF        Ref:/WORK/System_TOP/ASYNC_FIFO_U5/U1/FIFO_MEM_reg[5][1]
  Impl DFF        Imp:/WORK/System_TOP/ASYNC_FIFO_U5/U1/FIFO_MEM_reg[5][1]

  Ref  DFF        Ref:/WORK/System_TOP/ASYNC_FIFO_U5/U1/FIFO_MEM_reg[5][2]
  Impl DFF        Imp:/WORK/System_TOP/ASYNC_FIFO_U5/U1/FIFO_MEM_reg[5][2]

  Ref  DFF        Ref:/WORK/System_TOP/ASYNC_FIFO_U5/U1/FIFO_MEM_reg[5][3]
  Impl DFF        Imp:/WORK/System_TOP/ASYNC_FIFO_U5/U1/FIFO_MEM_reg[5][3]

  Ref  DFF        Ref:/WORK/System_TOP/ASYNC_FIFO_U5/U1/FIFO_MEM_reg[5][4]
  Impl DFF        Imp:/WORK/System_TOP/ASYNC_FIFO_U5/U1/FIFO_MEM_reg[5][4]

  Ref  DFF        Ref:/WORK/System_TOP/ASYNC_FIFO_U5/U1/FIFO_MEM_reg[5][5]
  Impl DFF        Imp:/WORK/System_TOP/ASYNC_FIFO_U5/U1/FIFO_MEM_reg[5][5]

  Ref  DFF        Ref:/WORK/System_TOP/ASYNC_FIFO_U5/U1/FIFO_MEM_reg[5][6]
  Impl DFF        Imp:/WORK/System_TOP/ASYNC_FIFO_U5/U1/FIFO_MEM_reg[5][6]

  Ref  DFF        Ref:/WORK/System_TOP/ASYNC_FIFO_U5/U1/FIFO_MEM_reg[5][7]
  Impl DFF        Imp:/WORK/System_TOP/ASYNC_FIFO_U5/U1/FIFO_MEM_reg[5][7]

  Ref  DFF        Ref:/WORK/System_TOP/ASYNC_FIFO_U5/U1/FIFO_MEM_reg[6][0]
  Impl DFF        Imp:/WORK/System_TOP/ASYNC_FIFO_U5/U1/FIFO_MEM_reg[6][0]

  Ref  DFF        Ref:/WORK/System_TOP/ASYNC_FIFO_U5/U1/FIFO_MEM_reg[6][1]
  Impl DFF        Imp:/WORK/System_TOP/ASYNC_FIFO_U5/U1/FIFO_MEM_reg[6][1]

  Ref  DFF        Ref:/WORK/System_TOP/ASYNC_FIFO_U5/U1/FIFO_MEM_reg[6][2]
  Impl DFF        Imp:/WORK/System_TOP/ASYNC_FIFO_U5/U1/FIFO_MEM_reg[6][2]

  Ref  DFF        Ref:/WORK/System_TOP/ASYNC_FIFO_U5/U1/FIFO_MEM_reg[6][3]
  Impl DFF        Imp:/WORK/System_TOP/ASYNC_FIFO_U5/U1/FIFO_MEM_reg[6][3]

  Ref  DFF        Ref:/WORK/System_TOP/ASYNC_FIFO_U5/U1/FIFO_MEM_reg[6][4]
  Impl DFF        Imp:/WORK/System_TOP/ASYNC_FIFO_U5/U1/FIFO_MEM_reg[6][4]

  Ref  DFF        Ref:/WORK/System_TOP/ASYNC_FIFO_U5/U1/FIFO_MEM_reg[6][5]
  Impl DFF        Imp:/WORK/System_TOP/ASYNC_FIFO_U5/U1/FIFO_MEM_reg[6][5]

  Ref  DFF        Ref:/WORK/System_TOP/ASYNC_FIFO_U5/U1/FIFO_MEM_reg[6][6]
  Impl DFF        Imp:/WORK/System_TOP/ASYNC_FIFO_U5/U1/FIFO_MEM_reg[6][6]

  Ref  DFF        Ref:/WORK/System_TOP/ASYNC_FIFO_U5/U1/FIFO_MEM_reg[6][7]
  Impl DFF        Imp:/WORK/System_TOP/ASYNC_FIFO_U5/U1/FIFO_MEM_reg[6][7]

  Ref  DFF        Ref:/WORK/System_TOP/ASYNC_FIFO_U5/U1/FIFO_MEM_reg[7][0]
  Impl DFF        Imp:/WORK/System_TOP/ASYNC_FIFO_U5/U1/FIFO_MEM_reg[7][0]

  Ref  DFF        Ref:/WORK/System_TOP/ASYNC_FIFO_U5/U1/FIFO_MEM_reg[7][1]
  Impl DFF        Imp:/WORK/System_TOP/ASYNC_FIFO_U5/U1/FIFO_MEM_reg[7][1]

  Ref  DFF        Ref:/WORK/System_TOP/ASYNC_FIFO_U5/U1/FIFO_MEM_reg[7][2]
  Impl DFF        Imp:/WORK/System_TOP/ASYNC_FIFO_U5/U1/FIFO_MEM_reg[7][2]

  Ref  DFF        Ref:/WORK/System_TOP/ASYNC_FIFO_U5/U1/FIFO_MEM_reg[7][3]
  Impl DFF        Imp:/WORK/System_TOP/ASYNC_FIFO_U5/U1/FIFO_MEM_reg[7][3]

  Ref  DFF        Ref:/WORK/System_TOP/ASYNC_FIFO_U5/U1/FIFO_MEM_reg[7][4]
  Impl DFF        Imp:/WORK/System_TOP/ASYNC_FIFO_U5/U1/FIFO_MEM_reg[7][4]

  Ref  DFF        Ref:/WORK/System_TOP/ASYNC_FIFO_U5/U1/FIFO_MEM_reg[7][5]
  Impl DFF        Imp:/WORK/System_TOP/ASYNC_FIFO_U5/U1/FIFO_MEM_reg[7][5]

  Ref  DFF        Ref:/WORK/System_TOP/ASYNC_FIFO_U5/U1/FIFO_MEM_reg[7][6]
  Impl DFF        Imp:/WORK/System_TOP/ASYNC_FIFO_U5/U1/FIFO_MEM_reg[7][6]

  Ref  DFF        Ref:/WORK/System_TOP/ASYNC_FIFO_U5/U1/FIFO_MEM_reg[7][7]
  Impl DFF        Imp:/WORK/System_TOP/ASYNC_FIFO_U5/U1/FIFO_MEM_reg[7][7]

  Ref  DFF        Ref:/WORK/System_TOP/ASYNC_FIFO_U5/U1/RD_DATA_reg[0]
  Impl DFF        Imp:/WORK/System_TOP/ASYNC_FIFO_U5/U1/RD_DATA_reg[0]

  Ref  DFF        Ref:/WORK/System_TOP/ASYNC_FIFO_U5/U1/RD_DATA_reg[1]
  Impl DFF        Imp:/WORK/System_TOP/ASYNC_FIFO_U5/U1/RD_DATA_reg[1]

  Ref  DFF        Ref:/WORK/System_TOP/ASYNC_FIFO_U5/U1/RD_DATA_reg[2]
  Impl DFF        Imp:/WORK/System_TOP/ASYNC_FIFO_U5/U1/RD_DATA_reg[2]

  Ref  DFF        Ref:/WORK/System_TOP/ASYNC_FIFO_U5/U1/RD_DATA_reg[3]
  Impl DFF        Imp:/WORK/System_TOP/ASYNC_FIFO_U5/U1/RD_DATA_reg[3]

  Ref  DFF        Ref:/WORK/System_TOP/ASYNC_FIFO_U5/U1/RD_DATA_reg[4]
  Impl DFF        Imp:/WORK/System_TOP/ASYNC_FIFO_U5/U1/RD_DATA_reg[4]

  Ref  DFF        Ref:/WORK/System_TOP/ASYNC_FIFO_U5/U1/RD_DATA_reg[5]
  Impl DFF        Imp:/WORK/System_TOP/ASYNC_FIFO_U5/U1/RD_DATA_reg[5]

  Ref  DFF        Ref:/WORK/System_TOP/ASYNC_FIFO_U5/U1/RD_DATA_reg[6]
  Impl DFF        Imp:/WORK/System_TOP/ASYNC_FIFO_U5/U1/RD_DATA_reg[6]

  Ref  DFF        Ref:/WORK/System_TOP/ASYNC_FIFO_U5/U1/RD_DATA_reg[7]
  Impl DFF        Imp:/WORK/System_TOP/ASYNC_FIFO_U5/U1/RD_DATA_reg[7]

  Ref  DFF        Ref:/WORK/System_TOP/ASYNC_FIFO_U5/U2/wptr_bi_reg[0]
  Impl DFF        Imp:/WORK/System_TOP/ASYNC_FIFO_U5/U2/wptr_bi_reg[0]

  Ref  DFF        Ref:/WORK/System_TOP/ASYNC_FIFO_U5/U2/wptr_bi_reg[1]
  Impl DFF        Imp:/WORK/System_TOP/ASYNC_FIFO_U5/U2/wptr_bi_reg[1]

  Ref  DFF        Ref:/WORK/System_TOP/ASYNC_FIFO_U5/U2/wptr_bi_reg[2]
  Impl DFF        Imp:/WORK/System_TOP/ASYNC_FIFO_U5/U2/wptr_bi_reg[2]

  Ref  DFF        Ref:/WORK/System_TOP/ASYNC_FIFO_U5/U2/wptr_bi_reg[3]
  Impl DFF        Imp:/WORK/System_TOP/ASYNC_FIFO_U5/U2/wptr_bi_reg[3]

  Ref  DFF        Ref:/WORK/System_TOP/ASYNC_FIFO_U5/U2/wptr_reg[0]
  Impl DFF        Imp:/WORK/System_TOP/ASYNC_FIFO_U5/U2/wptr_reg[0]

  Ref  DFF        Ref:/WORK/System_TOP/ASYNC_FIFO_U5/U2/wptr_reg[1]
  Impl DFF        Imp:/WORK/System_TOP/ASYNC_FIFO_U5/U2/wptr_reg[1]

  Ref  DFF        Ref:/WORK/System_TOP/ASYNC_FIFO_U5/U2/wptr_reg[2]
  Impl DFF        Imp:/WORK/System_TOP/ASYNC_FIFO_U5/U2/wptr_reg[2]

  Ref  DFF        Ref:/WORK/System_TOP/ASYNC_FIFO_U5/U2/wptr_reg[3]
  Impl DFF        Imp:/WORK/System_TOP/ASYNC_FIFO_U5/U2/wptr_reg[3]

  Ref  DFF        Ref:/WORK/System_TOP/ASYNC_FIFO_U5/U3/rptr_bi_reg[0]
  Impl DFF        Imp:/WORK/System_TOP/ASYNC_FIFO_U5/U3/rptr_bi_reg[0]

  Ref  DFF        Ref:/WORK/System_TOP/ASYNC_FIFO_U5/U3/rptr_bi_reg[1]
  Impl DFF        Imp:/WORK/System_TOP/ASYNC_FIFO_U5/U3/rptr_bi_reg[1]

  Ref  DFF        Ref:/WORK/System_TOP/ASYNC_FIFO_U5/U3/rptr_bi_reg[2]
  Impl DFF        Imp:/WORK/System_TOP/ASYNC_FIFO_U5/U3/rptr_bi_reg[2]

  Ref  DFF        Ref:/WORK/System_TOP/ASYNC_FIFO_U5/U3/rptr_bi_reg[3]
  Impl DFF        Imp:/WORK/System_TOP/ASYNC_FIFO_U5/U3/rptr_bi_reg[3]

  Ref  DFF        Ref:/WORK/System_TOP/ASYNC_FIFO_U5/U3/rptr_reg[0]
  Impl DFF        Imp:/WORK/System_TOP/ASYNC_FIFO_U5/U3/rptr_reg[0]

  Ref  DFF        Ref:/WORK/System_TOP/ASYNC_FIFO_U5/U3/rptr_reg[1]
  Impl DFF        Imp:/WORK/System_TOP/ASYNC_FIFO_U5/U3/rptr_reg[1]

  Ref  DFF        Ref:/WORK/System_TOP/ASYNC_FIFO_U5/U3/rptr_reg[2]
  Impl DFF        Imp:/WORK/System_TOP/ASYNC_FIFO_U5/U3/rptr_reg[2]

  Ref  DFF        Ref:/WORK/System_TOP/ASYNC_FIFO_U5/U3/rptr_reg[3]
  Impl DFF        Imp:/WORK/System_TOP/ASYNC_FIFO_U5/U3/rptr_reg[3]

  Ref  DFF        Ref:/WORK/System_TOP/ASYNC_FIFO_U5/U4/rptr_sync1_reg[0]
  Impl DFF        Imp:/WORK/System_TOP/ASYNC_FIFO_U5/U4/rptr_sync1_reg[0]

  Ref  DFF        Ref:/WORK/System_TOP/ASYNC_FIFO_U5/U4/rptr_sync1_reg[1]
  Impl DFF        Imp:/WORK/System_TOP/ASYNC_FIFO_U5/U4/rptr_sync1_reg[1]

  Ref  DFF        Ref:/WORK/System_TOP/ASYNC_FIFO_U5/U4/rptr_sync1_reg[2]
  Impl DFF        Imp:/WORK/System_TOP/ASYNC_FIFO_U5/U4/rptr_sync1_reg[2]

  Ref  DFF        Ref:/WORK/System_TOP/ASYNC_FIFO_U5/U4/rptr_sync1_reg[3]
  Impl DFF        Imp:/WORK/System_TOP/ASYNC_FIFO_U5/U4/rptr_sync1_reg[3]

  Ref  DFF        Ref:/WORK/System_TOP/ASYNC_FIFO_U5/U4/rptr_sync_reg[0]
  Impl DFF        Imp:/WORK/System_TOP/ASYNC_FIFO_U5/U4/rptr_sync_reg[0]

  Ref  DFF        Ref:/WORK/System_TOP/ASYNC_FIFO_U5/U4/rptr_sync_reg[1]
  Impl DFF        Imp:/WORK/System_TOP/ASYNC_FIFO_U5/U4/rptr_sync_reg[1]

  Ref  DFF        Ref:/WORK/System_TOP/ASYNC_FIFO_U5/U4/rptr_sync_reg[2]
  Impl DFF        Imp:/WORK/System_TOP/ASYNC_FIFO_U5/U4/rptr_sync_reg[2]

  Ref  DFF        Ref:/WORK/System_TOP/ASYNC_FIFO_U5/U4/rptr_sync_reg[3]
  Impl DFF        Imp:/WORK/System_TOP/ASYNC_FIFO_U5/U4/rptr_sync_reg[3]

  Ref  DFF        Ref:/WORK/System_TOP/ASYNC_FIFO_U5/U4/wptr_sync1_reg[0]
  Impl DFF        Imp:/WORK/System_TOP/ASYNC_FIFO_U5/U4/wptr_sync1_reg[0]

  Ref  DFF        Ref:/WORK/System_TOP/ASYNC_FIFO_U5/U4/wptr_sync1_reg[1]
  Impl DFF        Imp:/WORK/System_TOP/ASYNC_FIFO_U5/U4/wptr_sync1_reg[1]

  Ref  DFF        Ref:/WORK/System_TOP/ASYNC_FIFO_U5/U4/wptr_sync1_reg[2]
  Impl DFF        Imp:/WORK/System_TOP/ASYNC_FIFO_U5/U4/wptr_sync1_reg[2]

  Ref  DFF        Ref:/WORK/System_TOP/ASYNC_FIFO_U5/U4/wptr_sync1_reg[3]
  Impl DFF        Imp:/WORK/System_TOP/ASYNC_FIFO_U5/U4/wptr_sync1_reg[3]

  Ref  DFF        Ref:/WORK/System_TOP/ASYNC_FIFO_U5/U4/wptr_sync_reg[0]
  Impl DFF        Imp:/WORK/System_TOP/ASYNC_FIFO_U5/U4/wptr_sync_reg[0]

  Ref  DFF        Ref:/WORK/System_TOP/ASYNC_FIFO_U5/U4/wptr_sync_reg[1]
  Impl DFF        Imp:/WORK/System_TOP/ASYNC_FIFO_U5/U4/wptr_sync_reg[1]

  Ref  DFF        Ref:/WORK/System_TOP/ASYNC_FIFO_U5/U4/wptr_sync_reg[2]
  Impl DFF        Imp:/WORK/System_TOP/ASYNC_FIFO_U5/U4/wptr_sync_reg[2]

  Ref  DFF        Ref:/WORK/System_TOP/ASYNC_FIFO_U5/U4/wptr_sync_reg[3]
  Impl DFF        Imp:/WORK/System_TOP/ASYNC_FIFO_U5/U4/wptr_sync_reg[3]

  Ref  DFF        Ref:/WORK/System_TOP/DATA_SYNC_U2/enable_flop_reg
  Impl DFF        Imp:/WORK/System_TOP/DATA_SYNC_U2/enable_flop_reg

  Ref  DFF        Ref:/WORK/System_TOP/DATA_SYNC_U2/enable_pulse_reg
  Impl DFF        Imp:/WORK/System_TOP/DATA_SYNC_U2/enable_pulse_reg

  Ref  DFF        Ref:/WORK/System_TOP/DATA_SYNC_U2/stage_reg[0]
  Impl DFF        Imp:/WORK/System_TOP/DATA_SYNC_U2/stage_reg[0]

  Ref  DFF        Ref:/WORK/System_TOP/DATA_SYNC_U2/stage_reg[1]
  Impl DFF        Imp:/WORK/System_TOP/DATA_SYNC_U2/stage_reg[1]

  Ref  DFF        Ref:/WORK/System_TOP/DATA_SYNC_U2/sync_bus_reg[0]
  Impl DFF        Imp:/WORK/System_TOP/DATA_SYNC_U2/sync_bus_reg[0]

  Ref  DFF        Ref:/WORK/System_TOP/DATA_SYNC_U2/sync_bus_reg[1]
  Impl DFF        Imp:/WORK/System_TOP/DATA_SYNC_U2/sync_bus_reg[1]

  Ref  DFF        Ref:/WORK/System_TOP/DATA_SYNC_U2/sync_bus_reg[2]
  Impl DFF        Imp:/WORK/System_TOP/DATA_SYNC_U2/sync_bus_reg[2]

  Ref  DFF        Ref:/WORK/System_TOP/DATA_SYNC_U2/sync_bus_reg[3]
  Impl DFF        Imp:/WORK/System_TOP/DATA_SYNC_U2/sync_bus_reg[3]

  Ref  DFF        Ref:/WORK/System_TOP/DATA_SYNC_U2/sync_bus_reg[4]
  Impl DFF        Imp:/WORK/System_TOP/DATA_SYNC_U2/sync_bus_reg[4]

  Ref  DFF        Ref:/WORK/System_TOP/DATA_SYNC_U2/sync_bus_reg[5]
  Impl DFF        Imp:/WORK/System_TOP/DATA_SYNC_U2/sync_bus_reg[5]

  Ref  DFF        Ref:/WORK/System_TOP/DATA_SYNC_U2/sync_bus_reg[6]
  Impl DFF        Imp:/WORK/System_TOP/DATA_SYNC_U2/sync_bus_reg[6]

  Ref  DFF        Ref:/WORK/System_TOP/DATA_SYNC_U2/sync_bus_reg[7]
  Impl DFF        Imp:/WORK/System_TOP/DATA_SYNC_U2/sync_bus_reg[7]

  Ref  DFF        Ref:/WORK/System_TOP/Domain_1_TOP_U0/ALU_U1/ALU_OUT_reg[0]
  Impl DFF        Imp:/WORK/System_TOP/Domain_1_TOP_U0/ALU_U1/ALU_OUT_reg[0]

  Ref  DFF        Ref:/WORK/System_TOP/Domain_1_TOP_U0/ALU_U1/ALU_OUT_reg[10]
  Impl DFF        Imp:/WORK/System_TOP/Domain_1_TOP_U0/ALU_U1/ALU_OUT_reg[10]

  Ref  DFF        Ref:/WORK/System_TOP/Domain_1_TOP_U0/ALU_U1/ALU_OUT_reg[11]
  Impl DFF        Imp:/WORK/System_TOP/Domain_1_TOP_U0/ALU_U1/ALU_OUT_reg[11]

  Ref  DFF        Ref:/WORK/System_TOP/Domain_1_TOP_U0/ALU_U1/ALU_OUT_reg[12]
  Impl DFF        Imp:/WORK/System_TOP/Domain_1_TOP_U0/ALU_U1/ALU_OUT_reg[12]

  Ref  DFF        Ref:/WORK/System_TOP/Domain_1_TOP_U0/ALU_U1/ALU_OUT_reg[13]
  Impl DFF        Imp:/WORK/System_TOP/Domain_1_TOP_U0/ALU_U1/ALU_OUT_reg[13]

  Ref  DFF        Ref:/WORK/System_TOP/Domain_1_TOP_U0/ALU_U1/ALU_OUT_reg[14]
  Impl DFF        Imp:/WORK/System_TOP/Domain_1_TOP_U0/ALU_U1/ALU_OUT_reg[14]

  Ref  DFF        Ref:/WORK/System_TOP/Domain_1_TOP_U0/ALU_U1/ALU_OUT_reg[15]
  Impl DFF        Imp:/WORK/System_TOP/Domain_1_TOP_U0/ALU_U1/ALU_OUT_reg[15]

  Ref  DFF        Ref:/WORK/System_TOP/Domain_1_TOP_U0/ALU_U1/ALU_OUT_reg[1]
  Impl DFF        Imp:/WORK/System_TOP/Domain_1_TOP_U0/ALU_U1/ALU_OUT_reg[1]

  Ref  DFF        Ref:/WORK/System_TOP/Domain_1_TOP_U0/ALU_U1/ALU_OUT_reg[2]
  Impl DFF        Imp:/WORK/System_TOP/Domain_1_TOP_U0/ALU_U1/ALU_OUT_reg[2]

  Ref  DFF        Ref:/WORK/System_TOP/Domain_1_TOP_U0/ALU_U1/ALU_OUT_reg[3]
  Impl DFF        Imp:/WORK/System_TOP/Domain_1_TOP_U0/ALU_U1/ALU_OUT_reg[3]

  Ref  DFF        Ref:/WORK/System_TOP/Domain_1_TOP_U0/ALU_U1/ALU_OUT_reg[4]
  Impl DFF        Imp:/WORK/System_TOP/Domain_1_TOP_U0/ALU_U1/ALU_OUT_reg[4]

  Ref  DFF        Ref:/WORK/System_TOP/Domain_1_TOP_U0/ALU_U1/ALU_OUT_reg[5]
  Impl DFF        Imp:/WORK/System_TOP/Domain_1_TOP_U0/ALU_U1/ALU_OUT_reg[5]

  Ref  DFF        Ref:/WORK/System_TOP/Domain_1_TOP_U0/ALU_U1/ALU_OUT_reg[6]
  Impl DFF        Imp:/WORK/System_TOP/Domain_1_TOP_U0/ALU_U1/ALU_OUT_reg[6]

  Ref  DFF        Ref:/WORK/System_TOP/Domain_1_TOP_U0/ALU_U1/ALU_OUT_reg[7]
  Impl DFF        Imp:/WORK/System_TOP/Domain_1_TOP_U0/ALU_U1/ALU_OUT_reg[7]

  Ref  DFF        Ref:/WORK/System_TOP/Domain_1_TOP_U0/ALU_U1/ALU_OUT_reg[8]
  Impl DFF        Imp:/WORK/System_TOP/Domain_1_TOP_U0/ALU_U1/ALU_OUT_reg[8]

  Ref  DFF        Ref:/WORK/System_TOP/Domain_1_TOP_U0/ALU_U1/ALU_OUT_reg[9]
  Impl DFF        Imp:/WORK/System_TOP/Domain_1_TOP_U0/ALU_U1/ALU_OUT_reg[9]

  Ref  DFF        Ref:/WORK/System_TOP/Domain_1_TOP_U0/ALU_U1/OUT_VALID_reg
  Impl DFF        Imp:/WORK/System_TOP/Domain_1_TOP_U0/ALU_U1/OUT_VALID_reg

  Ref  DFF        Ref:/WORK/System_TOP/Domain_1_TOP_U0/RegFile_U2/RdData_Valid_reg
  Impl DFF        Imp:/WORK/System_TOP/Domain_1_TOP_U0/RegFile_U2/RdData_Valid_reg

  Ref  DFF        Ref:/WORK/System_TOP/Domain_1_TOP_U0/RegFile_U2/RdData_reg[0]
  Impl DFF        Imp:/WORK/System_TOP/Domain_1_TOP_U0/RegFile_U2/RdData_reg[0]

  Ref  DFF        Ref:/WORK/System_TOP/Domain_1_TOP_U0/RegFile_U2/RdData_reg[1]
  Impl DFF        Imp:/WORK/System_TOP/Domain_1_TOP_U0/RegFile_U2/RdData_reg[1]

  Ref  DFF        Ref:/WORK/System_TOP/Domain_1_TOP_U0/RegFile_U2/RdData_reg[2]
  Impl DFF        Imp:/WORK/System_TOP/Domain_1_TOP_U0/RegFile_U2/RdData_reg[2]

  Ref  DFF        Ref:/WORK/System_TOP/Domain_1_TOP_U0/RegFile_U2/RdData_reg[3]
  Impl DFF        Imp:/WORK/System_TOP/Domain_1_TOP_U0/RegFile_U2/RdData_reg[3]

  Ref  DFF        Ref:/WORK/System_TOP/Domain_1_TOP_U0/RegFile_U2/RdData_reg[4]
  Impl DFF        Imp:/WORK/System_TOP/Domain_1_TOP_U0/RegFile_U2/RdData_reg[4]

  Ref  DFF        Ref:/WORK/System_TOP/Domain_1_TOP_U0/RegFile_U2/RdData_reg[5]
  Impl DFF        Imp:/WORK/System_TOP/Domain_1_TOP_U0/RegFile_U2/RdData_reg[5]

  Ref  DFF        Ref:/WORK/System_TOP/Domain_1_TOP_U0/RegFile_U2/RdData_reg[6]
  Impl DFF        Imp:/WORK/System_TOP/Domain_1_TOP_U0/RegFile_U2/RdData_reg[6]

  Ref  DFF        Ref:/WORK/System_TOP/Domain_1_TOP_U0/RegFile_U2/RdData_reg[7]
  Impl DFF        Imp:/WORK/System_TOP/Domain_1_TOP_U0/RegFile_U2/RdData_reg[7]

  Ref  DFF        Ref:/WORK/System_TOP/Domain_1_TOP_U0/RegFile_U2/regArr_reg[0][0]
  Impl DFF        Imp:/WORK/System_TOP/Domain_1_TOP_U0/RegFile_U2/regArr_reg[0][0]

  Ref  DFF        Ref:/WORK/System_TOP/Domain_1_TOP_U0/RegFile_U2/regArr_reg[0][1]
  Impl DFF        Imp:/WORK/System_TOP/Domain_1_TOP_U0/RegFile_U2/regArr_reg[0][1]

  Ref  DFF        Ref:/WORK/System_TOP/Domain_1_TOP_U0/RegFile_U2/regArr_reg[0][2]
  Impl DFF        Imp:/WORK/System_TOP/Domain_1_TOP_U0/RegFile_U2/regArr_reg[0][2]

  Ref  DFF        Ref:/WORK/System_TOP/Domain_1_TOP_U0/RegFile_U2/regArr_reg[0][3]
  Impl DFF        Imp:/WORK/System_TOP/Domain_1_TOP_U0/RegFile_U2/regArr_reg[0][3]

  Ref  DFF        Ref:/WORK/System_TOP/Domain_1_TOP_U0/RegFile_U2/regArr_reg[0][4]
  Impl DFF        Imp:/WORK/System_TOP/Domain_1_TOP_U0/RegFile_U2/regArr_reg[0][4]

  Ref  DFF        Ref:/WORK/System_TOP/Domain_1_TOP_U0/RegFile_U2/regArr_reg[0][5]
  Impl DFF        Imp:/WORK/System_TOP/Domain_1_TOP_U0/RegFile_U2/regArr_reg[0][5]

  Ref  DFF        Ref:/WORK/System_TOP/Domain_1_TOP_U0/RegFile_U2/regArr_reg[0][6]
  Impl DFF        Imp:/WORK/System_TOP/Domain_1_TOP_U0/RegFile_U2/regArr_reg[0][6]

  Ref  DFF        Ref:/WORK/System_TOP/Domain_1_TOP_U0/RegFile_U2/regArr_reg[0][7]
  Impl DFF        Imp:/WORK/System_TOP/Domain_1_TOP_U0/RegFile_U2/regArr_reg[0][7]

  Ref  DFF        Ref:/WORK/System_TOP/Domain_1_TOP_U0/RegFile_U2/regArr_reg[10][0]
  Impl DFF        Imp:/WORK/System_TOP/Domain_1_TOP_U0/RegFile_U2/regArr_reg[10][0]

  Ref  DFF        Ref:/WORK/System_TOP/Domain_1_TOP_U0/RegFile_U2/regArr_reg[10][1]
  Impl DFF        Imp:/WORK/System_TOP/Domain_1_TOP_U0/RegFile_U2/regArr_reg[10][1]

  Ref  DFF        Ref:/WORK/System_TOP/Domain_1_TOP_U0/RegFile_U2/regArr_reg[10][2]
  Impl DFF        Imp:/WORK/System_TOP/Domain_1_TOP_U0/RegFile_U2/regArr_reg[10][2]

  Ref  DFF        Ref:/WORK/System_TOP/Domain_1_TOP_U0/RegFile_U2/regArr_reg[10][3]
  Impl DFF        Imp:/WORK/System_TOP/Domain_1_TOP_U0/RegFile_U2/regArr_reg[10][3]

  Ref  DFF        Ref:/WORK/System_TOP/Domain_1_TOP_U0/RegFile_U2/regArr_reg[10][4]
  Impl DFF        Imp:/WORK/System_TOP/Domain_1_TOP_U0/RegFile_U2/regArr_reg[10][4]

  Ref  DFF        Ref:/WORK/System_TOP/Domain_1_TOP_U0/RegFile_U2/regArr_reg[10][5]
  Impl DFF        Imp:/WORK/System_TOP/Domain_1_TOP_U0/RegFile_U2/regArr_reg[10][5]

  Ref  DFF        Ref:/WORK/System_TOP/Domain_1_TOP_U0/RegFile_U2/regArr_reg[10][6]
  Impl DFF        Imp:/WORK/System_TOP/Domain_1_TOP_U0/RegFile_U2/regArr_reg[10][6]

  Ref  DFF        Ref:/WORK/System_TOP/Domain_1_TOP_U0/RegFile_U2/regArr_reg[10][7]
  Impl DFF        Imp:/WORK/System_TOP/Domain_1_TOP_U0/RegFile_U2/regArr_reg[10][7]

  Ref  DFF        Ref:/WORK/System_TOP/Domain_1_TOP_U0/RegFile_U2/regArr_reg[11][0]
  Impl DFF        Imp:/WORK/System_TOP/Domain_1_TOP_U0/RegFile_U2/regArr_reg[11][0]

  Ref  DFF        Ref:/WORK/System_TOP/Domain_1_TOP_U0/RegFile_U2/regArr_reg[11][1]
  Impl DFF        Imp:/WORK/System_TOP/Domain_1_TOP_U0/RegFile_U2/regArr_reg[11][1]

  Ref  DFF        Ref:/WORK/System_TOP/Domain_1_TOP_U0/RegFile_U2/regArr_reg[11][2]
  Impl DFF        Imp:/WORK/System_TOP/Domain_1_TOP_U0/RegFile_U2/regArr_reg[11][2]

  Ref  DFF        Ref:/WORK/System_TOP/Domain_1_TOP_U0/RegFile_U2/regArr_reg[11][3]
  Impl DFF        Imp:/WORK/System_TOP/Domain_1_TOP_U0/RegFile_U2/regArr_reg[11][3]

  Ref  DFF        Ref:/WORK/System_TOP/Domain_1_TOP_U0/RegFile_U2/regArr_reg[11][4]
  Impl DFF        Imp:/WORK/System_TOP/Domain_1_TOP_U0/RegFile_U2/regArr_reg[11][4]

  Ref  DFF        Ref:/WORK/System_TOP/Domain_1_TOP_U0/RegFile_U2/regArr_reg[11][5]
  Impl DFF        Imp:/WORK/System_TOP/Domain_1_TOP_U0/RegFile_U2/regArr_reg[11][5]

  Ref  DFF        Ref:/WORK/System_TOP/Domain_1_TOP_U0/RegFile_U2/regArr_reg[11][6]
  Impl DFF        Imp:/WORK/System_TOP/Domain_1_TOP_U0/RegFile_U2/regArr_reg[11][6]

  Ref  DFF        Ref:/WORK/System_TOP/Domain_1_TOP_U0/RegFile_U2/regArr_reg[11][7]
  Impl DFF        Imp:/WORK/System_TOP/Domain_1_TOP_U0/RegFile_U2/regArr_reg[11][7]

  Ref  DFF        Ref:/WORK/System_TOP/Domain_1_TOP_U0/RegFile_U2/regArr_reg[12][0]
  Impl DFF        Imp:/WORK/System_TOP/Domain_1_TOP_U0/RegFile_U2/regArr_reg[12][0]

  Ref  DFF        Ref:/WORK/System_TOP/Domain_1_TOP_U0/RegFile_U2/regArr_reg[12][1]
  Impl DFF        Imp:/WORK/System_TOP/Domain_1_TOP_U0/RegFile_U2/regArr_reg[12][1]

  Ref  DFF        Ref:/WORK/System_TOP/Domain_1_TOP_U0/RegFile_U2/regArr_reg[12][2]
  Impl DFF        Imp:/WORK/System_TOP/Domain_1_TOP_U0/RegFile_U2/regArr_reg[12][2]

  Ref  DFF        Ref:/WORK/System_TOP/Domain_1_TOP_U0/RegFile_U2/regArr_reg[12][3]
  Impl DFF        Imp:/WORK/System_TOP/Domain_1_TOP_U0/RegFile_U2/regArr_reg[12][3]

  Ref  DFF        Ref:/WORK/System_TOP/Domain_1_TOP_U0/RegFile_U2/regArr_reg[12][4]
  Impl DFF        Imp:/WORK/System_TOP/Domain_1_TOP_U0/RegFile_U2/regArr_reg[12][4]

  Ref  DFF        Ref:/WORK/System_TOP/Domain_1_TOP_U0/RegFile_U2/regArr_reg[12][5]
  Impl DFF        Imp:/WORK/System_TOP/Domain_1_TOP_U0/RegFile_U2/regArr_reg[12][5]

  Ref  DFF        Ref:/WORK/System_TOP/Domain_1_TOP_U0/RegFile_U2/regArr_reg[12][6]
  Impl DFF        Imp:/WORK/System_TOP/Domain_1_TOP_U0/RegFile_U2/regArr_reg[12][6]

  Ref  DFF        Ref:/WORK/System_TOP/Domain_1_TOP_U0/RegFile_U2/regArr_reg[12][7]
  Impl DFF        Imp:/WORK/System_TOP/Domain_1_TOP_U0/RegFile_U2/regArr_reg[12][7]

  Ref  DFF        Ref:/WORK/System_TOP/Domain_1_TOP_U0/RegFile_U2/regArr_reg[13][0]
  Impl DFF        Imp:/WORK/System_TOP/Domain_1_TOP_U0/RegFile_U2/regArr_reg[13][0]

  Ref  DFF        Ref:/WORK/System_TOP/Domain_1_TOP_U0/RegFile_U2/regArr_reg[13][1]
  Impl DFF        Imp:/WORK/System_TOP/Domain_1_TOP_U0/RegFile_U2/regArr_reg[13][1]

  Ref  DFF        Ref:/WORK/System_TOP/Domain_1_TOP_U0/RegFile_U2/regArr_reg[13][2]
  Impl DFF        Imp:/WORK/System_TOP/Domain_1_TOP_U0/RegFile_U2/regArr_reg[13][2]

  Ref  DFF        Ref:/WORK/System_TOP/Domain_1_TOP_U0/RegFile_U2/regArr_reg[13][3]
  Impl DFF        Imp:/WORK/System_TOP/Domain_1_TOP_U0/RegFile_U2/regArr_reg[13][3]

  Ref  DFF        Ref:/WORK/System_TOP/Domain_1_TOP_U0/RegFile_U2/regArr_reg[13][4]
  Impl DFF        Imp:/WORK/System_TOP/Domain_1_TOP_U0/RegFile_U2/regArr_reg[13][4]

  Ref  DFF        Ref:/WORK/System_TOP/Domain_1_TOP_U0/RegFile_U2/regArr_reg[13][5]
  Impl DFF        Imp:/WORK/System_TOP/Domain_1_TOP_U0/RegFile_U2/regArr_reg[13][5]

  Ref  DFF        Ref:/WORK/System_TOP/Domain_1_TOP_U0/RegFile_U2/regArr_reg[13][6]
  Impl DFF        Imp:/WORK/System_TOP/Domain_1_TOP_U0/RegFile_U2/regArr_reg[13][6]

  Ref  DFF        Ref:/WORK/System_TOP/Domain_1_TOP_U0/RegFile_U2/regArr_reg[13][7]
  Impl DFF        Imp:/WORK/System_TOP/Domain_1_TOP_U0/RegFile_U2/regArr_reg[13][7]

  Ref  DFF        Ref:/WORK/System_TOP/Domain_1_TOP_U0/RegFile_U2/regArr_reg[14][0]
  Impl DFF        Imp:/WORK/System_TOP/Domain_1_TOP_U0/RegFile_U2/regArr_reg[14][0]

  Ref  DFF        Ref:/WORK/System_TOP/Domain_1_TOP_U0/RegFile_U2/regArr_reg[14][1]
  Impl DFF        Imp:/WORK/System_TOP/Domain_1_TOP_U0/RegFile_U2/regArr_reg[14][1]

  Ref  DFF        Ref:/WORK/System_TOP/Domain_1_TOP_U0/RegFile_U2/regArr_reg[14][2]
  Impl DFF        Imp:/WORK/System_TOP/Domain_1_TOP_U0/RegFile_U2/regArr_reg[14][2]

  Ref  DFF        Ref:/WORK/System_TOP/Domain_1_TOP_U0/RegFile_U2/regArr_reg[14][3]
  Impl DFF        Imp:/WORK/System_TOP/Domain_1_TOP_U0/RegFile_U2/regArr_reg[14][3]

  Ref  DFF        Ref:/WORK/System_TOP/Domain_1_TOP_U0/RegFile_U2/regArr_reg[14][4]
  Impl DFF        Imp:/WORK/System_TOP/Domain_1_TOP_U0/RegFile_U2/regArr_reg[14][4]

  Ref  DFF        Ref:/WORK/System_TOP/Domain_1_TOP_U0/RegFile_U2/regArr_reg[14][5]
  Impl DFF        Imp:/WORK/System_TOP/Domain_1_TOP_U0/RegFile_U2/regArr_reg[14][5]

  Ref  DFF        Ref:/WORK/System_TOP/Domain_1_TOP_U0/RegFile_U2/regArr_reg[14][6]
  Impl DFF        Imp:/WORK/System_TOP/Domain_1_TOP_U0/RegFile_U2/regArr_reg[14][6]

  Ref  DFF        Ref:/WORK/System_TOP/Domain_1_TOP_U0/RegFile_U2/regArr_reg[14][7]
  Impl DFF        Imp:/WORK/System_TOP/Domain_1_TOP_U0/RegFile_U2/regArr_reg[14][7]

  Ref  DFF        Ref:/WORK/System_TOP/Domain_1_TOP_U0/RegFile_U2/regArr_reg[15][0]
  Impl DFF        Imp:/WORK/System_TOP/Domain_1_TOP_U0/RegFile_U2/regArr_reg[15][0]

  Ref  DFF        Ref:/WORK/System_TOP/Domain_1_TOP_U0/RegFile_U2/regArr_reg[15][1]
  Impl DFF        Imp:/WORK/System_TOP/Domain_1_TOP_U0/RegFile_U2/regArr_reg[15][1]

  Ref  DFF        Ref:/WORK/System_TOP/Domain_1_TOP_U0/RegFile_U2/regArr_reg[15][2]
  Impl DFF        Imp:/WORK/System_TOP/Domain_1_TOP_U0/RegFile_U2/regArr_reg[15][2]

  Ref  DFF        Ref:/WORK/System_TOP/Domain_1_TOP_U0/RegFile_U2/regArr_reg[15][3]
  Impl DFF        Imp:/WORK/System_TOP/Domain_1_TOP_U0/RegFile_U2/regArr_reg[15][3]

  Ref  DFF        Ref:/WORK/System_TOP/Domain_1_TOP_U0/RegFile_U2/regArr_reg[15][4]
  Impl DFF        Imp:/WORK/System_TOP/Domain_1_TOP_U0/RegFile_U2/regArr_reg[15][4]

  Ref  DFF        Ref:/WORK/System_TOP/Domain_1_TOP_U0/RegFile_U2/regArr_reg[15][5]
  Impl DFF        Imp:/WORK/System_TOP/Domain_1_TOP_U0/RegFile_U2/regArr_reg[15][5]

  Ref  DFF        Ref:/WORK/System_TOP/Domain_1_TOP_U0/RegFile_U2/regArr_reg[15][6]
  Impl DFF        Imp:/WORK/System_TOP/Domain_1_TOP_U0/RegFile_U2/regArr_reg[15][6]

  Ref  DFF        Ref:/WORK/System_TOP/Domain_1_TOP_U0/RegFile_U2/regArr_reg[15][7]
  Impl DFF        Imp:/WORK/System_TOP/Domain_1_TOP_U0/RegFile_U2/regArr_reg[15][7]

  Ref  DFF        Ref:/WORK/System_TOP/Domain_1_TOP_U0/RegFile_U2/regArr_reg[1][0]
  Impl DFF        Imp:/WORK/System_TOP/Domain_1_TOP_U0/RegFile_U2/regArr_reg[1][0]

  Ref  DFF        Ref:/WORK/System_TOP/Domain_1_TOP_U0/RegFile_U2/regArr_reg[1][1]
  Impl DFF        Imp:/WORK/System_TOP/Domain_1_TOP_U0/RegFile_U2/regArr_reg[1][1]

  Ref  DFF        Ref:/WORK/System_TOP/Domain_1_TOP_U0/RegFile_U2/regArr_reg[1][2]
  Impl DFF        Imp:/WORK/System_TOP/Domain_1_TOP_U0/RegFile_U2/regArr_reg[1][2]

  Ref  DFF        Ref:/WORK/System_TOP/Domain_1_TOP_U0/RegFile_U2/regArr_reg[1][3]
  Impl DFF        Imp:/WORK/System_TOP/Domain_1_TOP_U0/RegFile_U2/regArr_reg[1][3]

  Ref  DFF        Ref:/WORK/System_TOP/Domain_1_TOP_U0/RegFile_U2/regArr_reg[1][4]
  Impl DFF        Imp:/WORK/System_TOP/Domain_1_TOP_U0/RegFile_U2/regArr_reg[1][4]

  Ref  DFF        Ref:/WORK/System_TOP/Domain_1_TOP_U0/RegFile_U2/regArr_reg[1][5]
  Impl DFF        Imp:/WORK/System_TOP/Domain_1_TOP_U0/RegFile_U2/regArr_reg[1][5]

  Ref  DFF        Ref:/WORK/System_TOP/Domain_1_TOP_U0/RegFile_U2/regArr_reg[1][6]
  Impl DFF        Imp:/WORK/System_TOP/Domain_1_TOP_U0/RegFile_U2/regArr_reg[1][6]

  Ref  DFF        Ref:/WORK/System_TOP/Domain_1_TOP_U0/RegFile_U2/regArr_reg[1][7]
  Impl DFF        Imp:/WORK/System_TOP/Domain_1_TOP_U0/RegFile_U2/regArr_reg[1][7]

  Ref  DFF        Ref:/WORK/System_TOP/Domain_1_TOP_U0/RegFile_U2/regArr_reg[2][0]
  Impl DFF        Imp:/WORK/System_TOP/Domain_1_TOP_U0/RegFile_U2/regArr_reg[2][0]

  Ref  DFF        Ref:/WORK/System_TOP/Domain_1_TOP_U0/RegFile_U2/regArr_reg[2][1]
  Impl DFF        Imp:/WORK/System_TOP/Domain_1_TOP_U0/RegFile_U2/regArr_reg[2][1]

  Ref  DFF        Ref:/WORK/System_TOP/Domain_1_TOP_U0/RegFile_U2/regArr_reg[2][2]
  Impl DFF        Imp:/WORK/System_TOP/Domain_1_TOP_U0/RegFile_U2/regArr_reg[2][2]

  Ref  DFF        Ref:/WORK/System_TOP/Domain_1_TOP_U0/RegFile_U2/regArr_reg[2][3]
  Impl DFF        Imp:/WORK/System_TOP/Domain_1_TOP_U0/RegFile_U2/regArr_reg[2][3]

  Ref  DFF        Ref:/WORK/System_TOP/Domain_1_TOP_U0/RegFile_U2/regArr_reg[2][4]
  Impl DFF        Imp:/WORK/System_TOP/Domain_1_TOP_U0/RegFile_U2/regArr_reg[2][4]

  Ref  DFF        Ref:/WORK/System_TOP/Domain_1_TOP_U0/RegFile_U2/regArr_reg[2][5]
  Impl DFF        Imp:/WORK/System_TOP/Domain_1_TOP_U0/RegFile_U2/regArr_reg[2][5]

  Ref  DFF        Ref:/WORK/System_TOP/Domain_1_TOP_U0/RegFile_U2/regArr_reg[2][6]
  Impl DFF        Imp:/WORK/System_TOP/Domain_1_TOP_U0/RegFile_U2/regArr_reg[2][6]

  Ref  DFF        Ref:/WORK/System_TOP/Domain_1_TOP_U0/RegFile_U2/regArr_reg[2][7]
  Impl DFF        Imp:/WORK/System_TOP/Domain_1_TOP_U0/RegFile_U2/regArr_reg[2][7]

  Ref  DFF        Ref:/WORK/System_TOP/Domain_1_TOP_U0/RegFile_U2/regArr_reg[3][0]
  Impl DFF        Imp:/WORK/System_TOP/Domain_1_TOP_U0/RegFile_U2/regArr_reg[3][0]

  Ref  DFF        Ref:/WORK/System_TOP/Domain_1_TOP_U0/RegFile_U2/regArr_reg[3][1]
  Impl DFF        Imp:/WORK/System_TOP/Domain_1_TOP_U0/RegFile_U2/regArr_reg[3][1]

  Ref  DFF        Ref:/WORK/System_TOP/Domain_1_TOP_U0/RegFile_U2/regArr_reg[3][2]
  Impl DFF        Imp:/WORK/System_TOP/Domain_1_TOP_U0/RegFile_U2/regArr_reg[3][2]

  Ref  DFF        Ref:/WORK/System_TOP/Domain_1_TOP_U0/RegFile_U2/regArr_reg[3][3]
  Impl DFF        Imp:/WORK/System_TOP/Domain_1_TOP_U0/RegFile_U2/regArr_reg[3][3]

  Ref  DFF        Ref:/WORK/System_TOP/Domain_1_TOP_U0/RegFile_U2/regArr_reg[3][4]
  Impl DFF        Imp:/WORK/System_TOP/Domain_1_TOP_U0/RegFile_U2/regArr_reg[3][4]

  Ref  DFF        Ref:/WORK/System_TOP/Domain_1_TOP_U0/RegFile_U2/regArr_reg[3][5]
  Impl DFF        Imp:/WORK/System_TOP/Domain_1_TOP_U0/RegFile_U2/regArr_reg[3][5]

  Ref  DFF        Ref:/WORK/System_TOP/Domain_1_TOP_U0/RegFile_U2/regArr_reg[3][6]
  Impl DFF        Imp:/WORK/System_TOP/Domain_1_TOP_U0/RegFile_U2/regArr_reg[3][6]

  Ref  DFF        Ref:/WORK/System_TOP/Domain_1_TOP_U0/RegFile_U2/regArr_reg[3][7]
  Impl DFF        Imp:/WORK/System_TOP/Domain_1_TOP_U0/RegFile_U2/regArr_reg[3][7]

  Ref  DFF        Ref:/WORK/System_TOP/Domain_1_TOP_U0/RegFile_U2/regArr_reg[4][0]
  Impl DFF        Imp:/WORK/System_TOP/Domain_1_TOP_U0/RegFile_U2/regArr_reg[4][0]

  Ref  DFF        Ref:/WORK/System_TOP/Domain_1_TOP_U0/RegFile_U2/regArr_reg[4][1]
  Impl DFF        Imp:/WORK/System_TOP/Domain_1_TOP_U0/RegFile_U2/regArr_reg[4][1]

  Ref  DFF        Ref:/WORK/System_TOP/Domain_1_TOP_U0/RegFile_U2/regArr_reg[4][2]
  Impl DFF        Imp:/WORK/System_TOP/Domain_1_TOP_U0/RegFile_U2/regArr_reg[4][2]

  Ref  DFF        Ref:/WORK/System_TOP/Domain_1_TOP_U0/RegFile_U2/regArr_reg[4][3]
  Impl DFF        Imp:/WORK/System_TOP/Domain_1_TOP_U0/RegFile_U2/regArr_reg[4][3]

  Ref  DFF        Ref:/WORK/System_TOP/Domain_1_TOP_U0/RegFile_U2/regArr_reg[4][4]
  Impl DFF        Imp:/WORK/System_TOP/Domain_1_TOP_U0/RegFile_U2/regArr_reg[4][4]

  Ref  DFF        Ref:/WORK/System_TOP/Domain_1_TOP_U0/RegFile_U2/regArr_reg[4][5]
  Impl DFF        Imp:/WORK/System_TOP/Domain_1_TOP_U0/RegFile_U2/regArr_reg[4][5]

  Ref  DFF        Ref:/WORK/System_TOP/Domain_1_TOP_U0/RegFile_U2/regArr_reg[4][6]
  Impl DFF        Imp:/WORK/System_TOP/Domain_1_TOP_U0/RegFile_U2/regArr_reg[4][6]

  Ref  DFF        Ref:/WORK/System_TOP/Domain_1_TOP_U0/RegFile_U2/regArr_reg[4][7]
  Impl DFF        Imp:/WORK/System_TOP/Domain_1_TOP_U0/RegFile_U2/regArr_reg[4][7]

  Ref  DFF        Ref:/WORK/System_TOP/Domain_1_TOP_U0/RegFile_U2/regArr_reg[5][0]
  Impl DFF        Imp:/WORK/System_TOP/Domain_1_TOP_U0/RegFile_U2/regArr_reg[5][0]

  Ref  DFF        Ref:/WORK/System_TOP/Domain_1_TOP_U0/RegFile_U2/regArr_reg[5][1]
  Impl DFF        Imp:/WORK/System_TOP/Domain_1_TOP_U0/RegFile_U2/regArr_reg[5][1]

  Ref  DFF        Ref:/WORK/System_TOP/Domain_1_TOP_U0/RegFile_U2/regArr_reg[5][2]
  Impl DFF        Imp:/WORK/System_TOP/Domain_1_TOP_U0/RegFile_U2/regArr_reg[5][2]

  Ref  DFF        Ref:/WORK/System_TOP/Domain_1_TOP_U0/RegFile_U2/regArr_reg[5][3]
  Impl DFF        Imp:/WORK/System_TOP/Domain_1_TOP_U0/RegFile_U2/regArr_reg[5][3]

  Ref  DFF        Ref:/WORK/System_TOP/Domain_1_TOP_U0/RegFile_U2/regArr_reg[5][4]
  Impl DFF        Imp:/WORK/System_TOP/Domain_1_TOP_U0/RegFile_U2/regArr_reg[5][4]

  Ref  DFF        Ref:/WORK/System_TOP/Domain_1_TOP_U0/RegFile_U2/regArr_reg[5][5]
  Impl DFF        Imp:/WORK/System_TOP/Domain_1_TOP_U0/RegFile_U2/regArr_reg[5][5]

  Ref  DFF        Ref:/WORK/System_TOP/Domain_1_TOP_U0/RegFile_U2/regArr_reg[5][6]
  Impl DFF        Imp:/WORK/System_TOP/Domain_1_TOP_U0/RegFile_U2/regArr_reg[5][6]

  Ref  DFF        Ref:/WORK/System_TOP/Domain_1_TOP_U0/RegFile_U2/regArr_reg[5][7]
  Impl DFF        Imp:/WORK/System_TOP/Domain_1_TOP_U0/RegFile_U2/regArr_reg[5][7]

  Ref  DFF        Ref:/WORK/System_TOP/Domain_1_TOP_U0/RegFile_U2/regArr_reg[6][0]
  Impl DFF        Imp:/WORK/System_TOP/Domain_1_TOP_U0/RegFile_U2/regArr_reg[6][0]

  Ref  DFF        Ref:/WORK/System_TOP/Domain_1_TOP_U0/RegFile_U2/regArr_reg[6][1]
  Impl DFF        Imp:/WORK/System_TOP/Domain_1_TOP_U0/RegFile_U2/regArr_reg[6][1]

  Ref  DFF        Ref:/WORK/System_TOP/Domain_1_TOP_U0/RegFile_U2/regArr_reg[6][2]
  Impl DFF        Imp:/WORK/System_TOP/Domain_1_TOP_U0/RegFile_U2/regArr_reg[6][2]

  Ref  DFF        Ref:/WORK/System_TOP/Domain_1_TOP_U0/RegFile_U2/regArr_reg[6][3]
  Impl DFF        Imp:/WORK/System_TOP/Domain_1_TOP_U0/RegFile_U2/regArr_reg[6][3]

  Ref  DFF        Ref:/WORK/System_TOP/Domain_1_TOP_U0/RegFile_U2/regArr_reg[6][4]
  Impl DFF        Imp:/WORK/System_TOP/Domain_1_TOP_U0/RegFile_U2/regArr_reg[6][4]

  Ref  DFF        Ref:/WORK/System_TOP/Domain_1_TOP_U0/RegFile_U2/regArr_reg[6][5]
  Impl DFF        Imp:/WORK/System_TOP/Domain_1_TOP_U0/RegFile_U2/regArr_reg[6][5]

  Ref  DFF        Ref:/WORK/System_TOP/Domain_1_TOP_U0/RegFile_U2/regArr_reg[6][6]
  Impl DFF        Imp:/WORK/System_TOP/Domain_1_TOP_U0/RegFile_U2/regArr_reg[6][6]

  Ref  DFF        Ref:/WORK/System_TOP/Domain_1_TOP_U0/RegFile_U2/regArr_reg[6][7]
  Impl DFF        Imp:/WORK/System_TOP/Domain_1_TOP_U0/RegFile_U2/regArr_reg[6][7]

  Ref  DFF        Ref:/WORK/System_TOP/Domain_1_TOP_U0/RegFile_U2/regArr_reg[7][0]
  Impl DFF        Imp:/WORK/System_TOP/Domain_1_TOP_U0/RegFile_U2/regArr_reg[7][0]

  Ref  DFF        Ref:/WORK/System_TOP/Domain_1_TOP_U0/RegFile_U2/regArr_reg[7][1]
  Impl DFF        Imp:/WORK/System_TOP/Domain_1_TOP_U0/RegFile_U2/regArr_reg[7][1]

  Ref  DFF        Ref:/WORK/System_TOP/Domain_1_TOP_U0/RegFile_U2/regArr_reg[7][2]
  Impl DFF        Imp:/WORK/System_TOP/Domain_1_TOP_U0/RegFile_U2/regArr_reg[7][2]

  Ref  DFF        Ref:/WORK/System_TOP/Domain_1_TOP_U0/RegFile_U2/regArr_reg[7][3]
  Impl DFF        Imp:/WORK/System_TOP/Domain_1_TOP_U0/RegFile_U2/regArr_reg[7][3]

  Ref  DFF        Ref:/WORK/System_TOP/Domain_1_TOP_U0/RegFile_U2/regArr_reg[7][4]
  Impl DFF        Imp:/WORK/System_TOP/Domain_1_TOP_U0/RegFile_U2/regArr_reg[7][4]

  Ref  DFF        Ref:/WORK/System_TOP/Domain_1_TOP_U0/RegFile_U2/regArr_reg[7][5]
  Impl DFF        Imp:/WORK/System_TOP/Domain_1_TOP_U0/RegFile_U2/regArr_reg[7][5]

  Ref  DFF        Ref:/WORK/System_TOP/Domain_1_TOP_U0/RegFile_U2/regArr_reg[7][6]
  Impl DFF        Imp:/WORK/System_TOP/Domain_1_TOP_U0/RegFile_U2/regArr_reg[7][6]

  Ref  DFF        Ref:/WORK/System_TOP/Domain_1_TOP_U0/RegFile_U2/regArr_reg[7][7]
  Impl DFF        Imp:/WORK/System_TOP/Domain_1_TOP_U0/RegFile_U2/regArr_reg[7][7]

  Ref  DFF        Ref:/WORK/System_TOP/Domain_1_TOP_U0/RegFile_U2/regArr_reg[8][0]
  Impl DFF        Imp:/WORK/System_TOP/Domain_1_TOP_U0/RegFile_U2/regArr_reg[8][0]

  Ref  DFF        Ref:/WORK/System_TOP/Domain_1_TOP_U0/RegFile_U2/regArr_reg[8][1]
  Impl DFF        Imp:/WORK/System_TOP/Domain_1_TOP_U0/RegFile_U2/regArr_reg[8][1]

  Ref  DFF        Ref:/WORK/System_TOP/Domain_1_TOP_U0/RegFile_U2/regArr_reg[8][2]
  Impl DFF        Imp:/WORK/System_TOP/Domain_1_TOP_U0/RegFile_U2/regArr_reg[8][2]

  Ref  DFF        Ref:/WORK/System_TOP/Domain_1_TOP_U0/RegFile_U2/regArr_reg[8][3]
  Impl DFF        Imp:/WORK/System_TOP/Domain_1_TOP_U0/RegFile_U2/regArr_reg[8][3]

  Ref  DFF        Ref:/WORK/System_TOP/Domain_1_TOP_U0/RegFile_U2/regArr_reg[8][4]
  Impl DFF        Imp:/WORK/System_TOP/Domain_1_TOP_U0/RegFile_U2/regArr_reg[8][4]

  Ref  DFF        Ref:/WORK/System_TOP/Domain_1_TOP_U0/RegFile_U2/regArr_reg[8][5]
  Impl DFF        Imp:/WORK/System_TOP/Domain_1_TOP_U0/RegFile_U2/regArr_reg[8][5]

  Ref  DFF        Ref:/WORK/System_TOP/Domain_1_TOP_U0/RegFile_U2/regArr_reg[8][6]
  Impl DFF        Imp:/WORK/System_TOP/Domain_1_TOP_U0/RegFile_U2/regArr_reg[8][6]

  Ref  DFF        Ref:/WORK/System_TOP/Domain_1_TOP_U0/RegFile_U2/regArr_reg[8][7]
  Impl DFF        Imp:/WORK/System_TOP/Domain_1_TOP_U0/RegFile_U2/regArr_reg[8][7]

  Ref  DFF        Ref:/WORK/System_TOP/Domain_1_TOP_U0/RegFile_U2/regArr_reg[9][0]
  Impl DFF        Imp:/WORK/System_TOP/Domain_1_TOP_U0/RegFile_U2/regArr_reg[9][0]

  Ref  DFF        Ref:/WORK/System_TOP/Domain_1_TOP_U0/RegFile_U2/regArr_reg[9][1]
  Impl DFF        Imp:/WORK/System_TOP/Domain_1_TOP_U0/RegFile_U2/regArr_reg[9][1]

  Ref  DFF        Ref:/WORK/System_TOP/Domain_1_TOP_U0/RegFile_U2/regArr_reg[9][2]
  Impl DFF        Imp:/WORK/System_TOP/Domain_1_TOP_U0/RegFile_U2/regArr_reg[9][2]

  Ref  DFF        Ref:/WORK/System_TOP/Domain_1_TOP_U0/RegFile_U2/regArr_reg[9][3]
  Impl DFF        Imp:/WORK/System_TOP/Domain_1_TOP_U0/RegFile_U2/regArr_reg[9][3]

  Ref  DFF        Ref:/WORK/System_TOP/Domain_1_TOP_U0/RegFile_U2/regArr_reg[9][4]
  Impl DFF        Imp:/WORK/System_TOP/Domain_1_TOP_U0/RegFile_U2/regArr_reg[9][4]

  Ref  DFF        Ref:/WORK/System_TOP/Domain_1_TOP_U0/RegFile_U2/regArr_reg[9][5]
  Impl DFF        Imp:/WORK/System_TOP/Domain_1_TOP_U0/RegFile_U2/regArr_reg[9][5]

  Ref  DFF        Ref:/WORK/System_TOP/Domain_1_TOP_U0/RegFile_U2/regArr_reg[9][6]
  Impl DFF        Imp:/WORK/System_TOP/Domain_1_TOP_U0/RegFile_U2/regArr_reg[9][6]

  Ref  DFF        Ref:/WORK/System_TOP/Domain_1_TOP_U0/RegFile_U2/regArr_reg[9][7]
  Impl DFF        Imp:/WORK/System_TOP/Domain_1_TOP_U0/RegFile_U2/regArr_reg[9][7]

  Ref  DFF        Ref:/WORK/System_TOP/Domain_1_TOP_U0/SYS_CTRL_U3/alu_fun_reg_reg[0]
  Impl DFF        Imp:/WORK/System_TOP/Domain_1_TOP_U0/SYS_CTRL_U3/alu_fun_reg_reg[0]

  Ref  DFF        Ref:/WORK/System_TOP/Domain_1_TOP_U0/SYS_CTRL_U3/alu_fun_reg_reg[1]
  Impl DFF        Imp:/WORK/System_TOP/Domain_1_TOP_U0/SYS_CTRL_U3/alu_fun_reg_reg[1]

  Ref  DFF        Ref:/WORK/System_TOP/Domain_1_TOP_U0/SYS_CTRL_U3/alu_fun_reg_reg[2]
  Impl DFF        Imp:/WORK/System_TOP/Domain_1_TOP_U0/SYS_CTRL_U3/alu_fun_reg_reg[2]

  Ref  DFF        Ref:/WORK/System_TOP/Domain_1_TOP_U0/SYS_CTRL_U3/alu_fun_reg_reg[3]
  Impl DFF        Imp:/WORK/System_TOP/Domain_1_TOP_U0/SYS_CTRL_U3/alu_fun_reg_reg[3]

  Ref  DFF        Ref:/WORK/System_TOP/Domain_1_TOP_U0/SYS_CTRL_U3/cur_state_reg[0]
  Impl DFF        Imp:/WORK/System_TOP/Domain_1_TOP_U0/SYS_CTRL_U3/cur_state_reg[0]

  Ref  DFF        Ref:/WORK/System_TOP/Domain_1_TOP_U0/SYS_CTRL_U3/cur_state_reg[1]
  Impl DFF        Imp:/WORK/System_TOP/Domain_1_TOP_U0/SYS_CTRL_U3/cur_state_reg[1]

  Ref  DFF        Ref:/WORK/System_TOP/Domain_1_TOP_U0/SYS_CTRL_U3/cur_state_reg[2]
  Impl DFF        Imp:/WORK/System_TOP/Domain_1_TOP_U0/SYS_CTRL_U3/cur_state_reg[2]

  Ref  DFF        Ref:/WORK/System_TOP/Domain_1_TOP_U0/SYS_CTRL_U3/cur_state_reg[3]
  Impl DFF        Imp:/WORK/System_TOP/Domain_1_TOP_U0/SYS_CTRL_U3/cur_state_reg[3]

  Ref  DFF        Ref:/WORK/System_TOP/Domain_1_TOP_U0/SYS_CTRL_U3/cur_state_reg[4]
  Impl DFF        Imp:/WORK/System_TOP/Domain_1_TOP_U0/SYS_CTRL_U3/cur_state_reg[4]

  Ref  DFF        Ref:/WORK/System_TOP/Domain_1_TOP_U0/SYS_CTRL_U3/opA_reg_reg[0]
  Impl DFF        Imp:/WORK/System_TOP/Domain_1_TOP_U0/SYS_CTRL_U3/opA_reg_reg[0]

  Ref  DFF        Ref:/WORK/System_TOP/Domain_1_TOP_U0/SYS_CTRL_U3/opA_reg_reg[1]
  Impl DFF        Imp:/WORK/System_TOP/Domain_1_TOP_U0/SYS_CTRL_U3/opA_reg_reg[1]

  Ref  DFF        Ref:/WORK/System_TOP/Domain_1_TOP_U0/SYS_CTRL_U3/opA_reg_reg[2]
  Impl DFF        Imp:/WORK/System_TOP/Domain_1_TOP_U0/SYS_CTRL_U3/opA_reg_reg[2]

  Ref  DFF        Ref:/WORK/System_TOP/Domain_1_TOP_U0/SYS_CTRL_U3/opA_reg_reg[3]
  Impl DFF        Imp:/WORK/System_TOP/Domain_1_TOP_U0/SYS_CTRL_U3/opA_reg_reg[3]

  Ref  DFF        Ref:/WORK/System_TOP/Domain_1_TOP_U0/SYS_CTRL_U3/opA_reg_reg[4]
  Impl DFF        Imp:/WORK/System_TOP/Domain_1_TOP_U0/SYS_CTRL_U3/opA_reg_reg[4]

  Ref  DFF        Ref:/WORK/System_TOP/Domain_1_TOP_U0/SYS_CTRL_U3/opA_reg_reg[5]
  Impl DFF        Imp:/WORK/System_TOP/Domain_1_TOP_U0/SYS_CTRL_U3/opA_reg_reg[5]

  Ref  DFF        Ref:/WORK/System_TOP/Domain_1_TOP_U0/SYS_CTRL_U3/opA_reg_reg[6]
  Impl DFF        Imp:/WORK/System_TOP/Domain_1_TOP_U0/SYS_CTRL_U3/opA_reg_reg[6]

  Ref  DFF        Ref:/WORK/System_TOP/Domain_1_TOP_U0/SYS_CTRL_U3/opA_reg_reg[7]
  Impl DFF        Imp:/WORK/System_TOP/Domain_1_TOP_U0/SYS_CTRL_U3/opA_reg_reg[7]

  Ref  DFF        Ref:/WORK/System_TOP/Domain_1_TOP_U0/SYS_CTRL_U3/opB_reg_reg[0]
  Impl DFF        Imp:/WORK/System_TOP/Domain_1_TOP_U0/SYS_CTRL_U3/opB_reg_reg[0]

  Ref  DFF        Ref:/WORK/System_TOP/Domain_1_TOP_U0/SYS_CTRL_U3/opB_reg_reg[1]
  Impl DFF        Imp:/WORK/System_TOP/Domain_1_TOP_U0/SYS_CTRL_U3/opB_reg_reg[1]

  Ref  DFF        Ref:/WORK/System_TOP/Domain_1_TOP_U0/SYS_CTRL_U3/opB_reg_reg[2]
  Impl DFF        Imp:/WORK/System_TOP/Domain_1_TOP_U0/SYS_CTRL_U3/opB_reg_reg[2]

  Ref  DFF        Ref:/WORK/System_TOP/Domain_1_TOP_U0/SYS_CTRL_U3/opB_reg_reg[3]
  Impl DFF        Imp:/WORK/System_TOP/Domain_1_TOP_U0/SYS_CTRL_U3/opB_reg_reg[3]

  Ref  DFF        Ref:/WORK/System_TOP/Domain_1_TOP_U0/SYS_CTRL_U3/opB_reg_reg[4]
  Impl DFF        Imp:/WORK/System_TOP/Domain_1_TOP_U0/SYS_CTRL_U3/opB_reg_reg[4]

  Ref  DFF        Ref:/WORK/System_TOP/Domain_1_TOP_U0/SYS_CTRL_U3/opB_reg_reg[5]
  Impl DFF        Imp:/WORK/System_TOP/Domain_1_TOP_U0/SYS_CTRL_U3/opB_reg_reg[5]

  Ref  DFF        Ref:/WORK/System_TOP/Domain_1_TOP_U0/SYS_CTRL_U3/opB_reg_reg[6]
  Impl DFF        Imp:/WORK/System_TOP/Domain_1_TOP_U0/SYS_CTRL_U3/opB_reg_reg[6]

  Ref  DFF        Ref:/WORK/System_TOP/Domain_1_TOP_U0/SYS_CTRL_U3/opB_reg_reg[7]
  Impl DFF        Imp:/WORK/System_TOP/Domain_1_TOP_U0/SYS_CTRL_U3/opB_reg_reg[7]

  Ref  DFF        Ref:/WORK/System_TOP/Domain_1_TOP_U0/SYS_CTRL_U3/wr_addr_reg_reg[0]
  Impl DFF        Imp:/WORK/System_TOP/Domain_1_TOP_U0/SYS_CTRL_U3/wr_addr_reg_reg[0]

  Ref  DFF        Ref:/WORK/System_TOP/Domain_1_TOP_U0/SYS_CTRL_U3/wr_addr_reg_reg[1]
  Impl DFF        Imp:/WORK/System_TOP/Domain_1_TOP_U0/SYS_CTRL_U3/wr_addr_reg_reg[1]

  Ref  DFF        Ref:/WORK/System_TOP/Domain_1_TOP_U0/SYS_CTRL_U3/wr_addr_reg_reg[2]
  Impl DFF        Imp:/WORK/System_TOP/Domain_1_TOP_U0/SYS_CTRL_U3/wr_addr_reg_reg[2]

  Ref  DFF        Ref:/WORK/System_TOP/Domain_1_TOP_U0/SYS_CTRL_U3/wr_addr_reg_reg[3]
  Impl DFF        Imp:/WORK/System_TOP/Domain_1_TOP_U0/SYS_CTRL_U3/wr_addr_reg_reg[3]

  Ref  DFF        Ref:/WORK/System_TOP/Domain_1_TOP_U0/SYS_CTRL_U3/wr_data_reg_reg[0]
  Impl DFF        Imp:/WORK/System_TOP/Domain_1_TOP_U0/SYS_CTRL_U3/wr_data_reg_reg[0]

  Ref  DFF        Ref:/WORK/System_TOP/Domain_1_TOP_U0/SYS_CTRL_U3/wr_data_reg_reg[1]
  Impl DFF        Imp:/WORK/System_TOP/Domain_1_TOP_U0/SYS_CTRL_U3/wr_data_reg_reg[1]

  Ref  DFF        Ref:/WORK/System_TOP/Domain_1_TOP_U0/SYS_CTRL_U3/wr_data_reg_reg[2]
  Impl DFF        Imp:/WORK/System_TOP/Domain_1_TOP_U0/SYS_CTRL_U3/wr_data_reg_reg[2]

  Ref  DFF        Ref:/WORK/System_TOP/Domain_1_TOP_U0/SYS_CTRL_U3/wr_data_reg_reg[3]
  Impl DFF        Imp:/WORK/System_TOP/Domain_1_TOP_U0/SYS_CTRL_U3/wr_data_reg_reg[3]

  Ref  DFF        Ref:/WORK/System_TOP/Domain_1_TOP_U0/SYS_CTRL_U3/wr_data_reg_reg[4]
  Impl DFF        Imp:/WORK/System_TOP/Domain_1_TOP_U0/SYS_CTRL_U3/wr_data_reg_reg[4]

  Ref  DFF        Ref:/WORK/System_TOP/Domain_1_TOP_U0/SYS_CTRL_U3/wr_data_reg_reg[5]
  Impl DFF        Imp:/WORK/System_TOP/Domain_1_TOP_U0/SYS_CTRL_U3/wr_data_reg_reg[5]

  Ref  DFF        Ref:/WORK/System_TOP/Domain_1_TOP_U0/SYS_CTRL_U3/wr_data_reg_reg[6]
  Impl DFF        Imp:/WORK/System_TOP/Domain_1_TOP_U0/SYS_CTRL_U3/wr_data_reg_reg[6]

  Ref  DFF        Ref:/WORK/System_TOP/Domain_1_TOP_U0/SYS_CTRL_U3/wr_data_reg_reg[7]
  Impl DFF        Imp:/WORK/System_TOP/Domain_1_TOP_U0/SYS_CTRL_U3/wr_data_reg_reg[7]

  Ref  DFF        Ref:/WORK/System_TOP/Domain_2_TOP_U1/ClkDiv_U1_TX/counter_reg[0]
  Impl DFF        Imp:/WORK/System_TOP/Domain_2_TOP_U1/ClkDiv_U1_TX/counter_reg[0]

  Ref  DFF        Ref:/WORK/System_TOP/Domain_2_TOP_U1/ClkDiv_U1_TX/counter_reg[1]
  Impl DFF        Imp:/WORK/System_TOP/Domain_2_TOP_U1/ClkDiv_U1_TX/counter_reg[1]

  Ref  DFF        Ref:/WORK/System_TOP/Domain_2_TOP_U1/ClkDiv_U1_TX/counter_reg[2]
  Impl DFF        Imp:/WORK/System_TOP/Domain_2_TOP_U1/ClkDiv_U1_TX/counter_reg[2]

  Ref  DFF        Ref:/WORK/System_TOP/Domain_2_TOP_U1/ClkDiv_U1_TX/counter_reg[3]
  Impl DFF        Imp:/WORK/System_TOP/Domain_2_TOP_U1/ClkDiv_U1_TX/counter_reg[3]

  Ref  DFF        Ref:/WORK/System_TOP/Domain_2_TOP_U1/ClkDiv_U1_TX/counter_reg[4]
  Impl DFF        Imp:/WORK/System_TOP/Domain_2_TOP_U1/ClkDiv_U1_TX/counter_reg[4]

  Ref  DFF        Ref:/WORK/System_TOP/Domain_2_TOP_U1/ClkDiv_U1_TX/counter_reg[5]
  Impl DFF        Imp:/WORK/System_TOP/Domain_2_TOP_U1/ClkDiv_U1_TX/counter_reg[5]

  Ref  DFF        Ref:/WORK/System_TOP/Domain_2_TOP_U1/ClkDiv_U1_TX/counter_reg[6]
  Impl DFF        Imp:/WORK/System_TOP/Domain_2_TOP_U1/ClkDiv_U1_TX/counter_reg[6]

  Ref  DFF        Ref:/WORK/System_TOP/Domain_2_TOP_U1/ClkDiv_U1_TX/counter_reg[7]
  Impl DFF        Imp:/WORK/System_TOP/Domain_2_TOP_U1/ClkDiv_U1_TX/counter_reg[7]

  Ref  DFF        Ref:/WORK/System_TOP/Domain_2_TOP_U1/ClkDiv_U1_TX/div_clk_reg
  Impl DFF        Imp:/WORK/System_TOP/Domain_2_TOP_U1/ClkDiv_U1_TX/div_clk_reg

  Ref  DFF        Ref:/WORK/System_TOP/Domain_2_TOP_U1/ClkDiv_U1_TX/duty_reg
  Impl DFF        Imp:/WORK/System_TOP/Domain_2_TOP_U1/ClkDiv_U1_TX/duty_reg

  Ref  DFF        Ref:/WORK/System_TOP/Domain_2_TOP_U1/ClkDiv_U2_RX/counter_reg[0]
  Impl DFF        Imp:/WORK/System_TOP/Domain_2_TOP_U1/ClkDiv_U2_RX/counter_reg[0]

  Ref  DFF        Ref:/WORK/System_TOP/Domain_2_TOP_U1/ClkDiv_U2_RX/counter_reg[1]
  Impl DFF        Imp:/WORK/System_TOP/Domain_2_TOP_U1/ClkDiv_U2_RX/counter_reg[1]

  Ref  DFF        Ref:/WORK/System_TOP/Domain_2_TOP_U1/ClkDiv_U2_RX/counter_reg[2]
  Impl DFF        Imp:/WORK/System_TOP/Domain_2_TOP_U1/ClkDiv_U2_RX/counter_reg[2]

  Ref  DFF        Ref:/WORK/System_TOP/Domain_2_TOP_U1/ClkDiv_U2_RX/counter_reg[3]
  Impl DFF        Imp:/WORK/System_TOP/Domain_2_TOP_U1/ClkDiv_U2_RX/counter_reg[3]

  Ref  DFF        Ref:/WORK/System_TOP/Domain_2_TOP_U1/ClkDiv_U2_RX/counter_reg[4]
  Impl DFF        Imp:/WORK/System_TOP/Domain_2_TOP_U1/ClkDiv_U2_RX/counter_reg[4]

  Ref  DFF        Ref:/WORK/System_TOP/Domain_2_TOP_U1/ClkDiv_U2_RX/counter_reg[5]
  Impl DFF        Imp:/WORK/System_TOP/Domain_2_TOP_U1/ClkDiv_U2_RX/counter_reg[5]

  Ref  DFF        Ref:/WORK/System_TOP/Domain_2_TOP_U1/ClkDiv_U2_RX/counter_reg[6]
  Impl DFF        Imp:/WORK/System_TOP/Domain_2_TOP_U1/ClkDiv_U2_RX/counter_reg[6]

  Ref  DFF        Ref:/WORK/System_TOP/Domain_2_TOP_U1/ClkDiv_U2_RX/counter_reg[7]
  Impl DFF        Imp:/WORK/System_TOP/Domain_2_TOP_U1/ClkDiv_U2_RX/counter_reg[7]

  Ref  DFF        Ref:/WORK/System_TOP/Domain_2_TOP_U1/ClkDiv_U2_RX/div_clk_reg
  Impl DFF        Imp:/WORK/System_TOP/Domain_2_TOP_U1/ClkDiv_U2_RX/div_clk_reg

  Ref  DFF        Ref:/WORK/System_TOP/Domain_2_TOP_U1/ClkDiv_U2_RX/duty_reg
  Impl DFF        Imp:/WORK/System_TOP/Domain_2_TOP_U1/ClkDiv_U2_RX/duty_reg

  Ref  DFF        Ref:/WORK/System_TOP/Domain_2_TOP_U1/PULSE_GEN_U3/LVL_SIG_OLD_reg
  Impl DFF        Imp:/WORK/System_TOP/Domain_2_TOP_U1/PULSE_GEN_U3/LVL_SIG_OLD_reg

  Ref  DFF        Ref:/WORK/System_TOP/Domain_2_TOP_U1/PULSE_GEN_U3/PULSE_SIG_reg
  Impl DFF        Imp:/WORK/System_TOP/Domain_2_TOP_U1/PULSE_GEN_U3/PULSE_SIG_reg

  Ref  DFF        Ref:/WORK/System_TOP/Domain_2_TOP_U1/UART_U0/U0/U1/cur_state_reg[0]
  Impl DFF        Imp:/WORK/System_TOP/Domain_2_TOP_U1/UART_U0/U0/U1/cur_state_reg[0]

  Ref  DFF        Ref:/WORK/System_TOP/Domain_2_TOP_U1/UART_U0/U0/U1/cur_state_reg[1]
  Impl DFF        Imp:/WORK/System_TOP/Domain_2_TOP_U1/UART_U0/U0/U1/cur_state_reg[1]

  Ref  DFF        Ref:/WORK/System_TOP/Domain_2_TOP_U1/UART_U0/U0/U1/cur_state_reg[2]
  Impl DFF        Imp:/WORK/System_TOP/Domain_2_TOP_U1/UART_U0/U0/U1/cur_state_reg[2]

  Ref  DFF        Ref:/WORK/System_TOP/Domain_2_TOP_U1/UART_U0/U0/U2/Counter_Done_reg
  Impl DFF        Imp:/WORK/System_TOP/Domain_2_TOP_U1/UART_U0/U0/U2/Counter_Done_reg

  Ref  DFF        Ref:/WORK/System_TOP/Domain_2_TOP_U1/UART_U0/U0/U2/Counter_reg[0]
  Impl DFF        Imp:/WORK/System_TOP/Domain_2_TOP_U1/UART_U0/U0/U2/Counter_reg[0]

  Ref  DFF        Ref:/WORK/System_TOP/Domain_2_TOP_U1/UART_U0/U0/U2/Counter_reg[1]
  Impl DFF        Imp:/WORK/System_TOP/Domain_2_TOP_U1/UART_U0/U0/U2/Counter_reg[1]

  Ref  DFF        Ref:/WORK/System_TOP/Domain_2_TOP_U1/UART_U0/U0/U2/Counter_reg[2]
  Impl DFF        Imp:/WORK/System_TOP/Domain_2_TOP_U1/UART_U0/U0/U2/Counter_reg[2]

  Ref  DFF        Ref:/WORK/System_TOP/Domain_2_TOP_U1/UART_U0/U0/U2/Counter_reg[3]
  Impl DFF        Imp:/WORK/System_TOP/Domain_2_TOP_U1/UART_U0/U0/U2/Counter_reg[3]

  Ref  DFF        Ref:/WORK/System_TOP/Domain_2_TOP_U1/UART_U0/U0/U2/P_DATA_Hold_reg[0]
  Impl DFF        Imp:/WORK/System_TOP/Domain_2_TOP_U1/UART_U0/U0/U2/P_DATA_Hold_reg[0]

  Ref  DFF        Ref:/WORK/System_TOP/Domain_2_TOP_U1/UART_U0/U0/U2/P_DATA_Hold_reg[1]
  Impl DFF        Imp:/WORK/System_TOP/Domain_2_TOP_U1/UART_U0/U0/U2/P_DATA_Hold_reg[1]

  Ref  DFF        Ref:/WORK/System_TOP/Domain_2_TOP_U1/UART_U0/U0/U2/P_DATA_Hold_reg[2]
  Impl DFF        Imp:/WORK/System_TOP/Domain_2_TOP_U1/UART_U0/U0/U2/P_DATA_Hold_reg[2]

  Ref  DFF        Ref:/WORK/System_TOP/Domain_2_TOP_U1/UART_U0/U0/U2/P_DATA_Hold_reg[3]
  Impl DFF        Imp:/WORK/System_TOP/Domain_2_TOP_U1/UART_U0/U0/U2/P_DATA_Hold_reg[3]

  Ref  DFF        Ref:/WORK/System_TOP/Domain_2_TOP_U1/UART_U0/U0/U2/P_DATA_Hold_reg[4]
  Impl DFF        Imp:/WORK/System_TOP/Domain_2_TOP_U1/UART_U0/U0/U2/P_DATA_Hold_reg[4]

  Ref  DFF        Ref:/WORK/System_TOP/Domain_2_TOP_U1/UART_U0/U0/U2/P_DATA_Hold_reg[5]
  Impl DFF        Imp:/WORK/System_TOP/Domain_2_TOP_U1/UART_U0/U0/U2/P_DATA_Hold_reg[5]

  Ref  DFF        Ref:/WORK/System_TOP/Domain_2_TOP_U1/UART_U0/U0/U2/P_DATA_Hold_reg[6]
  Impl DFF        Imp:/WORK/System_TOP/Domain_2_TOP_U1/UART_U0/U0/U2/P_DATA_Hold_reg[6]

  Ref  DFF        Ref:/WORK/System_TOP/Domain_2_TOP_U1/UART_U0/U0/U2/ser_data_reg
  Impl DFF        Imp:/WORK/System_TOP/Domain_2_TOP_U1/UART_U0/U0/U2/ser_data_reg

  Ref  DFF        Ref:/WORK/System_TOP/Domain_2_TOP_U1/UART_U0/U0/U2/ser_done_reg
  Impl DFF        Imp:/WORK/System_TOP/Domain_2_TOP_U1/UART_U0/U0/U2/ser_done_reg

  Ref  DFF        Ref:/WORK/System_TOP/Domain_2_TOP_U1/UART_U0/U0/U3/TX_OUT_reg
  Impl DFF        Imp:/WORK/System_TOP/Domain_2_TOP_U1/UART_U0/U0/U3/TX_OUT_reg

  Ref  DFF        Ref:/WORK/System_TOP/Domain_2_TOP_U1/UART_U0/U0/U4/P_DATA_Hold_reg[0]
  Impl DFF        Imp:/WORK/System_TOP/Domain_2_TOP_U1/UART_U0/U0/U4/P_DATA_Hold_reg[0]

  Ref  DFF        Ref:/WORK/System_TOP/Domain_2_TOP_U1/UART_U0/U0/U4/P_DATA_Hold_reg[1]
  Impl DFF        Imp:/WORK/System_TOP/Domain_2_TOP_U1/UART_U0/U0/U4/P_DATA_Hold_reg[1]

  Ref  DFF        Ref:/WORK/System_TOP/Domain_2_TOP_U1/UART_U0/U0/U4/P_DATA_Hold_reg[2]
  Impl DFF        Imp:/WORK/System_TOP/Domain_2_TOP_U1/UART_U0/U0/U4/P_DATA_Hold_reg[2]

  Ref  DFF        Ref:/WORK/System_TOP/Domain_2_TOP_U1/UART_U0/U0/U4/P_DATA_Hold_reg[3]
  Impl DFF        Imp:/WORK/System_TOP/Domain_2_TOP_U1/UART_U0/U0/U4/P_DATA_Hold_reg[3]

  Ref  DFF        Ref:/WORK/System_TOP/Domain_2_TOP_U1/UART_U0/U0/U4/P_DATA_Hold_reg[4]
  Impl DFF        Imp:/WORK/System_TOP/Domain_2_TOP_U1/UART_U0/U0/U4/P_DATA_Hold_reg[4]

  Ref  DFF        Ref:/WORK/System_TOP/Domain_2_TOP_U1/UART_U0/U0/U4/P_DATA_Hold_reg[5]
  Impl DFF        Imp:/WORK/System_TOP/Domain_2_TOP_U1/UART_U0/U0/U4/P_DATA_Hold_reg[5]

  Ref  DFF        Ref:/WORK/System_TOP/Domain_2_TOP_U1/UART_U0/U0/U4/P_DATA_Hold_reg[6]
  Impl DFF        Imp:/WORK/System_TOP/Domain_2_TOP_U1/UART_U0/U0/U4/P_DATA_Hold_reg[6]

  Ref  DFF        Ref:/WORK/System_TOP/Domain_2_TOP_U1/UART_U0/U0/U4/P_DATA_Hold_reg[7]
  Impl DFF        Imp:/WORK/System_TOP/Domain_2_TOP_U1/UART_U0/U0/U4/P_DATA_Hold_reg[7]

  Ref  DFF        Ref:/WORK/System_TOP/Domain_2_TOP_U1/UART_U0/U0/U4/par_bit_reg
  Impl DFF        Imp:/WORK/System_TOP/Domain_2_TOP_U1/UART_U0/U0/U4/par_bit_reg

  Ref  DFF        Ref:/WORK/System_TOP/Domain_2_TOP_U1/UART_U0/U1/U1/cur_state_reg[0]
  Impl DFF        Imp:/WORK/System_TOP/Domain_2_TOP_U1/UART_U0/U1/U1/cur_state_reg[0]

  Ref  DFF        Ref:/WORK/System_TOP/Domain_2_TOP_U1/UART_U0/U1/U1/cur_state_reg[1]
  Impl DFF        Imp:/WORK/System_TOP/Domain_2_TOP_U1/UART_U0/U1/U1/cur_state_reg[1]

  Ref  DFF        Ref:/WORK/System_TOP/Domain_2_TOP_U1/UART_U0/U1/U1/cur_state_reg[2]
  Impl DFF        Imp:/WORK/System_TOP/Domain_2_TOP_U1/UART_U0/U1/U1/cur_state_reg[2]

  Ref  DFF        Ref:/WORK/System_TOP/Domain_2_TOP_U1/UART_U0/U1/U2/sample_1_reg
  Impl DFF        Imp:/WORK/System_TOP/Domain_2_TOP_U1/UART_U0/U1/U2/sample_1_reg

  Ref  DFF        Ref:/WORK/System_TOP/Domain_2_TOP_U1/UART_U0/U1/U2/sample_2_reg
  Impl DFF        Imp:/WORK/System_TOP/Domain_2_TOP_U1/UART_U0/U1/U2/sample_2_reg

  Ref  DFF        Ref:/WORK/System_TOP/Domain_2_TOP_U1/UART_U0/U1/U2/sample_3_reg
  Impl DFF        Imp:/WORK/System_TOP/Domain_2_TOP_U1/UART_U0/U1/U2/sample_3_reg

  Ref  DFF        Ref:/WORK/System_TOP/Domain_2_TOP_U1/UART_U0/U1/U2/sampled_data_reg
  Impl DFF        Imp:/WORK/System_TOP/Domain_2_TOP_U1/UART_U0/U1/U2/sampled_data_reg

  Ref  DFF        Ref:/WORK/System_TOP/Domain_2_TOP_U1/UART_U0/U1/U3/Counter_done_reg
  Impl DFF        Imp:/WORK/System_TOP/Domain_2_TOP_U1/UART_U0/U1/U3/Counter_done_reg

  Ref  DFF        Ref:/WORK/System_TOP/Domain_2_TOP_U1/UART_U0/U1/U3/Counter_reg[1]
  Impl DFF        Imp:/WORK/System_TOP/Domain_2_TOP_U1/UART_U0/U1/U3/Counter_reg[1]

  Ref  DFF        Ref:/WORK/System_TOP/Domain_2_TOP_U1/UART_U0/U1/U3/Counter_reg[2]
  Impl DFF        Imp:/WORK/System_TOP/Domain_2_TOP_U1/UART_U0/U1/U3/Counter_reg[2]

  Ref  DFF        Ref:/WORK/System_TOP/Domain_2_TOP_U1/UART_U0/U1/U3/Counter_reg[3]
  Impl DFF        Imp:/WORK/System_TOP/Domain_2_TOP_U1/UART_U0/U1/U3/Counter_reg[3]

  Ref  DFF        Ref:/WORK/System_TOP/Domain_2_TOP_U1/UART_U0/U1/U3/DATA_reg[0]
  Impl DFF        Imp:/WORK/System_TOP/Domain_2_TOP_U1/UART_U0/U1/U3/DATA_reg[0]

  Ref  DFF        Ref:/WORK/System_TOP/Domain_2_TOP_U1/UART_U0/U1/U3/DATA_reg[1]
  Impl DFF        Imp:/WORK/System_TOP/Domain_2_TOP_U1/UART_U0/U1/U3/DATA_reg[1]

  Ref  DFF        Ref:/WORK/System_TOP/Domain_2_TOP_U1/UART_U0/U1/U3/DATA_reg[2]
  Impl DFF        Imp:/WORK/System_TOP/Domain_2_TOP_U1/UART_U0/U1/U3/DATA_reg[2]

  Ref  DFF        Ref:/WORK/System_TOP/Domain_2_TOP_U1/UART_U0/U1/U3/DATA_reg[3]
  Impl DFF        Imp:/WORK/System_TOP/Domain_2_TOP_U1/UART_U0/U1/U3/DATA_reg[3]

  Ref  DFF        Ref:/WORK/System_TOP/Domain_2_TOP_U1/UART_U0/U1/U3/DATA_reg[4]
  Impl DFF        Imp:/WORK/System_TOP/Domain_2_TOP_U1/UART_U0/U1/U3/DATA_reg[4]

  Ref  DFF        Ref:/WORK/System_TOP/Domain_2_TOP_U1/UART_U0/U1/U3/DATA_reg[5]
  Impl DFF        Imp:/WORK/System_TOP/Domain_2_TOP_U1/UART_U0/U1/U3/DATA_reg[5]

  Ref  DFF        Ref:/WORK/System_TOP/Domain_2_TOP_U1/UART_U0/U1/U3/DATA_reg[6]
  Impl DFF        Imp:/WORK/System_TOP/Domain_2_TOP_U1/UART_U0/U1/U3/DATA_reg[6]

  Ref  DFF        Ref:/WORK/System_TOP/Domain_2_TOP_U1/UART_U0/U1/U3/DATA_reg[7]
  Impl DFF        Imp:/WORK/System_TOP/Domain_2_TOP_U1/UART_U0/U1/U3/DATA_reg[7]

  Ref  DFF        Ref:/WORK/System_TOP/Domain_2_TOP_U1/UART_U0/U1/U3/P_DATA_reg[0]
  Impl DFF        Imp:/WORK/System_TOP/Domain_2_TOP_U1/UART_U0/U1/U3/P_DATA_reg[0]

  Ref  DFF        Ref:/WORK/System_TOP/Domain_2_TOP_U1/UART_U0/U1/U3/P_DATA_reg[1]
  Impl DFF        Imp:/WORK/System_TOP/Domain_2_TOP_U1/UART_U0/U1/U3/P_DATA_reg[1]

  Ref  DFF        Ref:/WORK/System_TOP/Domain_2_TOP_U1/UART_U0/U1/U3/P_DATA_reg[2]
  Impl DFF        Imp:/WORK/System_TOP/Domain_2_TOP_U1/UART_U0/U1/U3/P_DATA_reg[2]

  Ref  DFF        Ref:/WORK/System_TOP/Domain_2_TOP_U1/UART_U0/U1/U3/P_DATA_reg[3]
  Impl DFF        Imp:/WORK/System_TOP/Domain_2_TOP_U1/UART_U0/U1/U3/P_DATA_reg[3]

  Ref  DFF        Ref:/WORK/System_TOP/Domain_2_TOP_U1/UART_U0/U1/U3/P_DATA_reg[4]
  Impl DFF        Imp:/WORK/System_TOP/Domain_2_TOP_U1/UART_U0/U1/U3/P_DATA_reg[4]

  Ref  DFF        Ref:/WORK/System_TOP/Domain_2_TOP_U1/UART_U0/U1/U3/P_DATA_reg[5]
  Impl DFF        Imp:/WORK/System_TOP/Domain_2_TOP_U1/UART_U0/U1/U3/P_DATA_reg[5]

  Ref  DFF        Ref:/WORK/System_TOP/Domain_2_TOP_U1/UART_U0/U1/U3/P_DATA_reg[6]
  Impl DFF        Imp:/WORK/System_TOP/Domain_2_TOP_U1/UART_U0/U1/U3/P_DATA_reg[6]

  Ref  DFF        Ref:/WORK/System_TOP/Domain_2_TOP_U1/UART_U0/U1/U3/P_DATA_reg[7]
  Impl DFF        Imp:/WORK/System_TOP/Domain_2_TOP_U1/UART_U0/U1/U3/P_DATA_reg[7]

  Ref  DFF        Ref:/WORK/System_TOP/Domain_2_TOP_U1/UART_U0/U1/U4/bit_cnt_reg[0]
  Impl DFF        Imp:/WORK/System_TOP/Domain_2_TOP_U1/UART_U0/U1/U4/bit_cnt_reg[0]

  Ref  DFF        Ref:/WORK/System_TOP/Domain_2_TOP_U1/UART_U0/U1/U4/bit_cnt_reg[1]
  Impl DFF        Imp:/WORK/System_TOP/Domain_2_TOP_U1/UART_U0/U1/U4/bit_cnt_reg[1]

  Ref  DFF        Ref:/WORK/System_TOP/Domain_2_TOP_U1/UART_U0/U1/U4/bit_cnt_reg[2]
  Impl DFF        Imp:/WORK/System_TOP/Domain_2_TOP_U1/UART_U0/U1/U4/bit_cnt_reg[2]

  Ref  DFF        Ref:/WORK/System_TOP/Domain_2_TOP_U1/UART_U0/U1/U4/bit_cnt_reg[3]
  Impl DFF        Imp:/WORK/System_TOP/Domain_2_TOP_U1/UART_U0/U1/U4/bit_cnt_reg[3]

  Ref  DFF        Ref:/WORK/System_TOP/Domain_2_TOP_U1/UART_U0/U1/U4/edge_cnt_done_reg
  Impl DFF        Imp:/WORK/System_TOP/Domain_2_TOP_U1/UART_U0/U1/U4/edge_cnt_done_reg

  Ref  DFF        Ref:/WORK/System_TOP/Domain_2_TOP_U1/UART_U0/U1/U4/edge_cnt_reg[0]
  Impl DFF        Imp:/WORK/System_TOP/Domain_2_TOP_U1/UART_U0/U1/U4/edge_cnt_reg[0]

  Ref  DFF        Ref:/WORK/System_TOP/Domain_2_TOP_U1/UART_U0/U1/U4/edge_cnt_reg[1]
  Impl DFF        Imp:/WORK/System_TOP/Domain_2_TOP_U1/UART_U0/U1/U4/edge_cnt_reg[1]

  Ref  DFF        Ref:/WORK/System_TOP/Domain_2_TOP_U1/UART_U0/U1/U4/edge_cnt_reg[2]
  Impl DFF        Imp:/WORK/System_TOP/Domain_2_TOP_U1/UART_U0/U1/U4/edge_cnt_reg[2]

  Ref  DFF        Ref:/WORK/System_TOP/Domain_2_TOP_U1/UART_U0/U1/U4/edge_cnt_reg[3]
  Impl DFF        Imp:/WORK/System_TOP/Domain_2_TOP_U1/UART_U0/U1/U4/edge_cnt_reg[3]

  Ref  DFF        Ref:/WORK/System_TOP/Domain_2_TOP_U1/UART_U0/U1/U4/edge_cnt_reg[4]
  Impl DFF        Imp:/WORK/System_TOP/Domain_2_TOP_U1/UART_U0/U1/U4/edge_cnt_reg[4]

  Ref  DFF        Ref:/WORK/System_TOP/RST_SYNC_U3/SYNC_RST_reg
  Impl DFF        Imp:/WORK/System_TOP/RST_SYNC_U3/SYNC_RST_reg

  Ref  DFF        Ref:/WORK/System_TOP/RST_SYNC_U3/stage_reg[0]
  Impl DFF        Imp:/WORK/System_TOP/RST_SYNC_U3/stage_reg[0]

  Ref  DFF        Ref:/WORK/System_TOP/RST_SYNC_U3/stage_reg[1]
  Impl DFF        Imp:/WORK/System_TOP/RST_SYNC_U3/stage_reg[1]

  Ref  DFF        Ref:/WORK/System_TOP/RST_SYNC_U4/SYNC_RST_reg
  Impl DFF        Imp:/WORK/System_TOP/RST_SYNC_U4/SYNC_RST_reg

  Ref  DFF        Ref:/WORK/System_TOP/RST_SYNC_U4/stage_reg[0]
  Impl DFF        Imp:/WORK/System_TOP/RST_SYNC_U4/stage_reg[0]

  Ref  DFF        Ref:/WORK/System_TOP/RST_SYNC_U4/stage_reg[1]
  Impl DFF        Imp:/WORK/System_TOP/RST_SYNC_U4/stage_reg[1]

  Ref  Port       Ref:/WORK/System_TOP/UART_TX_O
  Impl Port       Imp:/WORK/System_TOP/UART_TX_O

  Ref  Port       Ref:/WORK/System_TOP/framing_error
  Impl Port       Imp:/WORK/System_TOP/framing_error

  Ref  Port       Ref:/WORK/System_TOP/parity_error
  Impl Port       Imp:/WORK/System_TOP/parity_error

 [BBNet: multiply-driven net
  BBPin: black-box pin
  Cut:   cut-point
  DFF:   non-constant DFF register
  DFF0:  constant 0 DFF register
  DFF1:  constant 1 DFF register
  DFFX:  constant X DFF register
  DFF0X: constrained 0X DFF register
  DFF1X: constrained 1X DFF register
  LAT:   non-constant latch register
  LAT0:  constant 0 latch register
  LAT1:  constant 1 latch register
  LATX:  constant X latch register
  LAT0X: constrained 0X latch register
  LAT1X: constrained 1X latch register
  LATCG: clock-gating latch register
  TLA:   transparent latch register
  TLA0X: transparent constrained 0X latch register
  TLA1X: transparent constrained 1X latch register
  Loop:  cycle break point
  Port:  primary (top-level) port
  Und:   undriven signal cut-point
  Unk:   unknown signal cut-point]

1
