
################################################################################
#
# This file has been generated by SpyGlass:
#     Report Name      : moresimple
#     Report Created by: ICer
#     Report Created on:  Mon Sep 28 22:35:43 2026
#     Working Directory: /home/ICer/Project/System/lint
#     SpyGlass Version : SpyGlass_vL-2016.06
#     Policy Name      : SpyGlass(SpyGlass_vL-2016.06)
#                        clock-reset(SpyGlass_vL-2016.06)
#                        erc(SpyGlass_vL-2016.06)
#                        latch(SpyGlass_vL-2016.06)
#                        lint(SpyGlass_vL-2016.06)
#                        morelint(SpyGlass_vL-2016.06)
#                        openmore(SpyGlass_vL-2016.06)
#                        power_est(SpyGlass_vL-2016.06)
#                        simulation(SpyGlass_vL-2016.06)
#                        starc(SpyGlass_vL-2016.06)
#                        starc2005(SpyGlass_vL-2016.06)
#                        timing(SpyGlass_vL-2016.06)
#                        txv(SpyGlass_vL-2016.06)
#
#     Total Number of Generated Messages :          6
#     Number of Waived Messages          :          0
#     Number of Reported Messages        :          6
#     Number of Overlimit Messages       :          0
#
#
################################################################################

+++++++++++++++++++++++++++++++++++++++++++++++++++++++++++++++++++++++
MORESIMPLE REPORT:


############### BuiltIn -> RuleGroup=Design Read ###############
+++++++++++++++++++++++++++++++++++++++++++++++++++++++++++++++++++++++++++++++++++++++
ID       Rule                    Alias                   Severity    File                                                                     Line    Wt    Message
======================================================================================
[1]      DetectTopDesignUnits    DetectTopDesignUnits    Info        ../rtl/System_TOP.v                                                      1       2     Module System_TOP is a top level design unit
[0]      ElabSummary             ElabSummary             Info        ./spyglass-1/lint/lint_rtl/spyglass_reports/SpyGlass/elab_summary.rpt    0       2     Please refer file './spyglass-1/lint/lint_rtl/spyglass_reports/SpyGlass/elab_summary.rpt' for elab summary report
+++++++++++++++++++++++++++++++++++++++++++++++++++++++++++++++++++++++++++++++++++++++


############### Non-BuiltIn -> Goal=lint/lint_rtl ###############
+++++++++++++++++++++++++++++++++++++++++++++++++++++++++++++++++++++++++++++++++++++++
ID       Rule                Alias                 Severity    File                     Line    Wt    Message
======================================================================================
[A]      InferLatch          (OpenMORE 5.5.2.1)    Error       ../rtl/Clock_Gating.v    12      5     Latch inferred for signal 'Latch_Out' in module 'Clock_Gating'
[B]      STARC05-1.4.3.4     ClkSigToNonClkPin     Warning     ../rtl/ClkDiv.v          52      10    Clock signal 'System_TOP.Domain_2_TOP_U1.ClkDiv_U1_TX.div_clk' used as a non-clock (Used with name 'System_TOP.Domain_2_TOP_U1.ClkDiv_U1_TX.div_clk')
[C]      STARC05-1.4.3.4     ClkSigToNonClkPin     Warning     ../rtl/ClkDiv.v          52      10    Clock signal 'System_TOP.Domain_2_TOP_U1.ClkDiv_U2_RX.div_clk' used as a non-clock (Used with name 'System_TOP.Domain_2_TOP_U1.ClkDiv_U2_RX.div_clk')
[3]      STARC05-2.11.3.1    SepStateNextLogic     Warning     ../rtl/deserializer.v    21      10    Combinational and sequential parts of an FSM described in same always block
+++++++++++++++++++++++++++++++++++++++++++++++++++++++++++++++++++++++++++++++++++++++
