
                           Design Compiler Graphical 
                                 DC Ultra (TM)
                                  DFTMAX (TM)
                              Power Compiler (TM)
                                 DesignWare (R)
                                 DC Expert (TM)
                               Design Vision (TM)
                               HDL Compiler (TM)
                               VHDL Compiler (TM)
                                  DFT Compiler
                               Design Compiler(R)

               Version O-2018.06-SP1 for linux64 - Jul 19, 2018 

                    Copyright (c) 1988 - 2018 Synopsys, Inc.
   This software and the associated documentation are proprietary to Synopsys,
 Inc. This software may only be used in accordance with the terms and conditions
 of a written license agreement with Synopsys, Inc. All other use, reproduction,
            or distribution of this software is strictly prohibited.
Initializing...
Initializing gui preferences from file  /home/ICer/.synopsys_dv_prefs.tcl
########################### Define Top Module ############################
set top_module System_TOP
System_TOP
##################### SVF file ######################
set_svf System_TOP.svf
1
##################### Define Working Library Directory ######################
define_design_lib work -path ./work
1
################## Design Compiler Library Files setup ######################
lappend search_path ICer@IC_EDA /home/ICer/Project/System/std_cells
. /home/synopsys/syn/O-2018.06-SP1/libraries/syn /home/synopsys/syn/O-2018.06-SP1/minpower/syn /home/synopsys/syn/O-2018.06-SP1/dw/syn_ver /home/synopsys/syn/O-2018.06-SP1/dw/sim_ver ICer@IC_EDA /home/ICer/Project/System/std_cells
lappend search_path ICer@IC_EDA /home/ICer/Project/System/rtl
. /home/synopsys/syn/O-2018.06-SP1/libraries/syn /home/synopsys/syn/O-2018.06-SP1/minpower/syn /home/synopsys/syn/O-2018.06-SP1/dw/syn_ver /home/synopsys/syn/O-2018.06-SP1/dw/sim_ver ICer@IC_EDA /home/ICer/Project/System/std_cells ICer@IC_EDA /home/ICer/Project/System/rtl
set SSLIB "scmetro_tsmc_cl013g_rvt_ss_1p08v_125c.db"
scmetro_tsmc_cl013g_rvt_ss_1p08v_125c.db
set TTLIB "scmetro_tsmc_cl013g_rvt_tt_1p2v_25c.db"
scmetro_tsmc_cl013g_rvt_tt_1p2v_25c.db
set FFLIB "scmetro_tsmc_cl013g_rvt_ff_1p32v_m40c.db"
scmetro_tsmc_cl013g_rvt_ff_1p32v_m40c.db
## Standard Cell libraries 
set target_library [list $SSLIB $TTLIB $FFLIB]
scmetro_tsmc_cl013g_rvt_ss_1p08v_125c.db scmetro_tsmc_cl013g_rvt_tt_1p2v_25c.db scmetro_tsmc_cl013g_rvt_ff_1p32v_m40c.db
## Standard Cell & Hard Macros libraries 
set link_library [list * $SSLIB $TTLIB $FFLIB]  
* scmetro_tsmc_cl013g_rvt_ss_1p08v_125c.db scmetro_tsmc_cl013g_rvt_tt_1p2v_25c.db scmetro_tsmc_cl013g_rvt_ff_1p32v_m40c.db
#echo "###############################################"
#echo "############# Reading RTL Files  ##############"
#echo "###############################################"
#System files
read_file -format verilog ALU.v
Loading db file '/home/ICer/Project/System/std_cells/scmetro_tsmc_cl013g_rvt_ss_1p08v_125c.db'
Loading db file '/home/ICer/Project/System/std_cells/scmetro_tsmc_cl013g_rvt_tt_1p2v_25c.db'
Loading db file '/home/ICer/Project/System/std_cells/scmetro_tsmc_cl013g_rvt_ff_1p32v_m40c.db'
Loading db file '/home/synopsys/syn/O-2018.06-SP1/libraries/syn/gtech.db'
Loading db file '/home/synopsys/syn/O-2018.06-SP1/libraries/syn/standard.sldb'
  Loading link library 'scmetro_tsmc_cl013g_rvt_ss_1p08v_125c'
  Loading link library 'scmetro_tsmc_cl013g_rvt_tt_1p2v_25c'
  Loading link library 'scmetro_tsmc_cl013g_rvt_ff_1p32v_m40c'
  Loading link library 'gtech'
Loading verilog file '/home/ICer/Project/System/rtl/ALU.v'
Detecting input file type automatically (-rtl or -netlist).
Reading with Presto HDL Compiler (equivalent to -rtl option).
Running PRESTO HDLC
Compiling source file /home/ICer/Project/System/rtl/ALU.v

Statistics for case statements in always block at line 15 in file
	'/home/ICer/Project/System/rtl/ALU.v'
===============================================
|           Line           |  full/ parallel  |
===============================================
|            22            |    auto/auto     |
===============================================

Inferred memory devices in process
	in routine ALU line 62 in file
		'/home/ICer/Project/System/rtl/ALU.v'.
===============================================================================
|    Register Name    |   Type    | Width | Bus | MB | AR | AS | SR | SS | ST |
===============================================================================
|     ALU_OUT_reg     | Flip-flop |  16   |  Y  | N  | Y  | N  | N  | N  | N  |
|    OUT_VALID_reg    | Flip-flop |   1   |  N  | N  | Y  | N  | N  | N  | N  |
===============================================================================
Presto compilation completed successfully.
Current design is now '/home/ICer/Project/System/rtl/ALU.db:ALU'
Loaded 1 design.
Current design is 'ALU'.
ALU
read_file -format verilog ASYNC_FIFO.v
Loading verilog file '/home/ICer/Project/System/rtl/ASYNC_FIFO.v'
Detecting input file type automatically (-rtl or -netlist).
Reading with Presto HDL Compiler (equivalent to -rtl option).
Running PRESTO HDLC
Compiling source file /home/ICer/Project/System/rtl/ASYNC_FIFO.v
Presto compilation completed successfully.
Current design is now '/home/ICer/Project/System/rtl/ASYNC_FIFO.db:ASYNC_FIFO'
Loaded 1 design.
Current design is 'ASYNC_FIFO'.
ASYNC_FIFO
read_file -format verilog ClkDiv.v
Loading verilog file '/home/ICer/Project/System/rtl/ClkDiv.v'
Detecting input file type automatically (-rtl or -netlist).
Reading with Presto HDL Compiler (equivalent to -rtl option).
Running PRESTO HDLC
Compiling source file /home/ICer/Project/System/rtl/ClkDiv.v

Inferred memory devices in process
	in routine ClkDiv line 27 in file
		'/home/ICer/Project/System/rtl/ClkDiv.v'.
===============================================================================
|    Register Name    |   Type    | Width | Bus | MB | AR | AS | SR | SS | ST |
===============================================================================
|     div_clk_reg     | Flip-flop |   1   |  N  | N  | Y  | N  | N  | N  | N  |
|     counter_reg     | Flip-flop |   8   |  Y  | N  | Y  | N  | N  | N  | N  |
|      duty_reg       | Flip-flop |   1   |  N  | N  | Y  | N  | N  | N  | N  |
===============================================================================
Presto compilation completed successfully.
Current design is now '/home/ICer/Project/System/rtl/ClkDiv.db:ClkDiv'
Loaded 1 design.
Current design is 'ClkDiv'.
ClkDiv
read_file -format verilog Clock_Gating.v
Loading verilog file '/home/ICer/Project/System/rtl/Clock_Gating.v'
Detecting input file type automatically (-rtl or -netlist).
Running DC verilog reader
Performing 'read' command.
Compiling source file /home/ICer/Project/System/rtl/Clock_Gating.v
Reading with netlist reader (equivalent to -netlist option).
Verilog netlist reader completed successfully.
Current design is now '/home/ICer/Project/System/rtl/Clock_Gating.db:Clock_Gating'
Loaded 1 design.
Current design is 'Clock_Gating'.
Clock_Gating
read_file -format verilog data_sampling.v
Loading verilog file '/home/ICer/Project/System/rtl/data_sampling.v'
Detecting input file type automatically (-rtl or -netlist).
Reading with Presto HDL Compiler (equivalent to -rtl option).
Running PRESTO HDLC
Compiling source file /home/ICer/Project/System/rtl/data_sampling.v

Statistics for case statements in always block at line 16 in file
	'/home/ICer/Project/System/rtl/data_sampling.v'
===============================================
|           Line           |  full/ parallel  |
===============================================
|            29            |     no/auto      |
|            32            |     no/auto      |
|            53            |     no/auto      |
|            74            |     no/auto      |
===============================================

Inferred memory devices in process
	in routine data_sampling line 16 in file
		'/home/ICer/Project/System/rtl/data_sampling.v'.
===============================================================================
|    Register Name    |   Type    | Width | Bus | MB | AR | AS | SR | SS | ST |
===============================================================================
|    sample_2_reg     | Flip-flop |   1   |  N  | N  | Y  | N  | N  | N  | N  |
|    sample_1_reg     | Flip-flop |   1   |  N  | N  | Y  | N  | N  | N  | N  |
|    sample_3_reg     | Flip-flop |   1   |  N  | N  | Y  | N  | N  | N  | N  |
|  sampled_data_reg   | Flip-flop |   1   |  N  | N  | Y  | N  | N  | N  | N  |
===============================================================================
Presto compilation completed successfully.
Current design is now '/home/ICer/Project/System/rtl/data_sampling.db:data_sampling'
Loaded 1 design.
Current design is 'data_sampling'.
data_sampling
read_file -format verilog DATA_SYNC.v
Loading verilog file '/home/ICer/Project/System/rtl/DATA_SYNC.v'
Detecting input file type automatically (-rtl or -netlist).
Reading with Presto HDL Compiler (equivalent to -rtl option).
Running PRESTO HDLC
Compiling source file /home/ICer/Project/System/rtl/DATA_SYNC.v

Inferred memory devices in process
	in routine DATA_SYNC line 18 in file
		'/home/ICer/Project/System/rtl/DATA_SYNC.v'.
===============================================================================
|    Register Name    |   Type    | Width | Bus | MB | AR | AS | SR | SS | ST |
===============================================================================
|      stage_reg      | Flip-flop |   2   |  Y  | N  | Y  | N  | N  | N  | N  |
===============================================================================

Inferred memory devices in process
	in routine DATA_SYNC line 38 in file
		'/home/ICer/Project/System/rtl/DATA_SYNC.v'.
===============================================================================
|    Register Name    |   Type    | Width | Bus | MB | AR | AS | SR | SS | ST |
===============================================================================
|   enable_flop_reg   | Flip-flop |   1   |  N  | N  | Y  | N  | N  | N  | N  |
===============================================================================

Inferred memory devices in process
	in routine DATA_SYNC line 51 in file
		'/home/ICer/Project/System/rtl/DATA_SYNC.v'.
===============================================================================
|    Register Name    |   Type    | Width | Bus | MB | AR | AS | SR | SS | ST |
===============================================================================
|    sync_bus_reg     | Flip-flop |   8   |  Y  | N  | Y  | N  | N  | N  | N  |
===============================================================================

Inferred memory devices in process
	in routine DATA_SYNC line 60 in file
		'/home/ICer/Project/System/rtl/DATA_SYNC.v'.
===============================================================================
|    Register Name    |   Type    | Width | Bus | MB | AR | AS | SR | SS | ST |
===============================================================================
|  enable_pulse_reg   | Flip-flop |   1   |  N  | N  | Y  | N  | N  | N  | N  |
===============================================================================
Presto compilation completed successfully.
Current design is now '/home/ICer/Project/System/rtl/DATA_SYNC.db:DATA_SYNC'
Loaded 1 design.
Current design is 'DATA_SYNC'.
DATA_SYNC
read_file -format verilog deserializer.v
Loading verilog file '/home/ICer/Project/System/rtl/deserializer.v'
Detecting input file type automatically (-rtl or -netlist).
Reading with Presto HDL Compiler (equivalent to -rtl option).
Running PRESTO HDLC
Compiling source file /home/ICer/Project/System/rtl/deserializer.v

Inferred memory devices in process
	in routine desrializer line 10 in file
		'/home/ICer/Project/System/rtl/deserializer.v'.
===============================================================================
|    Register Name    |   Type    | Width | Bus | MB | AR | AS | SR | SS | ST |
===============================================================================
|      DATA_reg       | Flip-flop |   8   |  Y  | N  | Y  | N  | N  | N  | N  |
|     Counter_reg     | Flip-flop |   4   |  Y  | N  | Y  | N  | N  | N  | N  |
|  Counter_done_reg   | Flip-flop |   1   |  N  | N  | Y  | N  | N  | N  | N  |
===============================================================================

Inferred memory devices in process
	in routine desrializer line 39 in file
		'/home/ICer/Project/System/rtl/deserializer.v'.
===============================================================================
|    Register Name    |   Type    | Width | Bus | MB | AR | AS | SR | SS | ST |
===============================================================================
|     P_DATA_reg      | Flip-flop |   8   |  Y  | N  | Y  | N  | N  | N  | N  |
===============================================================================
Presto compilation completed successfully.
Current design is now '/home/ICer/Project/System/rtl/desrializer.db:desrializer'
Loaded 1 design.
Current design is 'desrializer'.
desrializer
read_file -format verilog DF_SYNC.v
Loading verilog file '/home/ICer/Project/System/rtl/DF_SYNC.v'
Detecting input file type automatically (-rtl or -netlist).
Reading with Presto HDL Compiler (equivalent to -rtl option).
Running PRESTO HDLC
Compiling source file /home/ICer/Project/System/rtl/DF_SYNC.v

Inferred memory devices in process
	in routine DF_SYNC line 10 in file
		'/home/ICer/Project/System/rtl/DF_SYNC.v'.
===============================================================================
|    Register Name    |   Type    | Width | Bus | MB | AR | AS | SR | SS | ST |
===============================================================================
|   wptr_sync1_reg    | Flip-flop |   4   |  Y  | N  | Y  | N  | N  | N  | N  |
|    wptr_sync_reg    | Flip-flop |   4   |  Y  | N  | Y  | N  | N  | N  | N  |
===============================================================================

Inferred memory devices in process
	in routine DF_SYNC line 23 in file
		'/home/ICer/Project/System/rtl/DF_SYNC.v'.
===============================================================================
|    Register Name    |   Type    | Width | Bus | MB | AR | AS | SR | SS | ST |
===============================================================================
|   rptr_sync1_reg    | Flip-flop |   4   |  Y  | N  | Y  | N  | N  | N  | N  |
|    rptr_sync_reg    | Flip-flop |   4   |  Y  | N  | Y  | N  | N  | N  | N  |
===============================================================================
Presto compilation completed successfully.
Current design is now '/home/ICer/Project/System/rtl/DF_SYNC.db:DF_SYNC'
Loaded 1 design.
Current design is 'DF_SYNC'.
DF_SYNC
read_file -format verilog Domain_1_TOP.v
Loading verilog file '/home/ICer/Project/System/rtl/Domain_1_TOP.v'
Detecting input file type automatically (-rtl or -netlist).
Reading with Presto HDL Compiler (equivalent to -rtl option).
Running PRESTO HDLC
Compiling source file /home/ICer/Project/System/rtl/Domain_1_TOP.v
Presto compilation completed successfully.
Current design is now '/home/ICer/Project/System/rtl/Domain_1_TOP.db:Domain_1_TOP'
Loaded 1 design.
Current design is 'Domain_1_TOP'.
Domain_1_TOP
read_file -format verilog Domain_2_TOP.v
Loading verilog file '/home/ICer/Project/System/rtl/Domain_2_TOP.v'
Detecting input file type automatically (-rtl or -netlist).
Reading with Presto HDL Compiler (equivalent to -rtl option).
Running PRESTO HDLC
Compiling source file /home/ICer/Project/System/rtl/Domain_2_TOP.v
Presto compilation completed successfully.
Current design is now '/home/ICer/Project/System/rtl/Domain_2_TOP.db:Domain_2_TOP'
Loaded 1 design.
Current design is 'Domain_2_TOP'.
Domain_2_TOP
read_file -format verilog edge_bit_counter.v
Loading verilog file '/home/ICer/Project/System/rtl/edge_bit_counter.v'
Detecting input file type automatically (-rtl or -netlist).
Reading with Presto HDL Compiler (equivalent to -rtl option).
Running PRESTO HDLC
Compiling source file /home/ICer/Project/System/rtl/edge_bit_counter.v

Inferred memory devices in process
	in routine edge_bit_counter line 11 in file
		'/home/ICer/Project/System/rtl/edge_bit_counter.v'.
===============================================================================
|    Register Name    |   Type    | Width | Bus | MB | AR | AS | SR | SS | ST |
===============================================================================
|     bit_cnt_reg     | Flip-flop |   4   |  Y  | N  | Y  | N  | N  | N  | N  |
===============================================================================

Inferred memory devices in process
	in routine edge_bit_counter line 37 in file
		'/home/ICer/Project/System/rtl/edge_bit_counter.v'.
===============================================================================
|    Register Name    |   Type    | Width | Bus | MB | AR | AS | SR | SS | ST |
===============================================================================
|  edge_cnt_done_reg  | Flip-flop |   1   |  N  | N  | Y  | N  | N  | N  | N  |
|    edge_cnt_reg     | Flip-flop |   5   |  Y  | N  | Y  | N  | N  | N  | N  |
===============================================================================
Presto compilation completed successfully.
Current design is now '/home/ICer/Project/System/rtl/edge_bit_counter.db:edge_bit_counter'
Loaded 1 design.
Current design is 'edge_bit_counter'.
edge_bit_counter
read_file -format verilog FIFO_MEM_CNTRL.v
Loading verilog file '/home/ICer/Project/System/rtl/FIFO_MEM_CNTRL.v'
Detecting input file type automatically (-rtl or -netlist).
Reading with Presto HDL Compiler (equivalent to -rtl option).
Running PRESTO HDLC
Compiling source file /home/ICer/Project/System/rtl/FIFO_MEM_CNTRL.v

Inferred memory devices in process
	in routine FIFO_MEM_CNTRL line 20 in file
		'/home/ICer/Project/System/rtl/FIFO_MEM_CNTRL.v'.
===============================================================================
|    Register Name    |   Type    | Width | Bus | MB | AR | AS | SR | SS | ST |
===============================================================================
|    FIFO_MEM_reg     | Flip-flop |  64   |  Y  | N  | Y  | N  | N  | N  | N  |
===============================================================================

Inferred memory devices in process
	in routine FIFO_MEM_CNTRL line 39 in file
		'/home/ICer/Project/System/rtl/FIFO_MEM_CNTRL.v'.
===============================================================================
|    Register Name    |   Type    | Width | Bus | MB | AR | AS | SR | SS | ST |
===============================================================================
|     RD_DATA_reg     | Flip-flop |   8   |  Y  | N  | Y  | N  | N  | N  | N  |
===============================================================================
Statistics for MUX_OPs
=======================================================
| block name/line   | Inputs | Outputs | # sel inputs |
=======================================================
| FIFO_MEM_CNTRL/45 |   8    |    8    |      3       |
=======================================================
Presto compilation completed successfully.
Current design is now '/home/ICer/Project/System/rtl/FIFO_MEM_CNTRL.db:FIFO_MEM_CNTRL'
Loaded 1 design.
Current design is 'FIFO_MEM_CNTRL'.
FIFO_MEM_CNTRL
read_file -format verilog FIFO_RD.v
Loading verilog file '/home/ICer/Project/System/rtl/FIFO_RD.v'
Detecting input file type automatically (-rtl or -netlist).
Reading with Presto HDL Compiler (equivalent to -rtl option).
Running PRESTO HDLC
Compiling source file /home/ICer/Project/System/rtl/FIFO_RD.v
Warning:  /home/ICer/Project/System/rtl/FIFO_RD.v:39: DEFAULT branch of CASE statement cannot be reached. (ELAB-311)

Statistics for case statements in always block at line 31 in file
	'/home/ICer/Project/System/rtl/FIFO_RD.v'
===============================================
|           Line           |  full/ parallel  |
===============================================
|            39            |    auto/auto     |
===============================================

Inferred memory devices in process
	in routine FIFO_RD line 17 in file
		'/home/ICer/Project/System/rtl/FIFO_RD.v'.
===============================================================================
|    Register Name    |   Type    | Width | Bus | MB | AR | AS | SR | SS | ST |
===============================================================================
|     rptr_bi_reg     | Flip-flop |   4   |  Y  | N  | Y  | N  | N  | N  | N  |
===============================================================================

Inferred memory devices in process
	in routine FIFO_RD line 31 in file
		'/home/ICer/Project/System/rtl/FIFO_RD.v'.
===============================================================================
|    Register Name    |   Type    | Width | Bus | MB | AR | AS | SR | SS | ST |
===============================================================================
|      rptr_reg       | Flip-flop |   4   |  Y  | N  | Y  | N  | N  | N  | N  |
===============================================================================
Presto compilation completed successfully.
Current design is now '/home/ICer/Project/System/rtl/FIFO_RD.db:FIFO_RD'
Loaded 1 design.
Current design is 'FIFO_RD'.
FIFO_RD
read_file -format verilog FIFO_WR.v
Loading verilog file '/home/ICer/Project/System/rtl/FIFO_WR.v'
Detecting input file type automatically (-rtl or -netlist).
Reading with Presto HDL Compiler (equivalent to -rtl option).
Running PRESTO HDLC
Compiling source file /home/ICer/Project/System/rtl/FIFO_WR.v
Warning:  /home/ICer/Project/System/rtl/FIFO_WR.v:36: DEFAULT branch of CASE statement cannot be reached. (ELAB-311)

Statistics for case statements in always block at line 29 in file
	'/home/ICer/Project/System/rtl/FIFO_WR.v'
===============================================
|           Line           |  full/ parallel  |
===============================================
|            36            |    auto/auto     |
===============================================

Inferred memory devices in process
	in routine FIFO_WR line 15 in file
		'/home/ICer/Project/System/rtl/FIFO_WR.v'.
===============================================================================
|    Register Name    |   Type    | Width | Bus | MB | AR | AS | SR | SS | ST |
===============================================================================
|     wptr_bi_reg     | Flip-flop |   4   |  Y  | N  | Y  | N  | N  | N  | N  |
===============================================================================

Inferred memory devices in process
	in routine FIFO_WR line 29 in file
		'/home/ICer/Project/System/rtl/FIFO_WR.v'.
===============================================================================
|    Register Name    |   Type    | Width | Bus | MB | AR | AS | SR | SS | ST |
===============================================================================
|      wptr_reg       | Flip-flop |   4   |  Y  | N  | Y  | N  | N  | N  | N  |
===============================================================================
Presto compilation completed successfully.
Current design is now '/home/ICer/Project/System/rtl/FIFO_WR.db:FIFO_WR'
Loaded 1 design.
Current design is 'FIFO_WR'.
FIFO_WR
read_file -format verilog FSM_RX.v
Loading verilog file '/home/ICer/Project/System/rtl/FSM_RX.v'
Detecting input file type automatically (-rtl or -netlist).
Reading with Presto HDL Compiler (equivalent to -rtl option).
Running PRESTO HDLC
Compiling source file /home/ICer/Project/System/rtl/FSM_RX.v

Statistics for case statements in always block at line 16 in file
	'/home/ICer/Project/System/rtl/FSM_RX.v'
===============================================
|           Line           |  full/ parallel  |
===============================================
|            26            |    auto/auto     |
===============================================

Inferred memory devices in process
	in routine FSM_RX line 168 in file
		'/home/ICer/Project/System/rtl/FSM_RX.v'.
===============================================================================
|    Register Name    |   Type    | Width | Bus | MB | AR | AS | SR | SS | ST |
===============================================================================
|    cur_state_reg    | Flip-flop |   3   |  Y  | N  | Y  | N  | N  | N  | N  |
===============================================================================
Presto compilation completed successfully.
Current design is now '/home/ICer/Project/System/rtl/FSM_RX.db:FSM_RX'
Loaded 1 design.
Current design is 'FSM_RX'.
FSM_RX
read_file -format verilog FSM_TX.v
Loading verilog file '/home/ICer/Project/System/rtl/FSM_TX.v'
Detecting input file type automatically (-rtl or -netlist).
Reading with Presto HDL Compiler (equivalent to -rtl option).
Running PRESTO HDLC
Compiling source file /home/ICer/Project/System/rtl/FSM_TX.v

Statistics for case statements in always block at line 15 in file
	'/home/ICer/Project/System/rtl/FSM_TX.v'
===============================================
|           Line           |  full/ parallel  |
===============================================
|            21            |    auto/auto     |
|            49            |    auto/auto     |
===============================================

Inferred memory devices in process
	in routine FSM_TX line 89 in file
		'/home/ICer/Project/System/rtl/FSM_TX.v'.
===============================================================================
|    Register Name    |   Type    | Width | Bus | MB | AR | AS | SR | SS | ST |
===============================================================================
|    cur_state_reg    | Flip-flop |   3   |  Y  | N  | Y  | N  | N  | N  | N  |
===============================================================================
Presto compilation completed successfully.
Current design is now '/home/ICer/Project/System/rtl/FSM_TX.db:FSM_TX'
Loaded 1 design.
Current design is 'FSM_TX'.
FSM_TX
read_file -format verilog MUX_TX.v
Loading verilog file '/home/ICer/Project/System/rtl/MUX_TX.v'
Detecting input file type automatically (-rtl or -netlist).
Reading with Presto HDL Compiler (equivalent to -rtl option).
Running PRESTO HDLC
Compiling source file /home/ICer/Project/System/rtl/MUX_TX.v

Statistics for case statements in always block at line 8 in file
	'/home/ICer/Project/System/rtl/MUX_TX.v'
===============================================
|           Line           |  full/ parallel  |
===============================================
|            11            |    auto/auto     |
===============================================

Inferred memory devices in process
	in routine MUX_TX line 26 in file
		'/home/ICer/Project/System/rtl/MUX_TX.v'.
===============================================================================
|    Register Name    |   Type    | Width | Bus | MB | AR | AS | SR | SS | ST |
===============================================================================
|     TX_OUT_reg      | Flip-flop |   1   |  N  | N  | N  | Y  | N  | N  | N  |
===============================================================================
Presto compilation completed successfully.
Current design is now '/home/ICer/Project/System/rtl/MUX_TX.db:MUX_TX'
Loaded 1 design.
Current design is 'MUX_TX'.
MUX_TX
read_file -format verilog Parity_Calc_TX.v
Loading verilog file '/home/ICer/Project/System/rtl/Parity_Calc_TX.v'
Detecting input file type automatically (-rtl or -netlist).
Reading with Presto HDL Compiler (equivalent to -rtl option).
Running PRESTO HDLC
Compiling source file /home/ICer/Project/System/rtl/Parity_Calc_TX.v

Inferred memory devices in process
	in routine Parity_Calc_TX line 12 in file
		'/home/ICer/Project/System/rtl/Parity_Calc_TX.v'.
===============================================================================
|    Register Name    |   Type    | Width | Bus | MB | AR | AS | SR | SS | ST |
===============================================================================
|   P_DATA_Hold_reg   | Flip-flop |   8   |  Y  | N  | Y  | N  | N  | N  | N  |
|     par_bit_reg     | Flip-flop |   1   |  N  | N  | Y  | N  | N  | N  | N  |
===============================================================================
Presto compilation completed successfully.
Current design is now '/home/ICer/Project/System/rtl/Parity_Calc_TX.db:Parity_Calc_TX'
Loaded 1 design.
Current design is 'Parity_Calc_TX'.
Parity_Calc_TX
read_file -format verilog Parity_Checker_RX.v
Loading verilog file '/home/ICer/Project/System/rtl/Parity_Checker_RX.v'
Detecting input file type automatically (-rtl or -netlist).
Reading with Presto HDL Compiler (equivalent to -rtl option).
Running PRESTO HDLC
Compiling source file /home/ICer/Project/System/rtl/Parity_Checker_RX.v
Presto compilation completed successfully.
Current design is now '/home/ICer/Project/System/rtl/Parity_Checker.db:Parity_Checker'
Loaded 1 design.
Current design is 'Parity_Checker'.
Parity_Checker
read_file -format verilog prescale_MUX.v
Loading verilog file '/home/ICer/Project/System/rtl/prescale_MUX.v'
Detecting input file type automatically (-rtl or -netlist).
Reading with Presto HDL Compiler (equivalent to -rtl option).
Running PRESTO HDLC
Compiling source file /home/ICer/Project/System/rtl/prescale_MUX.v

Statistics for case statements in always block at line 5 in file
	'/home/ICer/Project/System/rtl/prescale_MUX.v'
===============================================
|           Line           |  full/ parallel  |
===============================================
|            7             |    auto/auto     |
===============================================
Presto compilation completed successfully.
Current design is now '/home/ICer/Project/System/rtl/prescale_MUX.db:prescale_MUX'
Loaded 1 design.
Current design is 'prescale_MUX'.
prescale_MUX
read_file -format verilog PULSE_GEN.v
Loading verilog file '/home/ICer/Project/System/rtl/PULSE_GEN.v'
Detecting input file type automatically (-rtl or -netlist).
Reading with Presto HDL Compiler (equivalent to -rtl option).
Running PRESTO HDLC
Compiling source file /home/ICer/Project/System/rtl/PULSE_GEN.v

Inferred memory devices in process
	in routine PULSE_GEN line 11 in file
		'/home/ICer/Project/System/rtl/PULSE_GEN.v'.
===============================================================================
|    Register Name    |   Type    | Width | Bus | MB | AR | AS | SR | SS | ST |
===============================================================================
|   LVL_SIG_OLD_reg   | Flip-flop |   1   |  N  | N  | Y  | N  | N  | N  | N  |
===============================================================================

Inferred memory devices in process
	in routine PULSE_GEN line 22 in file
		'/home/ICer/Project/System/rtl/PULSE_GEN.v'.
===============================================================================
|    Register Name    |   Type    | Width | Bus | MB | AR | AS | SR | SS | ST |
===============================================================================
|    PULSE_SIG_reg    | Flip-flop |   1   |  N  | N  | Y  | N  | N  | N  | N  |
===============================================================================
Presto compilation completed successfully.
Current design is now '/home/ICer/Project/System/rtl/PULSE_GEN.db:PULSE_GEN'
Loaded 1 design.
Current design is 'PULSE_GEN'.
PULSE_GEN
read_file -format verilog RegFile.v
Loading verilog file '/home/ICer/Project/System/rtl/RegFile.v'
Detecting input file type automatically (-rtl or -netlist).
Reading with Presto HDL Compiler (equivalent to -rtl option).
Running PRESTO HDLC
Compiling source file /home/ICer/Project/System/rtl/RegFile.v

Inferred memory devices in process
	in routine RegFile line 26 in file
		'/home/ICer/Project/System/rtl/RegFile.v'.
===============================================================================
|    Register Name    |   Type    | Width | Bus | MB | AR | AS | SR | SS | ST |
===============================================================================
|     RdData_reg      | Flip-flop |   8   |  Y  | N  | Y  | N  | N  | N  | N  |
|     regArr_reg      | Flip-flop |  126  |  Y  | N  | Y  | N  | N  | N  | N  |
|     regArr_reg      | Flip-flop |   2   |  Y  | N  | N  | Y  | N  | N  | N  |
|  RdData_Valid_reg   | Flip-flop |   1   |  N  | N  | Y  | N  | N  | N  | N  |
===============================================================================
Statistics for MUX_OPs
======================================================
| block name/line  | Inputs | Outputs | # sel inputs |
======================================================
|    RegFile/48    |   16   |    8    |      4       |
======================================================
Presto compilation completed successfully.
Current design is now '/home/ICer/Project/System/rtl/RegFile.db:RegFile'
Loaded 1 design.
Current design is 'RegFile'.
RegFile
read_file -format verilog RST_SYNC.v
Loading verilog file '/home/ICer/Project/System/rtl/RST_SYNC.v'
Detecting input file type automatically (-rtl or -netlist).
Reading with Presto HDL Compiler (equivalent to -rtl option).
Running PRESTO HDLC
Compiling source file /home/ICer/Project/System/rtl/RST_SYNC.v

Inferred memory devices in process
	in routine RST_SYNC line 11 in file
		'/home/ICer/Project/System/rtl/RST_SYNC.v'.
===============================================================================
|    Register Name    |   Type    | Width | Bus | MB | AR | AS | SR | SS | ST |
===============================================================================
|      stage_reg      | Flip-flop |   2   |  Y  | N  | Y  | N  | N  | N  | N  |
|    SYNC_RST_reg     | Flip-flop |   1   |  N  | N  | Y  | N  | N  | N  | N  |
===============================================================================
Presto compilation completed successfully.
Current design is now '/home/ICer/Project/System/rtl/RST_SYNC.db:RST_SYNC'
Loaded 1 design.
Current design is 'RST_SYNC'.
RST_SYNC
read_file -format verilog serializer_TX.v
Loading verilog file '/home/ICer/Project/System/rtl/serializer_TX.v'
Detecting input file type automatically (-rtl or -netlist).
Reading with Presto HDL Compiler (equivalent to -rtl option).
Running PRESTO HDLC
Compiling source file /home/ICer/Project/System/rtl/serializer_TX.v

Inferred memory devices in process
	in routine serializer_TX line 12 in file
		'/home/ICer/Project/System/rtl/serializer_TX.v'.
===============================================================================
|    Register Name    |   Type    | Width | Bus | MB | AR | AS | SR | SS | ST |
===============================================================================
|     Counter_reg     | Flip-flop |   4   |  Y  | N  | Y  | N  | N  | N  | N  |
|    ser_done_reg     | Flip-flop |   1   |  N  | N  | Y  | N  | N  | N  | N  |
|  Counter_Done_reg   | Flip-flop |   1   |  N  | N  | Y  | N  | N  | N  | N  |
===============================================================================

Inferred memory devices in process
	in routine serializer_TX line 41 in file
		'/home/ICer/Project/System/rtl/serializer_TX.v'.
===============================================================================
|    Register Name    |   Type    | Width | Bus | MB | AR | AS | SR | SS | ST |
===============================================================================
|   P_DATA_Hold_reg   | Flip-flop |   8   |  Y  | N  | Y  | N  | N  | N  | N  |
|    ser_data_reg     | Flip-flop |   1   |  N  | N  | Y  | N  | N  | N  | N  |
===============================================================================
Presto compilation completed successfully.
Current design is now '/home/ICer/Project/System/rtl/serializer_TX.db:serializer_TX'
Loaded 1 design.
Current design is 'serializer_TX'.
serializer_TX
read_file -format verilog Start_Checker.v
Loading verilog file '/home/ICer/Project/System/rtl/Start_Checker.v'
Detecting input file type automatically (-rtl or -netlist).
Reading with Presto HDL Compiler (equivalent to -rtl option).
Running PRESTO HDLC
Compiling source file /home/ICer/Project/System/rtl/Start_Checker.v
Presto compilation completed successfully.
Current design is now '/home/ICer/Project/System/rtl/Start_Checker.db:Start_Checker'
Loaded 1 design.
Current design is 'Start_Checker'.
Start_Checker
read_file -format verilog Stop_Checker_RX.v
Loading verilog file '/home/ICer/Project/System/rtl/Stop_Checker_RX.v'
Detecting input file type automatically (-rtl or -netlist).
Reading with Presto HDL Compiler (equivalent to -rtl option).
Running PRESTO HDLC
Compiling source file /home/ICer/Project/System/rtl/Stop_Checker_RX.v
Presto compilation completed successfully.
Current design is now '/home/ICer/Project/System/rtl/Stop_Checker_RX.db:Stop_Checker_RX'
Loaded 1 design.
Current design is 'Stop_Checker_RX'.
Stop_Checker_RX
read_file -format verilog System_TOP.v
Loading verilog file '/home/ICer/Project/System/rtl/System_TOP.v'
Detecting input file type automatically (-rtl or -netlist).
Reading with Presto HDL Compiler (equivalent to -rtl option).
Running PRESTO HDLC
Compiling source file /home/ICer/Project/System/rtl/System_TOP.v
Presto compilation completed successfully.
Current design is now '/home/ICer/Project/System/rtl/System_TOP.db:System_TOP'
Loaded 1 design.
Current design is 'System_TOP'.
System_TOP
read_file -format verilog SYS_CTRL.v
Loading verilog file '/home/ICer/Project/System/rtl/SYS_CTRL.v'
Detecting input file type automatically (-rtl or -netlist).
Reading with Presto HDL Compiler (equivalent to -rtl option).
Running PRESTO HDLC
Compiling source file /home/ICer/Project/System/rtl/SYS_CTRL.v

Statistics for case statements in always block at line 49 in file
	'/home/ICer/Project/System/rtl/SYS_CTRL.v'
===============================================
|           Line           |  full/ parallel  |
===============================================
|            61            |    auto/auto     |
|            66            |    auto/auto     |
===============================================

Inferred memory devices in process
	in routine SYS_CTRL line 275 in file
		'/home/ICer/Project/System/rtl/SYS_CTRL.v'.
===============================================================================
|    Register Name    |   Type    | Width | Bus | MB | AR | AS | SR | SS | ST |
===============================================================================
|   wr_addr_reg_reg   | Flip-flop |   4   |  Y  | N  | Y  | N  | N  | N  | N  |
|   wr_data_reg_reg   | Flip-flop |   8   |  Y  | N  | Y  | N  | N  | N  | N  |
===============================================================================

Inferred memory devices in process
	in routine SYS_CTRL line 287 in file
		'/home/ICer/Project/System/rtl/SYS_CTRL.v'.
===============================================================================
|    Register Name    |   Type    | Width | Bus | MB | AR | AS | SR | SS | ST |
===============================================================================
|     opA_reg_reg     | Flip-flop |   8   |  Y  | N  | Y  | N  | N  | N  | N  |
|     opB_reg_reg     | Flip-flop |   8   |  Y  | N  | Y  | N  | N  | N  | N  |
|   alu_fun_reg_reg   | Flip-flop |   4   |  Y  | N  | Y  | N  | N  | N  | N  |
===============================================================================

Inferred memory devices in process
	in routine SYS_CTRL line 301 in file
		'/home/ICer/Project/System/rtl/SYS_CTRL.v'.
===============================================================================
|    Register Name    |   Type    | Width | Bus | MB | AR | AS | SR | SS | ST |
===============================================================================
|    cur_state_reg    | Flip-flop |   5   |  Y  | N  | Y  | N  | N  | N  | N  |
===============================================================================
Presto compilation completed successfully.
Current design is now '/home/ICer/Project/System/rtl/SYS_CTRL.db:SYS_CTRL'
Loaded 1 design.
Current design is 'SYS_CTRL'.
SYS_CTRL
read_file -format verilog TOP_RX.v
Loading verilog file '/home/ICer/Project/System/rtl/TOP_RX.v'
Detecting input file type automatically (-rtl or -netlist).
Running DC verilog reader
Performing 'read' command.
Compiling source file /home/ICer/Project/System/rtl/TOP_RX.v
Reading with netlist reader (equivalent to -netlist option).
Verilog netlist reader completed successfully.
Current design is now '/home/ICer/Project/System/rtl/TOP_RX.db:TOP_RX'
Loaded 1 design.
Current design is 'TOP_RX'.
TOP_RX
read_file -format verilog TOP_TX.v
Loading verilog file '/home/ICer/Project/System/rtl/TOP_TX.v'
Detecting input file type automatically (-rtl or -netlist).
Running DC verilog reader
Performing 'read' command.
Compiling source file /home/ICer/Project/System/rtl/TOP_TX.v
Reading with netlist reader (equivalent to -netlist option).
Verilog netlist reader completed successfully.
Current design is now '/home/ICer/Project/System/rtl/Top_TX.db:Top_TX'
Loaded 1 design.
Current design is 'Top_TX'.
Top_TX
read_file -format verilog UART_TOP.v
Loading verilog file '/home/ICer/Project/System/rtl/UART_TOP.v'
Detecting input file type automatically (-rtl or -netlist).
Running DC verilog reader
Performing 'read' command.
Compiling source file /home/ICer/Project/System/rtl/UART_TOP.v
Reading with netlist reader (equivalent to -netlist option).
Verilog netlist reader completed successfully.
Current design is now '/home/ICer/Project/System/rtl/UART_TOP.db:UART_TOP'
Loaded 1 design.
Current design is 'UART_TOP'.
UART_TOP
###################### Defining toplevel ###################################
current_design $top_module
Current design is 'System_TOP'.
{System_TOP}
#################### Liniking All The Design Parts #########################
puts "###############################################"
###############################################
puts "######## Liniking All The Design Parts ########"
######## Liniking All The Design Parts ########
puts "###############################################"
###############################################
link 

  Linking design 'System_TOP'
  Using the following designs and libraries:
  --------------------------------------------------------------------------
  * (31 designs)              /home/ICer/Project/System/rtl/System_TOP.db, etc
  scmetro_tsmc_cl013g_rvt_ss_1p08v_125c (library) /home/ICer/Project/System/std_cells/scmetro_tsmc_cl013g_rvt_ss_1p08v_125c.db
  scmetro_tsmc_cl013g_rvt_tt_1p2v_25c (library) /home/ICer/Project/System/std_cells/scmetro_tsmc_cl013g_rvt_tt_1p2v_25c.db
  scmetro_tsmc_cl013g_rvt_ff_1p32v_m40c (library) /home/ICer/Project/System/std_cells/scmetro_tsmc_cl013g_rvt_ff_1p32v_m40c.db

1
#################### Liniking All The Design Parts #########################
puts "###############################################"
###############################################
puts "######## checking design consistency ##########"
######## checking design consistency ##########
puts "###############################################"
###############################################
check_design
 
****************************************
check_design summary:
Version:     O-2018.06-SP1
Date:        Wed Oct  7 00:45:37 2026
****************************************

                   Name                                            Total
--------------------------------------------------------------------------------
Inputs/Outputs                                                     10
    Shorted outputs (LINT-31)                                       5
    Constant outputs (LINT-52)                                      5

Cells                                                              17
    Cells do not drive (LINT-1)                                    15
    Connected to power or ground (LINT-32)                          2
--------------------------------------------------------------------------------

Warning: In design 'ALU', cell 'C341' does not drive any nets. (LINT-1)
Warning: In design 'ALU', cell 'C342' does not drive any nets. (LINT-1)
Warning: In design 'ALU', cell 'C343' does not drive any nets. (LINT-1)
Warning: In design 'ALU', cell 'C344' does not drive any nets. (LINT-1)
Warning: In design 'ALU', cell 'C369' does not drive any nets. (LINT-1)
Warning: In design 'ALU', cell 'C371' does not drive any nets. (LINT-1)
Warning: In design 'ALU', cell 'C373' does not drive any nets. (LINT-1)
Warning: In design 'ClkDiv', cell 'B_7' does not drive any nets. (LINT-1)
Warning: In design 'ClkDiv', cell 'C159' does not drive any nets. (LINT-1)
Warning: In design 'FIFO_WR', cell 'C197' does not drive any nets. (LINT-1)
Warning: In design 'FIFO_RD', cell 'C191' does not drive any nets. (LINT-1)
Warning: In design 'serializer_TX', cell 'C160' does not drive any nets. (LINT-1)
Warning: In design 'desrializer', cell 'C139' does not drive any nets. (LINT-1)
Warning: In design 'edge_bit_counter', cell 'C123' does not drive any nets. (LINT-1)
Warning: In design 'edge_bit_counter', cell 'C132' does not drive any nets. (LINT-1)
Warning: In design 'prescale_MUX', output port 'div_ratio_RX[7]' is connected directly to output port 'div_ratio_RX[3]'. (LINT-31)
Warning: In design 'prescale_MUX', output port 'div_ratio_RX[7]' is connected directly to output port 'div_ratio_RX[4]'. (LINT-31)
Warning: In design 'prescale_MUX', output port 'div_ratio_RX[7]' is connected directly to output port 'div_ratio_RX[5]'. (LINT-31)
Warning: In design 'prescale_MUX', output port 'div_ratio_RX[7]' is connected directly to output port 'div_ratio_RX[6]'. (LINT-31)
Warning: In design 'FSM_RX', output port 'enable' is connected directly to output port 'data_sample_en'. (LINT-31)
Warning: In design 'Domain_2_TOP', a pin on submodule 'ClkDiv_U1_TX' is connected to logic 1 or logic 0. (LINT-32)
   Pin 'i_clk_en' is connected to logic 1. 
Warning: In design 'Domain_2_TOP', a pin on submodule 'ClkDiv_U2_RX' is connected to logic 1 or logic 0. (LINT-32)
   Pin 'i_clk_en' is connected to logic 1. 
Warning: In design 'prescale_MUX', output port 'div_ratio_RX[7]' is connected directly to 'logic 0'. (LINT-52)
Warning: In design 'prescale_MUX', output port 'div_ratio_RX[6]' is connected directly to 'logic 0'. (LINT-52)
Warning: In design 'prescale_MUX', output port 'div_ratio_RX[5]' is connected directly to 'logic 0'. (LINT-52)
Warning: In design 'prescale_MUX', output port 'div_ratio_RX[4]' is connected directly to 'logic 0'. (LINT-52)
Warning: In design 'prescale_MUX', output port 'div_ratio_RX[3]' is connected directly to 'logic 0'. (LINT-52)
1
############################### Path groups ################################
puts "###############################################"
###############################################
puts "################ Path groups ##################"
################ Path groups ##################
puts "###############################################"
###############################################
group_path -name INREG -from [all_inputs]
1
group_path -name REGOUT -to [all_outputs]
1
group_path -name INOUT -from [all_inputs] -to [all_outputs]
1
#################### Define Design Constraints #########################
puts "###############################################"
###############################################
puts "############ Design Constraints #### ##########"
############ Design Constraints #### ##########
puts "###############################################"
###############################################
source -echo ./cons.tcl
# Constraints
# ----------------------------------------------------------------------------
#
# 1. Master Clock Definitions
#
# 2. Generated Clock Definitions
#
# 3. Clock Uncertainties
#
# 4. Clock Latencies 
#
# 5. Clock Relationships
#
# 6. set input/output delay on ports
#
# 7. Driving cells
#
# 8. Output load
####################################################################################
#########################################################
#### Section 0 : DC Variables ####
#########################################################
#################################################################################### 
# Prevent assign statements in the generated netlist (must be applied before compile command)
set_fix_multiple_port_nets -all -buffer_constants -feedthroughs
####################################################################################
#########################################################
#### Section 1 : Clock Definition ####
#########################################################
#################################################################################### 
# 1. Master Clock Definitions 
# 2. Generated Clock Definitions
# 3. Clock Latencies
# 4. Clock Uncertainties
# 4. Clock Transitions
####################################################################################
##################################### UART_CLK ##############################################
set CLK_NAME_UART UART_CLK
set CLK_PER_UART 271.267 
set CLK_SETUP_SKEW 0.20
set CLK_HOLD_SKEW 0.1
set CLK_LAT 0
set CLK_Transition 0.05
create_clock -period "$CLK_PER_UART" -name "$CLK_NAME_UART" [get_ports UART_CLK]
set_clock_uncertainty -setup "$CLK_SETUP_SKEW" [get_clock "$CLK_NAME_UART"]
set_clock_uncertainty -hold "$CLK_HOLD_SKEW" [get_clock "$CLK_NAME_UART"]
set_clock_transition "$CLK_Transition" [get_clock "$CLK_NAME_UART"]
set_dont_touch_network [get_ports UART_CLK]
##################################### REF_CLK ##############################################
set CLK_NAME_REF REF_CLK
set CLK_PER_REF 20 
create_clock -period "$CLK_PER_REF" -name "$CLK_NAME_REF" [get_ports REF_CLK]
set_clock_uncertainty -setup "$CLK_SETUP_SKEW" [get_clock "$CLK_NAME_REF"]
set_clock_uncertainty -hold "$CLK_HOLD_SKEW" [get_clock "$CLK_NAME_REF"]
set_clock_transition "$CLK_Transition" [get_clock "$CLK_NAME_REF"]
set_dont_touch_network [get_ports REF_CLK]
####################################################################################
#########################################################
#### Section 2 : Clocks Relationships ####
#########################################################
####################################################################################
###  RX_CLK
create_generated_clock -master_clock "$CLK_NAME_UART"                        -source [get_ports "$CLK_NAME_UART"]                        -name "RX_CLK" -combinational                        [get_pins Domain_2_TOP_U1/ClkDiv_U2_RX/o_div_clk]
### TX_CLK
create_generated_clock -master_clock "$CLK_NAME_UART"                        -source [get_ports "$CLK_NAME_UART"]                        -name "TX_CLK" -divide_by 32                       [get_pins Domain_2_TOP_U1/ClkDiv_U1_TX/o_div_clk]
### set case analysis for the by pass mux in the clk divider and the division ratio
set_case_analysis 1 [get_pins Domain_2_TOP_U1/ClkDiv_U1_TX/i_clk_en]
set_case_analysis 1 [get_pins Domain_2_TOP_U1/ClkDiv_U2_RX/i_clk_en]
set_case_analysis 0 [get_pins Domain_2_TOP_U1/ClkDiv_U1_TX/i_div_ratio[0]]
set_case_analysis 0 [get_pins Domain_2_TOP_U1/ClkDiv_U1_TX/i_div_ratio[1]]
set_case_analysis 0 [get_pins Domain_2_TOP_U1/ClkDiv_U1_TX/i_div_ratio[2]]
set_case_analysis 0 [get_pins Domain_2_TOP_U1/ClkDiv_U1_TX/i_div_ratio[3]]
set_case_analysis 0 [get_pins Domain_2_TOP_U1/ClkDiv_U1_TX/i_div_ratio[4]]
set_case_analysis 1 [get_pins Domain_2_TOP_U1/ClkDiv_U1_TX/i_div_ratio[5]]
set_case_analysis 0 [get_pins Domain_2_TOP_U1/ClkDiv_U1_TX/i_div_ratio[6]]
set_case_analysis 0 [get_pins Domain_2_TOP_U1/ClkDiv_U1_TX/i_div_ratio[7]]
set_case_analysis 1 [get_pins Domain_2_TOP_U1/ClkDiv_U2_RX/i_div_ratio[0]]
set_case_analysis 0 [get_pins Domain_2_TOP_U1/ClkDiv_U2_RX/i_div_ratio[1]]
set_case_analysis 0 [get_pins Domain_2_TOP_U1/ClkDiv_U2_RX/i_div_ratio[2]]
set_case_analysis 0 [get_pins Domain_2_TOP_U1/ClkDiv_U2_RX/i_div_ratio[3]]
set_case_analysis 0 [get_pins Domain_2_TOP_U1/ClkDiv_U2_RX/i_div_ratio[4]]
set_case_analysis 0 [get_pins Domain_2_TOP_U1/ClkDiv_U2_RX/i_div_ratio[5]]
set_case_analysis 0 [get_pins Domain_2_TOP_U1/ClkDiv_U2_RX/i_div_ratio[6]]
set_case_analysis 0 [get_pins Domain_2_TOP_U1/ClkDiv_U2_RX/i_div_ratio[7]]
### clock groups
set_clock_groups -asynchronous -group [get_clocks [list $CLK_NAME_UART RX_CLK TX_CLK]]                                -group [get_clocks $CLK_NAME_REF]
####################################################################################
#########################################################
#### Section 3 : set input/output delay on ports ####
#########################################################
####################################################################################
set in_delay  [expr 0.2*$CLK_PER_UART]
set out_delay [expr 0.2*$CLK_PER_UART]
#Constrain Input Paths & Output paths
set_input_delay  "$in_delay"  -clock      "$CLK_NAME_UART"   [get_ports UART_RX_IN]
set_output_delay "$out_delay" -clock      "$CLK_NAME_UART"   [get_ports UART_TX_O]
set_output_delay "$out_delay" -clock      "$CLK_NAME_UART"   [get_ports parity_error]
set_output_delay "$out_delay" -clock      "$CLK_NAME_UART"   [get_ports framing_error]
####################################################################################
#########################################################
#### Section 4 : Driving cells ####
#########################################################
####################################################################################
set_driving_cell -lib_cell BUFX2M -library "scmetro_tsmc_cl013g_rvt_ss_1p08v_125c" [get_ports UART_RX_IN]
Warning: Design rule attributes from the driving cell will be
	set on the port. (UID-401)
####################################################################################
#########################################################
#### Section 5 : Output load ####
#########################################################
####################################################################################
set_load 0.1 [get_ports UART_TX_O]
set_load 0.1 [get_ports parity_error]
set_load 0.1 [get_ports framing_error]
####################################################################################
#########################################################
#### Section 6 : Operating Condition ####
#########################################################
####################################################################################
# Define the Worst Library for Max(#setup) analysis
# Define the Best Library for Min(hold) analysis
set_operating_conditions -max_library "scmetro_tsmc_cl013g_rvt_ss_1p08v_125c" -max "scmetro_tsmc_cl013g_rvt_ss_1p08v_125c" 			 -min_library "scmetro_tsmc_cl013g_rvt_ff_1p32v_m40c" -min "scmetro_tsmc_cl013g_rvt_ff_1p32v_m40c"		
Using operating conditions 'scmetro_tsmc_cl013g_rvt_ss_1p08v_125c' found in library 'scmetro_tsmc_cl013g_rvt_ss_1p08v_125c'.
Using operating conditions 'scmetro_tsmc_cl013g_rvt_ff_1p32v_m40c' found in library 'scmetro_tsmc_cl013g_rvt_ff_1p32v_m40c'.
####################################################################################
#########################################################
#### Section 7 : wireload Model ####
#########################################################
####################################################################################
####################################################################################
#########################################################
#### Section 8 : multicycle path ####
#########################################################
####################################################################################
set_max_delay [expr 2*$CLK_PER_REF] -from [get_pins Domain_2_TOP_U1/RX_OUT_P] -to [get_ports Domain_1_TOP_U0/RX_P_DATA]
1
###################### Mapping and optimization ########################
puts "###############################################"
###############################################
puts "########## Mapping & Optimization #############"
########## Mapping & Optimization #############
puts "###############################################"
###############################################
compile -map_effort high
Information: Evaluating DesignWare library utilization. (UISN-27)

============================================================================
| DesignWare Building Block Library  |         Version         | Available |
============================================================================
| Basic DW Building Blocks           | O-2018.06-DWBB_201806.1 |     *     |
| Licensed DW Building Blocks        |                         |           |
============================================================================


Information: There are 27 potential problems in your design. Please run 'check_design' for more information. (LINT-99)


Warning: Operating condition scmetro_tsmc_cl013g_rvt_ss_1p08v_125c set on design System_TOP has different process,
voltage and temperatures parameters than the parameters at which target library 
scmetro_tsmc_cl013g_rvt_tt_1p2v_25c is characterized. Delays may be inaccurate as a result. (OPT-998)

  Beginning Pass 1 Mapping
  ------------------------
  Processing 'DF_SYNC'
  Processing 'FIFO_RD'
  Processing 'FIFO_WR'
  Processing 'FIFO_MEM_CNTRL'
  Processing 'ASYNC_FIFO'
  Processing 'RST_SYNC_0'
  Processing 'DATA_SYNC'
  Processing 'prescale_MUX'
  Processing 'PULSE_GEN'
  Processing 'ClkDiv_0'
  Processing 'Start_Checker'
  Processing 'Parity_Checker'
  Processing 'Stop_Checker_RX'
  Processing 'edge_bit_counter'
  Processing 'desrializer'
Information: The register 'Counter_reg[0]' is a constant and will be removed. (OPT-1206)
  Processing 'data_sampling'
  Processing 'FSM_RX'
  Processing 'TOP_RX'
  Processing 'Parity_Calc_TX'
  Processing 'MUX_TX'
  Processing 'serializer_TX'
Information: The register 'P_DATA_Hold_reg[7]' is a constant and will be removed. (OPT-1206)
  Processing 'FSM_TX'
  Processing 'Top_TX'
  Processing 'UART_TOP'
  Processing 'Domain_2_TOP'
  Processing 'SYS_CTRL'
  Processing 'RegFile'
  Processing 'ALU'
  Processing 'Clock_Gating'
  Processing 'Domain_1_TOP'
  Processing 'System_TOP'

  Updating timing information
Information: Updating design information... (UID-85)

  Beginning Implementation Selection
  ----------------------------------
  Processing 'ClkDiv_1_DW01_inc_0'
  Processing 'ClkDiv_1_DW01_cmp6_0'
  Processing 'ClkDiv_1_DW01_cmp6_1'
  Processing 'ClkDiv_1_DW01_dec_0'
  Processing 'ClkDiv_1_DW01_dec_1'
  Processing 'ClkDiv_0_DW01_inc_0'
  Processing 'ClkDiv_0_DW01_cmp6_0'
  Processing 'ClkDiv_0_DW01_cmp6_1'
  Processing 'ClkDiv_0_DW01_dec_0'
  Processing 'ClkDiv_0_DW01_dec_1'
  Processing 'edge_bit_counter_DW01_inc_0'
  Processing 'edge_bit_counter_DW01_cmp6_0'
  Processing 'edge_bit_counter_DW01_dec_0'
  Processing 'ALU_DW_div_uns_0'
  Processing 'ALU_DW01_sub_0'
  Processing 'ALU_DW01_add_0'
  Processing 'ALU_DW01_cmp6_0'
  Processing 'ALU_DW02_mult_0'
  Processing 'ALU_DW01_add_1'

  Beginning Mapping Optimizations  (High effort)
  -------------------------------
Loading db file '/home/ICer/Project/System/std_cells/scmetro_tsmc_cl013g_rvt_tt_1p2v_25c.db'
Loading db file '/home/ICer/Project/System/std_cells/scmetro_tsmc_cl013g_rvt_ff_1p32v_m40c.db'
  Mapping Optimization (Phase 1)

                                  TOTAL                                      
   ELAPSED            WORST NEG   SETUP    DESIGN                            
    TIME      AREA      SLACK     COST    RULE COST         ENDPOINT         
  --------- --------- --------- --------- --------- -------------------------
    0:00:14   46883.3      0.00       0.0       0.0                          
    0:00:14   46883.3      0.00       0.0       0.0                          
    0:00:14   46883.3      0.00       0.0       0.0                          
    0:00:14   46883.3      0.00       0.0       0.0                          
    0:00:14   46883.3      0.00       0.0       0.0                          
    0:00:16   23559.9      0.00       0.0       0.0                          
    0:00:17   23525.8      0.00       0.0       0.0                          
    0:00:17   23525.8      0.00       0.0       0.0                          
    0:00:17   23525.8      0.00       0.0       0.0                          
    0:00:17   23488.1      0.00       0.0       0.0                          
    0:00:17   23488.1      0.00       0.0       0.0                          
    0:00:17   23488.1      0.00       0.0       0.0                          
    0:00:17   23488.1      0.00       0.0       0.0                          
    0:00:17   23488.1      0.00       0.0       0.0                          



  Beginning Delay Optimization Phase
  ----------------------------------

                                  TOTAL                                      
   ELAPSED            WORST NEG   SETUP    DESIGN                            
    TIME      AREA      SLACK     COST    RULE COST         ENDPOINT         
  --------- --------- --------- --------- --------- -------------------------
    0:00:17   23488.1      0.00       0.0       0.0                          
    0:00:17   23488.1      0.00       0.0       0.0                          
    0:00:17   23488.1      0.00       0.0       0.0                          


  Beginning Area-Recovery Phase  (cleanup)
  -----------------------------

                                  TOTAL                                      
   ELAPSED            WORST NEG   SETUP    DESIGN                            
    TIME      AREA      SLACK     COST    RULE COST         ENDPOINT         
  --------- --------- --------- --------- --------- -------------------------
    0:00:17   23488.1      0.00       0.0       0.0                          
    0:00:17   23488.1      0.00       0.0       0.0                          
    0:00:18   23408.1      0.00       0.0       0.0                          
    0:00:18   23381.0      0.00       0.0       0.0                          
    0:00:18   23356.3      0.00       0.0       0.0                          
    0:00:18   23343.4      0.00       0.0       0.0                          
    0:00:18   23339.8      0.00       0.0       0.0                          
    0:00:18   23339.8      0.00       0.0       0.0                          
    0:00:18   23339.8      0.00       0.0       0.0                          
    0:00:18   23335.1      0.00       0.0       0.0                          
    0:00:18   23335.1      0.00       0.0       0.0                          
    0:00:18   23335.1      0.00       0.0       0.0                          
    0:00:18   23335.1      0.00       0.0       0.0                          
    0:00:18   23335.1      0.00       0.0       0.0                          
    0:00:18   23335.1      0.00       0.0       0.0                          
    0:00:18   23352.8      0.00       0.0       0.0                          
Loading db file '/home/ICer/Project/System/std_cells/scmetro_tsmc_cl013g_rvt_ss_1p08v_125c.db'


Note: Symbol # after min delay cost means estimated hold TNS across all active scenarios 


  Optimization Complete
  ---------------------
1
#############################################################################
# Write out Design after initial compile
#############################################################################
write_file -format verilog -hierarchy -output "System_TOP_netlist.v"
Writing verilog file '/home/ICer/Project/System/syn/System_TOP_netlist.v'.
Warning: Verilog 'assign' or 'tran' statements are written out. (VO-4)
Warning: Verilog writer has added 5 nets to module Domain_2_TOP using SYNOPSYS_UNCONNECTED_ as prefix.  Please use the change_names command to make the correct changes before invoking the verilog writer.  (VO-11)
1
write_file -format ddc -hierarchy -output "System_TOP_netlist.ddc"
Writing ddc file 'System_TOP_netlist.ddc'.
1
write_sdc -nosplit "System_TOP.sdc" 
1
write_sdf "System_TOP.sdf"
Information: Annotated 'cell' delays are assumed to include load delay. (UID-282)
Information: Writing timing information to file '/home/ICer/Project/System/syn/System_TOP.sdf'. (WT-3)
Information: Updating design information... (UID-85)
1
################# reporting #######################
report_area -hierarchy > area.rpt
report_power -hierarchy > power.rpt
report_timing -max_paths 100 -delay_type max > setup.rpt
report_timing -max_paths 100 -delay_type min > hold.rpt
report_clock -attributes > clocks.rpt
report_constraint -all_violators > constraints.rpt
################# starting graphical user interface #######################
#gui_start
exit

Memory usage for main task 280 Mbytes.
Memory usage for this session 280 Mbytes.
CPU usage for this session 24 seconds ( 0.01 hours ).

Thank you...
