In mode: Internal_scan...
  Design has scan chains in this mode
  Design is scan routed
  Post-DFT DRC enabled

Information: Starting test design rule checking. (TEST-222)
  Loading test protocol
  ...basic checks...
  ...basic sequential cell checks...
  ...checking vector rules...
  ...checking clock rules...
  ...checking scan chain rules...
  ...checking scan compression rules...
  ...checking X-state rules...
  ...checking tristate rules...
  ...extracting scan details...

-----------------------------------------------------------------
Begin Clock violations...

 Warning: Clock PIs off did not force off clock input RN of nonscan DFF RST_SYNC_U3/SYNC_RST_reg. (C2-1)
Information: There are 5 other cells with the same violation. (TEST-171)
 Warning: Nonclock PI RST_N connected to input RN of unstable DFF (RST_SYNC_U3/stage_reg[0]). (C24-1)

Clock violations completed...
-----------------------------------------------------------------

-----------------------------------------------------------------
Begin Scan chain violations...

 Warning: Nonscan DFF RST_SYNC_U3/SYNC_RST_reg disturbed during time 0 of load_unload procedure. (S19-1)
Information: There are 5 other cells with the same violation. (TEST-171)

Scan chain violations completed...
-----------------------------------------------------------------

-----------------------------------------------------------------
Begin Other violations...

Warning: Cell Domain_1_TOP_U0/Clock_Gating_U0/U0 has constant 1 value. (TEST-505)

Other violations completed...
-----------------------------------------------------------------

-----------------------------------------------------------------
  DRC Report

  Total violations: 14

-----------------------------------------------------------------

7 CLOCK VIOLATIONS
     6 Unstable nonscan DFF when clocks off violations (C2)
     1 Nonclock PI connected to unstable cell clock input violation (C24)

6 SCAN CHAIN VIOLATIONS
     6 Nonscan cell disturb violations (S19)

1 OTHER VIOLATION
     1 Cell is constant 1 violation (TEST-505)


Warning: Violations occurred during test design rule checking. (TEST-124)

-----------------------------------------------------------------
  Sequential Cell Report

  7 out of 400 sequential cells have violations

-----------------------------------------------------------------

SEQUENTIAL CELLS WITH VIOLATIONS
      *   6 cells have test design rule violations
      *   1 cell has constant 1 value
SEQUENTIAL CELLS WITHOUT VIOLATIONS
      * 393 cells are valid scan cells

Information: Test design rule checking completed. (TEST-123)
  Running test coverage estimation...
 17126 faults were added to fault list.
 0            7530   6019         1/0/0    63.89%      0.01
 0            2225   3793         2/0/1    76.99%      0.02
 0             945   2836         5/0/1    82.61%      0.03
 0             568   2262         8/0/1    85.98%      0.04
 0             452   1808        10/0/2    88.65%      0.04
 0             292   1510        16/0/3    90.41%      0.05
 0             257   1246        22/0/3    91.96%      0.05
 0             190   1044        30/0/3    93.15%      0.07
 0             171    861        37/0/4    94.22%      0.07
 0             164    676        45/0/4    95.31%      0.08
 0             131    533        54/0/5    96.15%      0.08
 0              93    421        66/1/5    96.80%      0.09
 0              82    314        80/1/5    97.43%      0.09
 0              67    228        92/1/5    97.94%      0.10
 0              54    153       109/1/5    98.38%      0.10
 0              44     68       130/1/5    98.88%      0.11
 0              34      9       150/1/6    99.23%      0.11
 
            Pattern Summary Report
 -----------------------------------------------
 #internal patterns                           0
 -----------------------------------------------
 

     Uncollapsed Stuck Fault Summary Report
 -----------------------------------------------
 fault class                     code   #faults
 ------------------------------  ----  ---------
 Detected                         DT      16625
 Possibly detected                PT          1
 Undetectable                     UD        372
 ATPG untestable                  AU        120
 Not detected                     ND          8
 -----------------------------------------------
 total faults                             17126
 test coverage                            99.23%
 -----------------------------------------------
  Information: The test coverage above may be inferior
               than the real test coverage with customized
               protocol and test simulation library.
1
