Loading db file '/home/ICer/Project/System/std_cells/scmetro_tsmc_cl013g_rvt_ss_1p08v_125c.db'
Information: Propagating switching activity (low effort zero delay simulation). (PWR-6)
Warning: Design has unannotated primary inputs. (PWR-414)
Warning: Design has unannotated sequential cell outputs. (PWR-415)
 
****************************************
Report : power
        -hier
        -analysis_effort low
Design : System_TOP
Version: O-2018.06-SP1
Date   : Wed Oct  7 01:12:30 2026
****************************************


Library(s) Used:

    scmetro_tsmc_cl013g_rvt_ss_1p08v_125c (File: /home/ICer/Project/System/std_cells/scmetro_tsmc_cl013g_rvt_ss_1p08v_125c.db)


Operating Conditions: scmetro_tsmc_cl013g_rvt_ss_1p08v_125c   Library: scmetro_tsmc_cl013g_rvt_ss_1p08v_125c
Wire Load Model Mode: top


Global Operating Voltage = 1.08 
Power-specific unit information :
    Voltage Units = 1V
    Capacitance Units = 1.000000pf
    Time Units = 1ns
    Dynamic Power Units = 1mW    (derived from V,C,T units)
    Leakage Power Units = 1pW


--------------------------------------------------------------------------------
                                       Switch   Int      Leak     Total
Hierarchy                              Power    Power    Power    Power    %
--------------------------------------------------------------------------------
System_TOP                             1.54e-02 6.08e-02 1.50e+07 9.12e-02 100.0
  MUX_2X1_U7 (MUX_2X1_3)               5.71e-04 1.89e-04 1.15e+04 7.71e-04   0.8
  MUX_2X1_U6 (MUX_2X1_0)               5.88e-03 4.18e-04 1.88e+04 6.32e-03   6.9
  ASYNC_FIFO_U5 (ASYNC_FIFO_test_1)    1.60e-03 1.50e-02 2.39e+06 1.89e-02  20.8
    U4 (DF_SYNC_test_1)                   0.000 2.29e-03 2.34e+05 2.52e-03   2.8
    U3 (FIFO_RD_test_1)                   0.000 1.12e-03 2.68e+05 1.39e-03   1.5
    U2 (FIFO_WR_test_1)                   0.000 1.12e-03 2.67e+05 1.39e-03   1.5
    U1 (FIFO_MEM_CNTRL_test_1)         9.81e-04 1.04e-02 1.60e+06 1.30e-02  14.2
  RST_SYNC_U4 (RST_SYNC_1)             8.38e-06 7.12e-04 4.68e+04 7.68e-04   0.8
  RST_SYNC_U3 (RST_SYNC_0)             8.38e-06 7.12e-04 4.68e+04 7.68e-04   0.8
  DATA_SYNC_U2 (DATA_SYNC_test_1)         0.000 1.68e-03 2.21e+05 1.90e-03   2.1
  Domain_2_TOP_U1 (Domain_2_TOP_test_1)
                                       3.82e-03 1.38e-02 3.68e+06 2.13e-02  23.4
    MUX_2X1_U6 (MUX_2X1_1)             1.15e-03 1.96e-04 1.15e+04 1.36e-03   1.5
    MUX_2X1_U5 (MUX_2X1_2)             8.00e-04 1.92e-04 1.15e+04 1.00e-03   1.1
    prescale_MUX_U4 (prescale_MUX)        0.000    0.000 4.41e+04 4.41e-05   0.0
    PULSE_GEN_U3 (PULSE_GEN_test_1)       0.000 2.81e-04 3.32e+04 3.14e-04   0.3
    ClkDiv_U2_RX (ClkDiv_test_1)       1.36e-05 1.47e-03 7.59e+05 2.24e-03   2.5
      add_58 (ClkDiv_1_DW01_inc_0)        0.000    0.000 9.76e+04 9.76e-05   0.1
    ClkDiv_U1_TX (ClkDiv_test_0)       1.26e-04 2.05e-03 7.33e+05 2.91e-03   3.2
      add_58 (ClkDiv_0_DW01_inc_0)     1.40e-05 4.36e-05 9.70e+04 1.55e-04   0.2
    UART_U0 (UART_TOP_test_1)          1.39e-03 9.62e-03 2.08e+06 1.31e-02  14.4
      U1 (TOP_RX_test_1)               9.55e-04 5.76e-03 1.29e+06 8.00e-03   8.8
        U7 (Start_Checker)                0.000    0.000 3.23e+03 3.23e-06   0.0
        U6 (Parity_Checker)               0.000    0.000 1.09e+05 1.09e-04   0.1
        U5 (Stop_Checker_RX)              0.000    0.000 4.49e+03 4.49e-06   0.0
        U4 (edge_bit_counter_test_1)   2.53e-04 1.64e-03 4.06e+05 2.30e-03   2.5
        U3 (desrializer_test_1)           0.000 2.81e-03 4.15e+05 3.22e-03   3.5
        U2 (data_sampling_test_1)      2.57e-05 6.17e-04 1.70e+05 8.12e-04   0.9
        U1 (FSM_RX_test_1)             1.11e-04 6.57e-04 1.71e+05 9.39e-04   1.0
      U0 (Top_TX_test_1)               4.02e-04 3.83e-03 7.93e+05 5.02e-03   5.5
        U4 (Parity_Calc_TX_test_1)        0.000 1.26e-03 2.97e+05 1.56e-03   1.7
        U3 (MUX_TX_test_1)                0.000 1.55e-04 2.84e+04 1.83e-04   0.2
        U2 (serializer_TX_test_1)         0.000 1.96e-03 3.55e+05 2.32e-03   2.5
        U1 (FSM_TX_test_1)                0.000 4.21e-04 1.07e+05 5.28e-04   0.6
  Domain_1_TOP_U0 (Domain_1_TOP_test_1)
                                       3.28e-03 2.82e-02 8.54e+06 4.00e-02  43.8
    SYS_CTRL_U3 (SYS_CTRL_test_1)      4.32e-04 5.58e-03 1.08e+06 7.10e-03   7.8
    RegFile_U2 (RegFile_test_1)        2.07e-03 1.97e-02 3.15e+06 2.50e-02  27.4
    ALU_U1 (ALU_test_1)                   0.000 2.38e-03 4.27e+06 6.66e-03   7.3
      mult_25 (ALU_DW02_mult_0)           0.000    0.000 1.65e+06 1.65e-03   1.8
      add_23 (ALU_DW01_add_0)             0.000    0.000 2.05e+05 2.05e-04   0.2
      sub_24 (ALU_DW01_sub_0)             0.000    0.000 2.48e+05 2.48e-04   0.3
      div_26 (ALU_DW_div_uns_0)           0.000    0.000 1.24e+06 1.24e-03   1.4
    Clock_Gating_U0 (Clock_Gating)     3.67e-04 4.14e-04 1.53e+04 7.97e-04   0.9
1
