
                                 Formality (R)

               Version L-2016.03-SP1 for linux64 - Apr 13, 2016 

                    Copyright (c) 1988 - 2016 Synopsys, Inc.
   This software and the associated documentation are proprietary to Synopsys,
 Inc. This software may only be used in accordance with the terms and conditions
 of a written license agreement with Synopsys, Inc. All other use, reproduction,
            or distribution of this software is strictly prohibited.

  ** Highlights of Formality (R) Version L-2016.03 **
   - New alternate verification strategies for resolving inconclusive verifications
   - Automation for deploying alternate strategies
   - New command to export the mapping of reference to implementation registers
   - New capability to combine PG and low power information from db libraries with Verilog functional models

   * Please refer to the Formality Release Notes for details and additional enhancements

Build: 4031317
Hostname: IC_EDA (RHEL64)
Current time: Wed Oct  7 00:54:32 2026

Loading db file '/home/synopsys/Formality2016/libraries/syn/gtech.db'
###############################################################################
########################### Setup #############################################
###############################################################################
set synopsys_auto_setup true
true
# SVF generated from Design Compiler
set_svf "/home/ICer/Project/System/dft/System_TOP.svf"
SVF set to '/home/ICer/Project/System/dft/System_TOP.svf'.
1
###############################################################################
################# Refrence container ##########################################
###############################################################################
# Read RTL files
read_verilog -container Ref "/home/ICer/Project/System/dft/rtl_dft/ALU.v"
No target library specified, default is WORK
Initializing DesignWare ...
Initialization Complete
Loading verilog file '/home/ICer/Project/System/dft/rtl_dft/ALU.v'
Created container 'Ref'
Current container set to 'Ref'
1
read_verilog -container Ref "/home/ICer/Project/System/dft/rtl_dft/ASYNC_FIFO.v"
No target library specified, default is WORK
Loading verilog file '/home/ICer/Project/System/dft/rtl_dft/ASYNC_FIFO.v'
1
read_verilog -container Ref "/home/ICer/Project/System/dft/rtl_dft/ClkDiv.v"
No target library specified, default is WORK
Loading verilog file '/home/ICer/Project/System/dft/rtl_dft/ClkDiv.v'
1
read_verilog -container Ref "/home/ICer/Project/System/dft/rtl_dft/Clock_Gating.v"
No target library specified, default is WORK
Loading verilog file '/home/ICer/Project/System/dft/rtl_dft/Clock_Gating.v'
1
read_verilog -container Ref "/home/ICer/Project/System/dft/rtl_dft/data_sampling.v"
No target library specified, default is WORK
Loading verilog file '/home/ICer/Project/System/dft/rtl_dft/data_sampling.v'
1
read_verilog -container Ref "/home/ICer/Project/System/dft/rtl_dft/DATA_SYNC.v"
No target library specified, default is WORK
Loading verilog file '/home/ICer/Project/System/dft/rtl_dft/DATA_SYNC.v'
1
read_verilog -container Ref "/home/ICer/Project/System/dft/rtl_dft/deserializer.v"
No target library specified, default is WORK
Loading verilog file '/home/ICer/Project/System/dft/rtl_dft/deserializer.v'
1
read_verilog -container Ref "/home/ICer/Project/System/dft/rtl_dft/DF_SYNC.v"
No target library specified, default is WORK
Loading verilog file '/home/ICer/Project/System/dft/rtl_dft/DF_SYNC.v'
1
read_verilog -container Ref "/home/ICer/Project/System/dft/rtl_dft/Domain_1_TOP_DFT.v"
No target library specified, default is WORK
Loading verilog file '/home/ICer/Project/System/dft/rtl_dft/Domain_1_TOP_DFT.v'
1
read_verilog -container Ref "/home/ICer/Project/System/dft/rtl_dft/Domain_2_TOP_DFT.v"
No target library specified, default is WORK
Loading verilog file '/home/ICer/Project/System/dft/rtl_dft/Domain_2_TOP_DFT.v'
1
read_verilog -container Ref "/home/ICer/Project/System/dft/rtl_dft/edge_bit_counter.v"
No target library specified, default is WORK
Loading verilog file '/home/ICer/Project/System/dft/rtl_dft/edge_bit_counter.v'
1
read_verilog -container Ref "/home/ICer/Project/System/dft/rtl_dft/FIFO_MEM_CNTRL.v"
No target library specified, default is WORK
Loading verilog file '/home/ICer/Project/System/dft/rtl_dft/FIFO_MEM_CNTRL.v'
1
read_verilog -container Ref "/home/ICer/Project/System/dft/rtl_dft/FIFO_RD.v"
No target library specified, default is WORK
Loading verilog file '/home/ICer/Project/System/dft/rtl_dft/FIFO_RD.v'
1
read_verilog -container Ref "/home/ICer/Project/System/dft/rtl_dft/FIFO_WR.v"
No target library specified, default is WORK
Loading verilog file '/home/ICer/Project/System/dft/rtl_dft/FIFO_WR.v'
1
read_verilog -container Ref "/home/ICer/Project/System/dft/rtl_dft/FSM_RX.v"
No target library specified, default is WORK
Loading verilog file '/home/ICer/Project/System/dft/rtl_dft/FSM_RX.v'
1
read_verilog -container Ref "/home/ICer/Project/System/dft/rtl_dft/FSM_TX.v"
No target library specified, default is WORK
Loading verilog file '/home/ICer/Project/System/dft/rtl_dft/FSM_TX.v'
1
read_verilog -container Ref "/home/ICer/Project/System/dft/rtl_dft/MUX_2X1.v"
No target library specified, default is WORK
Loading verilog file '/home/ICer/Project/System/dft/rtl_dft/MUX_2X1.v'
1
read_verilog -container Ref "/home/ICer/Project/System/dft/rtl_dft/MUX_TX.v"
No target library specified, default is WORK
Loading verilog file '/home/ICer/Project/System/dft/rtl_dft/MUX_TX.v'
1
read_verilog -container Ref "/home/ICer/Project/System/dft/rtl_dft/Parity_Calc_TX.v"
No target library specified, default is WORK
Loading verilog file '/home/ICer/Project/System/dft/rtl_dft/Parity_Calc_TX.v'
1
read_verilog -container Ref "/home/ICer/Project/System/dft/rtl_dft/Parity_Checker_RX.v"
No target library specified, default is WORK
Loading verilog file '/home/ICer/Project/System/dft/rtl_dft/Parity_Checker_RX.v'
1
read_verilog -container Ref "/home/ICer/Project/System/dft/rtl_dft/prescale_MUX.v"
No target library specified, default is WORK
Loading verilog file '/home/ICer/Project/System/dft/rtl_dft/prescale_MUX.v'
1
read_verilog -container Ref "/home/ICer/Project/System/dft/rtl_dft/PULSE_GEN.v"
No target library specified, default is WORK
Loading verilog file '/home/ICer/Project/System/dft/rtl_dft/PULSE_GEN.v'
1
read_verilog -container Ref "/home/ICer/Project/System/dft/rtl_dft/RegFile.v"
No target library specified, default is WORK
Loading verilog file '/home/ICer/Project/System/dft/rtl_dft/RegFile.v'
1
read_verilog -container Ref "/home/ICer/Project/System/dft/rtl_dft/RST_SYNC.v"
No target library specified, default is WORK
Loading verilog file '/home/ICer/Project/System/dft/rtl_dft/RST_SYNC.v'
1
read_verilog -container Ref "/home/ICer/Project/System/dft/rtl_dft/serializer_TX.v"
No target library specified, default is WORK
Loading verilog file '/home/ICer/Project/System/dft/rtl_dft/serializer_TX.v'
1
read_verilog -container Ref "/home/ICer/Project/System/dft/rtl_dft/Start_Checker.v"
No target library specified, default is WORK
Loading verilog file '/home/ICer/Project/System/dft/rtl_dft/Start_Checker.v'
1
read_verilog -container Ref "/home/ICer/Project/System/dft/rtl_dft/Stop_Checker_RX.v"
No target library specified, default is WORK
Loading verilog file '/home/ICer/Project/System/dft/rtl_dft/Stop_Checker_RX.v'
1
read_verilog -container Ref "/home/ICer/Project/System/dft/rtl_dft/System_TOP_DFT.v"
No target library specified, default is WORK
Loading verilog file '/home/ICer/Project/System/dft/rtl_dft/System_TOP_DFT.v'
1
read_verilog -container Ref "/home/ICer/Project/System/dft/rtl_dft/SYS_CTRL.v"
No target library specified, default is WORK
Loading verilog file '/home/ICer/Project/System/dft/rtl_dft/SYS_CTRL.v'
1
read_verilog -container Ref "/home/ICer/Project/System/dft/rtl_dft/TOP_RX.v"
No target library specified, default is WORK
Loading verilog file '/home/ICer/Project/System/dft/rtl_dft/TOP_RX.v'
1
read_verilog -container Ref "/home/ICer/Project/System/dft/rtl_dft/TOP_TX.v"
No target library specified, default is WORK
Loading verilog file '/home/ICer/Project/System/dft/rtl_dft/TOP_TX.v'
1
read_verilog -container Ref "/home/ICer/Project/System/dft/rtl_dft/UART_TOP.v"
No target library specified, default is WORK
Loading verilog file '/home/ICer/Project/System/dft/rtl_dft/UART_TOP.v'
1
# Read std cells library
read_db -container Ref "/home/ICer/Project/System/std_cells/scmetro_tsmc_cl013g_rvt_tt_1p2v_25c.db"
Loading db file '/home/ICer/Project/System/std_cells/scmetro_tsmc_cl013g_rvt_tt_1p2v_25c.db'
1
# Set top design
set_top System_TOP
Setting top design to 'Ref:/WORK/System_TOP'
Status:   Elaborating design System_TOP   ...  
Status:   Elaborating design Domain_1_TOP  DATA_WIDTH=8, FUN_WIDTH=4, ADD_WIDTH=4, DEPTH=16 ...  
Information: Created design named 'Domain_1_TOP_DATA_WIDTH8_FUN_WIDTH4_ADD_WIDTH4_DEPTH16'. (FE-LINK-13)
Status:   Elaborating design Clock_Gating   ...  
Status:   Elaborating design ALU   ...  
Status:   Elaborating design RegFile  ADD_WIDTH=4, DATA_WIDTH=8, DEPTH=16 ...  
Information: Created design named 'RegFile_ADD_WIDTH4_DATA_WIDTH8_DEPTH16'. (FE-LINK-13)
Status:   Elaborating design SYS_CTRL   ...  
Status:   Elaborating design Domain_2_TOP  Div_width=8 ...  
Information: Created design named 'Domain_2_TOP_Div_width8'. (FE-LINK-13)
Status:   Elaborating design UART_TOP   ...  
Status:   Elaborating design Top_TX   ...  
Status:   Elaborating design FSM_TX   ...  
Status:   Elaborating design serializer_TX   ...  
Status:   Elaborating design MUX_TX   ...  
Status:   Elaborating design Parity_Calc_TX   ...  
Status:   Elaborating design TOP_RX   ...  
Status:   Elaborating design FSM_RX   ...  
Status:   Elaborating design data_sampling   ...  
Status:   Elaborating design desrializer   ...  
Status:   Elaborating design edge_bit_counter   ...  
Status:   Elaborating design Stop_Checker_RX   ...  
Status:   Elaborating design Parity_Checker   ...  
Status:   Elaborating design Start_Checker   ...  
Status:   Elaborating design ClkDiv  Div_width=8 ...  
Information: Created design named 'ClkDiv_Div_width8'. (FE-LINK-13)
Status:   Elaborating design PULSE_GEN   ...  
Status:   Elaborating design prescale_MUX   ...  
Status:   Elaborating design MUX_2X1   ...  
Status:   Elaborating design DATA_SYNC  BUS_WIDTH=8, NUM_STAGES=2 ...  
Information: Created design named 'DATA_SYNC_BUS_WIDTH8_NUM_STAGES2'. (FE-LINK-13)
Status:   Elaborating design RST_SYNC  NUM_STAGES=2 ...  
Information: Created design named 'RST_SYNC_NUM_STAGES2'. (FE-LINK-13)
Status:   Elaborating design ASYNC_FIFO  DATA_WIDTH=8, FIFO_WIDTH=8 ...  
Information: Created design named 'ASYNC_FIFO_DATA_WIDTH8_FIFO_WIDTH8'. (FE-LINK-13)
Status:   Elaborating design FIFO_MEM_CNTRL  DATA_WIDTH=8, FIFO_WIDTH=8 ...  
Information: Created design named 'FIFO_MEM_CNTRL_DATA_WIDTH8_FIFO_WIDTH8'. (FE-LINK-13)
Status:   Elaborating design FIFO_WR   ...  
Status:   Elaborating design FIFO_RD   ...  
Status:   Elaborating design DF_SYNC   ...  
Status:  Implementing inferred operators...

************ Library Checking Summary ************
Warning:  1 unlinked power cell(s) with unread pg pins.
        Use 'report_libraries -defects all' for more details.
**************************************************

Top design successfully set to 'Ref:/WORK/System_TOP'
1
# Check loaded designs
report_designs
**************************************************
Report         : designs

Reference      : <None>
Implementation : <None>
Version        : L-2016.03-SP1
Date           : Wed Oct  7 00:54:35 2026
**************************************************

 ______________________________________________________________________________ 
|                                                                              |
|  Legend:                                                                     |
|           Statistics                  Attributes                             |
|             c = number of cells         c = CONSENSUS resolution type        |
|                 linked(unlinked)        x = BLACKBOX resolution type         |
|             p = number of ports         a = AND resolution type              |
|             n = number of nets          o = OR resolution type               |
|                                         f = flatten                          |
|                                         r = retimed                          |
|                                         v = VHDL configuration               |
|______________________________________________________________________________|


########################################################################################################
####    DESIGN LIBRARY - Ref:/WORK
########################################################################################################
Design Name                              Statistics                   Attributes     Verification status
-----------                              ----------                   ----------     -------------------
ALU                                      c216(0) p40 n337                c                     
ASYNC_FIFO_DATA_WIDTH8_FIFO_WIDTH8       c8(0) p24 n50                   c                     
ClkDiv_Div_width8                        c105(0) p12 n169                c                     
Clock_Gating                             c3(0) p3 n5                     c                     
D0                                       c9(0) p5 n12                    c                     
D1                                       c9(0) p5 n12                    c                     
D10                                      c9(0) p5 n12                    c                     
D100                                     c6(0) p4 n9                     c                     
D101                                     c6(0) p4 n9                     c                     
D102                                     c6(0) p4 n9                     c                     
D103                                     c6(0) p4 n9                     c                     
D104                                     c6(0) p4 n9                     c                     
D105                                     c6(0) p4 n9                     c                     
D106                                     c6(0) p4 n9                     c                     
D107                                     c6(0) p4 n9                     c                     
D108                                     c6(0) p4 n9                     c                     
D109                                     c6(0) p4 n9                     c                     
D11                                      c9(0) p5 n12                    c                     
D110                                     c6(0) p4 n9                     c                     
D111                                     c6(0) p4 n9                     c                     
D112                                     c6(0) p4 n9                     c                     
D113                                     c6(0) p4 n9                     c                     
D114                                     c6(0) p4 n9                     c                     
D115                                     c6(0) p4 n9                     c                     
D116                                     c6(0) p4 n9                     c                     
D117                                     c6(0) p4 n9                     c                     
D118                                     c6(0) p4 n9                     c                     
D119                                     c6(0) p4 n9                     c                     
D12                                      c9(0) p5 n12                    c                     
D120                                     c6(0) p4 n9                     c                     
D121                                     c6(0) p4 n9                     c                     
D13                                      c6(0) p4 n9                     c                     
D14                                      c6(0) p4 n9                     c                     
D15                                      c6(0) p4 n9                     c                     
D16                                      c6(0) p4 n9                     c                     
D17                                      c6(0) p4 n9                     c                     
D18                                      c6(0) p4 n9                     c                     
D19                                      c6(0) p4 n9                     c                     
D2                                       c9(0) p5 n12                    c                     
D20                                      c9(0) p5 n12                    c                     
D21                                      c9(0) p5 n12                    c                     
D22                                      c9(0) p5 n12                    c                     
D23                                      c9(0) p5 n12                    c                     
D24                                      c9(0) p5 n12                    c                     
D25                                      c9(0) p5 n12                    c                     
D26                                      c9(0) p5 n12                    c                     
D27                                      c9(0) p5 n12                    c                     
D28                                      c9(0) p5 n12                    c                     
D29                                      c6(0) p4 n9                     c                     
D3                                       c9(0) p5 n12                    c                     
D30                                      c6(0) p4 n9                     c                     
D31                                      c6(0) p4 n9                     c                     
D32                                      c6(0) p4 n9                     c                     
D33                                      c6(0) p4 n9                     c                     
D34                                      c6(0) p4 n9                     c                     
D35                                      c6(0) p4 n9                     c                     
D36                                      c6(0) p4 n9                     c                     
D37                                      c6(0) p4 n9                     c                     
D38                                      c6(0) p4 n9                     c                     
D39                                      c6(0) p4 n9                     c                     
D4                                       c9(0) p5 n12                    c                     
D40                                      c6(0) p4 n9                     c                     
D41                                      c6(0) p4 n9                     c                     
D42                                      c9(0) p5 n12                    c                     
D43                                      c9(0) p5 n12                    c                     
D44                                      c9(0) p5 n12                    c                     
D45                                      c9(0) p5 n12                    c                     
D46                                      c9(0) p5 n12                    c                     
D47                                      c9(0) p5 n12                    c                     
D48                                      c9(0) p5 n12                    c                     
D49                                      c9(0) p5 n12                    c                     
D5                                       c9(0) p5 n12                    c                     
D50                                      c9(0) p5 n12                    c                     
D51                                      c9(0) p5 n12                    c                     
D52                                      c9(0) p5 n12                    c                     
D53                                      c9(0) p5 n12                    c                     
D54                                      c9(0) p5 n12                    c                     
D55                                      c9(0) p5 n12                    c                     
D56                                      c9(0) p5 n12                    c                     
D57                                      c6(0) p4 n9                     c                     
D58                                      c6(0) p4 n9                     c                     
D59                                      c6(0) p4 n9                     c                     
D6                                       c9(0) p5 n12                    c                     
D60                                      c6(0) p4 n9                     c                     
D61                                      c6(0) p4 n9                     c                     
D62                                      c6(0) p4 n9                     c                     
D63                                      c6(0) p4 n9                     c                     
D64                                      c6(0) p4 n9                     c                     
D65                                      c6(0) p4 n9                     c                     
D66                                      c6(0) p4 n9                     c                     
D67                                      c6(0) p4 n9                     c                     
D68                                      c6(0) p4 n9                     c                     
D69                                      c6(0) p4 n9                     c                     
D7                                       c9(0) p5 n12                    c                     
D70                                      c6(0) p4 n9                     c                     
D71                                      c6(0) p4 n9                     c                     
D72                                      c6(0) p4 n9                     c                     
D73                                      c6(0) p4 n9                     c                     
D74                                      c6(0) p4 n9                     c                     
D75                                      c6(0) p4 n9                     c                     
D76                                      c9(0) p5 n12                    c                     
D77                                      c9(0) p5 n12                    c                     
D78                                      c9(0) p5 n12                    c                     
D79                                      c9(0) p5 n12                    c                     
D8                                       c9(0) p5 n12                    c                     
D80                                      c9(0) p5 n12                    c                     
D81                                      c9(0) p5 n12                    c                     
D82                                      c9(0) p5 n12                    c                     
D83                                      c9(0) p5 n12                    c                     
D84                                      c9(0) p5 n12                    c                     
D85                                      c9(0) p5 n12                    c                     
D86                                      c9(0) p5 n12                    c                     
D87                                      c9(0) p5 n12                    c                     
D88                                      c9(0) p5 n12                    c                     
D89                                      c9(0) p5 n12                    c                     
D9                                       c9(0) p5 n12                    c                     
D90                                      c9(0) p5 n12                    c                     
D91                                      c9(0) p5 n12                    c                     
D92                                      c9(0) p5 n12                    c                     
D93                                      c9(0) p5 n12                    c                     
D94                                      c9(0) p5 n12                    c                     
D95                                      c9(0) p5 n12                    c                     
D96                                      c9(0) p5 n12                    c                     
D97                                      c6(0) p4 n9                     c                     
D98                                      c6(0) p4 n9                     c                     
D99                                      c6(0) p4 n9                     c                     
DATA_SYNC_BUS_WIDTH8_NUM_STAGES2         c70(0) p20 n88                  c                     
DF_SYNC                                  c86(0) p20 n98                  c                     
Domain_1_TOP_DATA_WIDTH8_FUN_WIDTH4_ADD_WIDTH4_DEPTH16
                                         c7(0) p38 n112                  c                     
Domain_2_TOP_Div_width8                  c12(0) p45 n62                  c                     
FIFO_MEM_CNTRL_DATA_WIDTH8_FIFO_WIDTH8   c564(0) p27 n660                c                     
FIFO_RD                                  c76(0) p15 n87                  c                     
FIFO_WR                                  c80(0) p15 n91                  c                     
FSM_RX                                   c90(0) p19 n113                 c                     
FSM_TX                                   c46(0) p9 n54                   c                     
MUX_2X1                                  c5(0) p4 n8                     c                     
MUX_TX                                   c16(0) p7 n22                   c                     
M_RTL_ADD_UNS_10_0                       c12(0) p32 n43                  c                     
M_RTL_ADD_UNS_1_0                        c3(0) p5 n7                     c                     
M_RTL_ADD_UNS_1_1                        c3(0) p5 n7                     c                     
M_RTL_ADD_UNS_1_10                       c3(0) p5 n7                     c                     
M_RTL_ADD_UNS_1_11                       c3(0) p5 n7                     c                     
M_RTL_ADD_UNS_1_2                        c3(0) p5 n7                     c                     
M_RTL_ADD_UNS_1_3                        c3(0) p5 n7                     c                     
M_RTL_ADD_UNS_1_4                        c3(0) p5 n7                     c                     
M_RTL_ADD_UNS_1_5                        c3(0) p5 n7                     c                     
M_RTL_ADD_UNS_1_6                        c3(0) p5 n7                     c                     
M_RTL_ADD_UNS_1_7                        c3(0) p5 n7                     c                     
M_RTL_ADD_UNS_1_8                        c3(0) p5 n7                     c                     
M_RTL_ADD_UNS_1_9                        c3(0) p5 n7                     c                     
M_RTL_ADD_UNS_2_3                        c4(0) p8 n11                    c                     
M_RTL_ADD_UNS_2_4                        c4(0) p8 n11                    c                     
M_RTL_ADD_UNS_2_5                        c4(0) p8 n11                    c                     
M_RTL_ADD_UNS_4                          c22(0) p14 n31                  c                     
M_RTL_ADD_UNS_4_6                        c6(0) p14 n19                   c                     
M_RTL_ADD_UNS_4_7                        c6(0) p14 n19                   c                     
M_RTL_ADD_UNS_4_8                        c6(0) p14 n19                   c                     
M_RTL_ADD_UNS_5                          c27(0) p17 n38                  c                     
M_RTL_ADD_UNS_6_10                       c8(0) p20 n27                   c                     
M_RTL_ADD_UNS_6_11                       c8(0) p20 n27                   c                     
M_RTL_ADD_UNS_6_9                        c8(0) p20 n27                   c                     
M_RTL_ADD_UNS_8                          c42(0) p26 n59                  c                     
M_RTL_ADD_UNS_9                          c47(0) p29 n66                  c                     
M_RTL_DECR_6                             c22(0) p14 n29                  c                     
M_RTL_DECR_8                             c28(0) p18 n37                  c                     
M_RTL_DEC_16_4                           c30(0) p21 n35                  c                     
M_RTL_DEC_8_3                            c19(0) p12 n23                  c                     
M_RTL_DIV_UNS_8_8                        c0(0) p24 n24                   c                     
M_RTL_DIV_UNS_8_8_0                      c186(0) p34 n260                c                     
M_RTL_DIV_UNS_8_8_11                     c57(0) p25 n81                  c                     
M_RTL_DIV_UNS_8_8_11_11                  c56(0) p26 n81                  c                     
M_RTL_EQ_1                               c3(0) p3 n5                     c                     
M_RTL_EQ_2                               c5(0) p5 n9                     c                     
M_RTL_EQ_4                               c7(0) p9 n15                    c                     
M_RTL_EQ_6                               c11(0) p13 n23                  c                     
M_RTL_EQ_8                               c11(0) p17 n27                  c                     
M_RTL_EQ_CONST_2_0                       c6(0) p3 n8                     c                     
M_RTL_EQ_CONST_2_1                       c4(0) p3 n6                     c                     
M_RTL_EQ_CONST_2_2                       c4(0) p3 n6                     c                     
M_RTL_EQ_CONST_2_3                       c5(0) p3 n7                     c                     
M_RTL_EQ_CONST_32_00000000               c6(0) p33 n38                   c                     
M_RTL_EQ_CONST_3_0                       c6(0) p4 n9                     c                     
M_RTL_EQ_CONST_3_1                       c6(0) p4 n9                     c                     
M_RTL_EQ_CONST_3_2                       c6(0) p4 n9                     c                     
M_RTL_EQ_CONST_3_3                       c5(0) p4 n8                     c                     
M_RTL_EQ_CONST_3_6                       c5(0) p4 n8                     c                     
M_RTL_EQ_CONST_3_7                       c5(0) p4 n8                     c                     
M_RTL_EQ_CONST_4_0                       c6(0) p5 n10                    c                     
M_RTL_EQ_CONST_4_1                       c6(0) p5 n10                    c                     
M_RTL_EQ_CONST_4_2                       c6(0) p5 n10                    c                     
M_RTL_EQ_CONST_4_3                       c7(0) p5 n11                    c                     
M_RTL_EQ_CONST_4_4                       c6(0) p5 n10                    c                     
M_RTL_EQ_CONST_4_5                       c7(0) p5 n11                    c                     
M_RTL_EQ_CONST_4_6                       c7(0) p5 n11                    c                     
M_RTL_EQ_CONST_4_7                       c5(0) p5 n9                     c                     
M_RTL_EQ_CONST_4_8                       c6(0) p5 n10                    c                     
M_RTL_EQ_CONST_4_9                       c7(0) p5 n11                    c                     
M_RTL_EQ_CONST_4_a                       c7(0) p5 n11                    c                     
M_RTL_EQ_CONST_4_b                       c5(0) p5 n9                     c                     
M_RTL_EQ_CONST_4_c                       c7(0) p5 n11                    c                     
M_RTL_EQ_CONST_4_d                       c5(0) p5 n9                     c                     
M_RTL_EQ_CONST_4_e                       c5(0) p5 n9                     c                     
M_RTL_EQ_CONST_4_f                       c5(0) p5 n9                     c                     
M_RTL_EQ_CONST_5_00                      c7(0) p6 n12                    c                     
M_RTL_EQ_CONST_5_01                      c6(0) p6 n11                    c                     
M_RTL_EQ_CONST_5_02                      c6(0) p6 n11                    c                     
M_RTL_EQ_CONST_5_03                      c7(0) p6 n12                    c                     
M_RTL_EQ_CONST_5_04                      c6(0) p6 n11                    c                     
M_RTL_EQ_CONST_5_05                      c7(0) p6 n12                    c                     
M_RTL_EQ_CONST_5_06                      c7(0) p6 n12                    c                     
M_RTL_EQ_CONST_5_07                      c7(0) p6 n12                    c                     
M_RTL_EQ_CONST_5_08                      c6(0) p6 n11                    c                     
M_RTL_EQ_CONST_5_09                      c7(0) p6 n12                    c                     
M_RTL_EQ_CONST_5_0a                      c7(0) p6 n12                    c                     
M_RTL_EQ_CONST_5_0b                      c7(0) p6 n12                    c                     
M_RTL_EQ_CONST_5_0c                      c7(0) p6 n12                    c                     
M_RTL_EQ_CONST_5_0d                      c7(0) p6 n12                    c                     
M_RTL_EQ_CONST_5_0e                      c7(0) p6 n12                    c                     
M_RTL_EQ_CONST_5_0f                      c5(0) p6 n10                    c                     
M_RTL_EQ_CONST_5_10                      c6(0) p6 n11                    c                     
M_RTL_EQ_CONST_5_11                      c7(0) p6 n12                    c                     
M_RTL_EQ_CONST_5_12                      c7(0) p6 n12                    c                     
M_RTL_EQ_CONST_5_1f                      c6(0) p6 n11                    c                     
M_RTL_EQ_CONST_6_08                      c7(0) p7 n13                    c                     
M_RTL_EQ_CONST_6_10                      c7(0) p7 n13                    c                     
M_RTL_EQ_CONST_6_20                      c7(0) p7 n13                    c                     
M_RTL_EQ_CONST_8_aa                      c7(0) p9 n15                    c                     
M_RTL_EQ_CONST_8_bb                      c9(0) p9 n17                    c                     
M_RTL_EQ_CONST_8_cc                      c7(0) p9 n15                    c                     
M_RTL_EQ_CONST_8_dd                      c9(0) p9 n17                    c                     
M_RTL_GT_UNS_8                           c35(0) p17 n52                  c                     
M_RTL_LT_UNS_8                           c35(0) p17 n52                  c                     
M_RTL_MULT_UNS_8_8                       c322(0) p32 n338                c                     
M_RTL_MUX_2_2                            c8(0) p5 n12                    c                     
M_RTL_MUX_4_4                            c11(0) p9 n19                   c                     
M_RTL_NEQ_1                              c4(0) p3 n6                     c                     
M_RTL_NEQ_CONST_32_00000000              c6(0) p33 n38                   c                     
M_RTL_NEQ_CONST_32_00000001              c10(0) p33 n42                  c                     
M_RTL_SELECT_BOX_2_2                     c5(0) p5 n9                     c                     
M_RTL_SUB_BIN_16                         c99(0) p50 n132                 c                     
M_RTL_VDEMUX_3_8                         c84(0) p76 n97                  c                     
M_RTL_VDEMUX_4_8                         c159(0) p141 n173               c                     
M_RTL_WMUX_16_16                         c563(0) p304 n851               c                     
M_RTL_WMUX_16_4                          c143(0) p100 n239               c                     
M_RTL_WMUX_16_8                          c283(0) p168 n443               c                     
M_RTL_WMUX_18_1                          c41(0) p55 n95                  c                     
M_RTL_WMUX_18_4                          c158(0) p112 n266               c                     
M_RTL_WMUX_18_5                          c197(0) p131 n323               c                     
M_RTL_WMUX_18_8                          c314(0) p188 n494               c                     
M_RTL_WMUX_2_1                           c7(0) p7 n13                    c                     
M_RTL_WMUX_2_16                          c82(0) p52 n118                 c                     
M_RTL_WMUX_2_2                           c12(0) p10 n20                  c                     
M_RTL_WMUX_2_3                           c17(0) p13 n27                  c                     
M_RTL_WMUX_2_4                           c22(0) p16 n34                  c                     
M_RTL_WMUX_2_5                           c27(0) p19 n41                  c                     
M_RTL_WMUX_2_7                           c37(0) p25 n55                  c                     
M_RTL_WMUX_2_8                           c42(0) p28 n62                  c                     
M_RTL_WMUX_3_1                           c9(0) p10 n18                   c                     
M_RTL_WMUX_3_2                           c16(0) p14 n28                  c                     
M_RTL_WMUX_4_1                           c14(0) p13 n26                  c                     
M_RTL_WMUX_4_3                           c36(0) p23 n56                  c                     
M_RTL_WMUX_5_4                           c50(0) p34 n80                  c                     
M_RTL_WMUX_6_1                           c17(0) p19 n35                  c                     
M_RTL_WMUX_6_2                           c32(0) p26 n56                  c                     
M_RTL_WMUX_6_3                           c47(0) p33 n77                  c                     
M_RTL_WMUX_7_1                           c18(0) p22 n39                  c                     
M_RTL_WMUX_7_3                           c48(0) p38 n83                  c                     
M_RTL_WMUX_8_8                           c155(0) p88 n235                c                     
PULSE_GEN                                c17(0) p4 n20                   c                     
Parity_Calc_TX                           c56(0) p13 n68                  c                     
Parity_Checker                           c13(0) p12 n24                  c                     
RST_SYNC_NUM_STAGES2                     c21(0) p3 n23                   c                     
RegFile_ADD_WIDTH4_DATA_WIDTH8_DEPTH16   c1088(0) p57 n1253              c                     
SYS_CTRL                                 c323(0) p67 n401                c                     
Start_Checker                            c12(0) p3 n13                   c                     
Stop_Checker_RX                          c12(0) p3 n13                   c                     
System_TOP                               c15(0) p19 n88                  c                     
TOP_RX                                   c9(0) p23 n42                   c                     
Top_TX                                   c6(0) p15 n23                   c                     
UART_TOP                                 c4(0) p35 n37                   c                     
data_sampling                            c110(0) p16 n124                c                     
desrializer                              c127(0) p13 n136                c                     
edge_bit_counter                         c91(0) p20 n125                 c                     
prescale_MUX                             c18(0) p14 n26                  c                     
serializer_TX                            c104(0) p13 n127                c                     

1
# Set reference design
set_reference_design System_TOP
Reference design set to 'Ref:/WORK/System_TOP'
1
###############################################################################
################# Implemintation container ####################################
###############################################################################
# Read synthesized netlist
read_verilog -netlist -container Imp "/home/ICer/Project/System/dft/System_TOP_netlist.v"
No target library specified, default is WORK
Loading verilog file '/home/ICer/Project/System/dft/System_TOP_netlist.v'
Created container 'Imp'
Current container set to 'Imp'
1
# Read std cells library
read_db -container Imp "/home/ICer/Project/System/std_cells/scmetro_tsmc_cl013g_rvt_tt_1p2v_25c.db"
Loading db file '/home/ICer/Project/System/std_cells/scmetro_tsmc_cl013g_rvt_tt_1p2v_25c.db'
1
# Set top design
set_top System_TOP
Setting top design to 'Imp:/WORK/System_TOP'
Status:  Implementing inferred operators...

************ Library Checking Summary ************
Warning:  1 unlinked power cell(s) with unread pg pins.
        Use 'report_libraries -defects all' for more details.
**************************************************

Top design successfully set to 'Imp:/WORK/System_TOP'
1
# Check loaded designs
report_designs
**************************************************
Report         : designs

Reference      : Ref:/WORK/System_TOP
Implementation : <None>
Version        : L-2016.03-SP1
Date           : Wed Oct  7 00:54:36 2026
**************************************************

 ______________________________________________________________________________ 
|                                                                              |
|  Legend:                                                                     |
|           Statistics                  Attributes                             |
|             c = number of cells         c = CONSENSUS resolution type        |
|                 linked(unlinked)        x = BLACKBOX resolution type         |
|             p = number of ports         a = AND resolution type              |
|             n = number of nets          o = OR resolution type               |
|                                         f = flatten                          |
|                                         r = retimed                          |
|                                         v = VHDL configuration               |
|______________________________________________________________________________|


########################################################################################################
####    DESIGN LIBRARY - Imp:/WORK
########################################################################################################
Design Name                              Statistics                   Attributes     Verification status
-----------                              ----------                   ----------     -------------------
ALU_DW01_add_0                           c11(0) p29 n40                  c                     
ALU_DW01_add_1                           c37(0) p44 n67                  c                     
ALU_DW01_sub_0                           c21(0) p29 n50                  c                     
ALU_DW02_mult_0                          c170(0) p33 n242                c                     
ALU_DW_div_uns_0                         c101(0) p33 n147                c                     
ALU_test_1                               c190(0) p42 n253                c                     
ASYNC_FIFO_test_1                        c11(0) p29 n57                  c                     
ClkDiv_0_DW01_inc_0                      c10(0) p16 n24                  c                     
ClkDiv_1_DW01_inc_0                      c10(0) p16 n24                  c                     
ClkDiv_test_0                            c93(0) p15 n113                 c                     
ClkDiv_test_1                            c93(0) p15 n113                 c                     
Clock_Gating                             c3(0) p3 n5                     c                     
DATA_SYNC_test_1                         c24(0) p22 n37                  c                     
DF_SYNC_test_1                           c20(0) p23 n34                  c                     
Domain_1_TOP_test_1                      c9(0) p44 n113                  c                     
Domain_2_TOP_test_1                      c21(0) p48 n81                  c                     
FIFO_MEM_CNTRL_test_1                    c222(0) p29 n243                c                     
FIFO_RD_test_1                           c32(0) p17 n41                  c                     
FIFO_WR_test_1                           c28(0) p17 n37                  c                     
FSM_RX_test_1                            c36(0) p22 n50                  c                     
FSM_TX_test_1                            c20(0) p12 n27                  c                     
MUX_2X1_0                                c3(0) p4 n6                     c                     
MUX_2X1_1                                c3(0) p4 n6                     c                     
MUX_2X1_2                                c3(0) p4 n6                     c                     
MUX_2X1_3                                c3(0) p4 n6                     c                     
MUX_TX_test_1                            c7(0) p9 n15                    c                     
PULSE_GEN_test_1                         c5(0) p6 n10                    c                     
Parity_Calc_TX_test_1                    c24(0) p15 n38                  c                     
Parity_Checker                           c9(0) p12 n20                   c                     
RST_SYNC_0                               c14(0) p3 n16                   c                     
RST_SYNC_1                               c14(0) p3 n16                   c                     
RegFile_test_1                           c457(0) p62 n476                c                     
SYS_CTRL_test_1                          c200(0) p72 n273                c                     
Start_Checker                            c3(0) p3 n5                     c                     
Stop_Checker_RX                          c3(0) p3 n5                     c                     
System_TOP                               c16(0) p19 n89                  c                     
TOP_RX_test_1                            c11(0) p26 n47                  c                     
Top_TX_test_1                            c8(0) p18 n28                   c                     
UART_TOP_test_1                          c6(0) p38 n43                   c                     
data_sampling_test_1                     c34(0) p18 n52                  c                     
desrializer_test_1                       c58(0) p14 n65                  c                     
edge_bit_counter_test_1                  c65(0) p22 n80                  c                     
prescale_MUX                             c19(0) p14 n25                  c                     
serializer_TX_test_1                     c55(0) p15 n69                  c                     


########################################################################################################
####    DESIGN LIBRARY - Ref:/WORK
########################################################################################################
Design Name                              Statistics                   Attributes     Verification status
-----------                              ----------                   ----------     -------------------
ALU                                      c216(0) p40 n337                c                     
ASYNC_FIFO_DATA_WIDTH8_FIFO_WIDTH8       c8(0) p24 n50                   c                     
ClkDiv_Div_width8                        c105(0) p12 n169                c                     
Clock_Gating                             c3(0) p3 n5                     c                     
D0                                       c9(0) p5 n12                    c                     
D1                                       c9(0) p5 n12                    c                     
D10                                      c9(0) p5 n12                    c                     
D100                                     c6(0) p4 n9                     c                     
D101                                     c6(0) p4 n9                     c                     
D102                                     c6(0) p4 n9                     c                     
D103                                     c6(0) p4 n9                     c                     
D104                                     c6(0) p4 n9                     c                     
D105                                     c6(0) p4 n9                     c                     
D106                                     c6(0) p4 n9                     c                     
D107                                     c6(0) p4 n9                     c                     
D108                                     c6(0) p4 n9                     c                     
D109                                     c6(0) p4 n9                     c                     
D11                                      c9(0) p5 n12                    c                     
D110                                     c6(0) p4 n9                     c                     
D111                                     c6(0) p4 n9                     c                     
D112                                     c6(0) p4 n9                     c                     
D113                                     c6(0) p4 n9                     c                     
D114                                     c6(0) p4 n9                     c                     
D115                                     c6(0) p4 n9                     c                     
D116                                     c6(0) p4 n9                     c                     
D117                                     c6(0) p4 n9                     c                     
D118                                     c6(0) p4 n9                     c                     
D119                                     c6(0) p4 n9                     c                     
D12                                      c9(0) p5 n12                    c                     
D120                                     c6(0) p4 n9                     c                     
D121                                     c6(0) p4 n9                     c                     
D13                                      c6(0) p4 n9                     c                     
D14                                      c6(0) p4 n9                     c                     
D15                                      c6(0) p4 n9                     c                     
D16                                      c6(0) p4 n9                     c                     
D17                                      c6(0) p4 n9                     c                     
D18                                      c6(0) p4 n9                     c                     
D19                                      c6(0) p4 n9                     c                     
D2                                       c9(0) p5 n12                    c                     
D20                                      c9(0) p5 n12                    c                     
D21                                      c9(0) p5 n12                    c                     
D22                                      c9(0) p5 n12                    c                     
D23                                      c9(0) p5 n12                    c                     
D24                                      c9(0) p5 n12                    c                     
D25                                      c9(0) p5 n12                    c                     
D26                                      c9(0) p5 n12                    c                     
D27                                      c9(0) p5 n12                    c                     
D28                                      c9(0) p5 n12                    c                     
D29                                      c6(0) p4 n9                     c                     
D3                                       c9(0) p5 n12                    c                     
D30                                      c6(0) p4 n9                     c                     
D31                                      c6(0) p4 n9                     c                     
D32                                      c6(0) p4 n9                     c                     
D33                                      c6(0) p4 n9                     c                     
D34                                      c6(0) p4 n9                     c                     
D35                                      c6(0) p4 n9                     c                     
D36                                      c6(0) p4 n9                     c                     
D37                                      c6(0) p4 n9                     c                     
D38                                      c6(0) p4 n9                     c                     
D39                                      c6(0) p4 n9                     c                     
D4                                       c9(0) p5 n12                    c                     
D40                                      c6(0) p4 n9                     c                     
D41                                      c6(0) p4 n9                     c                     
D42                                      c9(0) p5 n12                    c                     
D43                                      c9(0) p5 n12                    c                     
D44                                      c9(0) p5 n12                    c                     
D45                                      c9(0) p5 n12                    c                     
D46                                      c9(0) p5 n12                    c                     
D47                                      c9(0) p5 n12                    c                     
D48                                      c9(0) p5 n12                    c                     
D49                                      c9(0) p5 n12                    c                     
D5                                       c9(0) p5 n12                    c                     
D50                                      c9(0) p5 n12                    c                     
D51                                      c9(0) p5 n12                    c                     
D52                                      c9(0) p5 n12                    c                     
D53                                      c9(0) p5 n12                    c                     
D54                                      c9(0) p5 n12                    c                     
D55                                      c9(0) p5 n12                    c                     
D56                                      c9(0) p5 n12                    c                     
D57                                      c6(0) p4 n9                     c                     
D58                                      c6(0) p4 n9                     c                     
D59                                      c6(0) p4 n9                     c                     
D6                                       c9(0) p5 n12                    c                     
D60                                      c6(0) p4 n9                     c                     
D61                                      c6(0) p4 n9                     c                     
D62                                      c6(0) p4 n9                     c                     
D63                                      c6(0) p4 n9                     c                     
D64                                      c6(0) p4 n9                     c                     
D65                                      c6(0) p4 n9                     c                     
D66                                      c6(0) p4 n9                     c                     
D67                                      c6(0) p4 n9                     c                     
D68                                      c6(0) p4 n9                     c                     
D69                                      c6(0) p4 n9                     c                     
D7                                       c9(0) p5 n12                    c                     
D70                                      c6(0) p4 n9                     c                     
D71                                      c6(0) p4 n9                     c                     
D72                                      c6(0) p4 n9                     c                     
D73                                      c6(0) p4 n9                     c                     
D74                                      c6(0) p4 n9                     c                     
D75                                      c6(0) p4 n9                     c                     
D76                                      c9(0) p5 n12                    c                     
D77                                      c9(0) p5 n12                    c                     
D78                                      c9(0) p5 n12                    c                     
D79                                      c9(0) p5 n12                    c                     
D8                                       c9(0) p5 n12                    c                     
D80                                      c9(0) p5 n12                    c                     
D81                                      c9(0) p5 n12                    c                     
D82                                      c9(0) p5 n12                    c                     
D83                                      c9(0) p5 n12                    c                     
D84                                      c9(0) p5 n12                    c                     
D85                                      c9(0) p5 n12                    c                     
D86                                      c9(0) p5 n12                    c                     
D87                                      c9(0) p5 n12                    c                     
D88                                      c9(0) p5 n12                    c                     
D89                                      c9(0) p5 n12                    c                     
D9                                       c9(0) p5 n12                    c                     
D90                                      c9(0) p5 n12                    c                     
D91                                      c9(0) p5 n12                    c                     
D92                                      c9(0) p5 n12                    c                     
D93                                      c9(0) p5 n12                    c                     
D94                                      c9(0) p5 n12                    c                     
D95                                      c9(0) p5 n12                    c                     
D96                                      c9(0) p5 n12                    c                     
D97                                      c6(0) p4 n9                     c                     
D98                                      c6(0) p4 n9                     c                     
D99                                      c6(0) p4 n9                     c                     
DATA_SYNC_BUS_WIDTH8_NUM_STAGES2         c70(0) p20 n88                  c                     
DF_SYNC                                  c86(0) p20 n98                  c                     
Domain_1_TOP_DATA_WIDTH8_FUN_WIDTH4_ADD_WIDTH4_DEPTH16
                                         c7(0) p38 n112                  c                     
Domain_2_TOP_Div_width8                  c12(0) p45 n62                  c                     
FIFO_MEM_CNTRL_DATA_WIDTH8_FIFO_WIDTH8   c564(0) p27 n660                c                     
FIFO_RD                                  c76(0) p15 n87                  c                     
FIFO_WR                                  c80(0) p15 n91                  c                     
FSM_RX                                   c90(0) p19 n113                 c                     
FSM_TX                                   c46(0) p9 n54                   c                     
MUX_2X1                                  c5(0) p4 n8                     c                     
MUX_TX                                   c16(0) p7 n22                   c                     
M_RTL_ADD_UNS_10_0                       c12(0) p32 n43                  c                     
M_RTL_ADD_UNS_1_0                        c3(0) p5 n7                     c                     
M_RTL_ADD_UNS_1_1                        c3(0) p5 n7                     c                     
M_RTL_ADD_UNS_1_10                       c3(0) p5 n7                     c                     
M_RTL_ADD_UNS_1_11                       c3(0) p5 n7                     c                     
M_RTL_ADD_UNS_1_2                        c3(0) p5 n7                     c                     
M_RTL_ADD_UNS_1_3                        c3(0) p5 n7                     c                     
M_RTL_ADD_UNS_1_4                        c3(0) p5 n7                     c                     
M_RTL_ADD_UNS_1_5                        c3(0) p5 n7                     c                     
M_RTL_ADD_UNS_1_6                        c3(0) p5 n7                     c                     
M_RTL_ADD_UNS_1_7                        c3(0) p5 n7                     c                     
M_RTL_ADD_UNS_1_8                        c3(0) p5 n7                     c                     
M_RTL_ADD_UNS_1_9                        c3(0) p5 n7                     c                     
M_RTL_ADD_UNS_2_3                        c4(0) p8 n11                    c                     
M_RTL_ADD_UNS_2_4                        c4(0) p8 n11                    c                     
M_RTL_ADD_UNS_2_5                        c4(0) p8 n11                    c                     
M_RTL_ADD_UNS_4                          c22(0) p14 n31                  c                     
M_RTL_ADD_UNS_4_6                        c6(0) p14 n19                   c                     
M_RTL_ADD_UNS_4_7                        c6(0) p14 n19                   c                     
M_RTL_ADD_UNS_4_8                        c6(0) p14 n19                   c                     
M_RTL_ADD_UNS_5                          c27(0) p17 n38                  c                     
M_RTL_ADD_UNS_6_10                       c8(0) p20 n27                   c                     
M_RTL_ADD_UNS_6_11                       c8(0) p20 n27                   c                     
M_RTL_ADD_UNS_6_9                        c8(0) p20 n27                   c                     
M_RTL_ADD_UNS_8                          c42(0) p26 n59                  c                     
M_RTL_ADD_UNS_9                          c47(0) p29 n66                  c                     
M_RTL_DECR_6                             c22(0) p14 n29                  c                     
M_RTL_DECR_8                             c28(0) p18 n37                  c                     
M_RTL_DEC_16_4                           c30(0) p21 n35                  c                     
M_RTL_DEC_8_3                            c19(0) p12 n23                  c                     
M_RTL_DIV_UNS_8_8                        c0(0) p24 n24                   c                     
M_RTL_DIV_UNS_8_8_0                      c186(0) p34 n260                c                     
M_RTL_DIV_UNS_8_8_11                     c57(0) p25 n81                  c                     
M_RTL_DIV_UNS_8_8_11_11                  c56(0) p26 n81                  c                     
M_RTL_EQ_1                               c3(0) p3 n5                     c                     
M_RTL_EQ_2                               c5(0) p5 n9                     c                     
M_RTL_EQ_4                               c7(0) p9 n15                    c                     
M_RTL_EQ_6                               c11(0) p13 n23                  c                     
M_RTL_EQ_8                               c11(0) p17 n27                  c                     
M_RTL_EQ_CONST_2_0                       c6(0) p3 n8                     c                     
M_RTL_EQ_CONST_2_1                       c4(0) p3 n6                     c                     
M_RTL_EQ_CONST_2_2                       c4(0) p3 n6                     c                     
M_RTL_EQ_CONST_2_3                       c5(0) p3 n7                     c                     
M_RTL_EQ_CONST_32_00000000               c6(0) p33 n38                   c                     
M_RTL_EQ_CONST_3_0                       c6(0) p4 n9                     c                     
M_RTL_EQ_CONST_3_1                       c6(0) p4 n9                     c                     
M_RTL_EQ_CONST_3_2                       c6(0) p4 n9                     c                     
M_RTL_EQ_CONST_3_3                       c5(0) p4 n8                     c                     
M_RTL_EQ_CONST_3_6                       c5(0) p4 n8                     c                     
M_RTL_EQ_CONST_3_7                       c5(0) p4 n8                     c                     
M_RTL_EQ_CONST_4_0                       c6(0) p5 n10                    c                     
M_RTL_EQ_CONST_4_1                       c6(0) p5 n10                    c                     
M_RTL_EQ_CONST_4_2                       c6(0) p5 n10                    c                     
M_RTL_EQ_CONST_4_3                       c7(0) p5 n11                    c                     
M_RTL_EQ_CONST_4_4                       c6(0) p5 n10                    c                     
M_RTL_EQ_CONST_4_5                       c7(0) p5 n11                    c                     
M_RTL_EQ_CONST_4_6                       c7(0) p5 n11                    c                     
M_RTL_EQ_CONST_4_7                       c5(0) p5 n9                     c                     
M_RTL_EQ_CONST_4_8                       c6(0) p5 n10                    c                     
M_RTL_EQ_CONST_4_9                       c7(0) p5 n11                    c                     
M_RTL_EQ_CONST_4_a                       c7(0) p5 n11                    c                     
M_RTL_EQ_CONST_4_b                       c5(0) p5 n9                     c                     
M_RTL_EQ_CONST_4_c                       c7(0) p5 n11                    c                     
M_RTL_EQ_CONST_4_d                       c5(0) p5 n9                     c                     
M_RTL_EQ_CONST_4_e                       c5(0) p5 n9                     c                     
M_RTL_EQ_CONST_4_f                       c5(0) p5 n9                     c                     
M_RTL_EQ_CONST_5_00                      c7(0) p6 n12                    c                     
M_RTL_EQ_CONST_5_01                      c6(0) p6 n11                    c                     
M_RTL_EQ_CONST_5_02                      c6(0) p6 n11                    c                     
M_RTL_EQ_CONST_5_03                      c7(0) p6 n12                    c                     
M_RTL_EQ_CONST_5_04                      c6(0) p6 n11                    c                     
M_RTL_EQ_CONST_5_05                      c7(0) p6 n12                    c                     
M_RTL_EQ_CONST_5_06                      c7(0) p6 n12                    c                     
M_RTL_EQ_CONST_5_07                      c7(0) p6 n12                    c                     
M_RTL_EQ_CONST_5_08                      c6(0) p6 n11                    c                     
M_RTL_EQ_CONST_5_09                      c7(0) p6 n12                    c                     
M_RTL_EQ_CONST_5_0a                      c7(0) p6 n12                    c                     
M_RTL_EQ_CONST_5_0b                      c7(0) p6 n12                    c                     
M_RTL_EQ_CONST_5_0c                      c7(0) p6 n12                    c                     
M_RTL_EQ_CONST_5_0d                      c7(0) p6 n12                    c                     
M_RTL_EQ_CONST_5_0e                      c7(0) p6 n12                    c                     
M_RTL_EQ_CONST_5_0f                      c5(0) p6 n10                    c                     
M_RTL_EQ_CONST_5_10                      c6(0) p6 n11                    c                     
M_RTL_EQ_CONST_5_11                      c7(0) p6 n12                    c                     
M_RTL_EQ_CONST_5_12                      c7(0) p6 n12                    c                     
M_RTL_EQ_CONST_5_1f                      c6(0) p6 n11                    c                     
M_RTL_EQ_CONST_6_08                      c7(0) p7 n13                    c                     
M_RTL_EQ_CONST_6_10                      c7(0) p7 n13                    c                     
M_RTL_EQ_CONST_6_20                      c7(0) p7 n13                    c                     
M_RTL_EQ_CONST_8_aa                      c7(0) p9 n15                    c                     
M_RTL_EQ_CONST_8_bb                      c9(0) p9 n17                    c                     
M_RTL_EQ_CONST_8_cc                      c7(0) p9 n15                    c                     
M_RTL_EQ_CONST_8_dd                      c9(0) p9 n17                    c                     
M_RTL_GT_UNS_8                           c35(0) p17 n52                  c                     
M_RTL_LT_UNS_8                           c35(0) p17 n52                  c                     
M_RTL_MULT_UNS_8_8                       c322(0) p32 n338                c                     
M_RTL_MUX_2_2                            c8(0) p5 n12                    c                     
M_RTL_MUX_4_4                            c11(0) p9 n19                   c                     
M_RTL_NEQ_1                              c4(0) p3 n6                     c                     
M_RTL_NEQ_CONST_32_00000000              c6(0) p33 n38                   c                     
M_RTL_NEQ_CONST_32_00000001              c10(0) p33 n42                  c                     
M_RTL_SELECT_BOX_2_2                     c5(0) p5 n9                     c                     
M_RTL_SUB_BIN_16                         c99(0) p50 n132                 c                     
M_RTL_VDEMUX_3_8                         c84(0) p76 n97                  c                     
M_RTL_VDEMUX_4_8                         c159(0) p141 n173               c                     
M_RTL_WMUX_16_16                         c563(0) p304 n851               c                     
M_RTL_WMUX_16_4                          c143(0) p100 n239               c                     
M_RTL_WMUX_16_8                          c283(0) p168 n443               c                     
M_RTL_WMUX_18_1                          c41(0) p55 n95                  c                     
M_RTL_WMUX_18_4                          c158(0) p112 n266               c                     
M_RTL_WMUX_18_5                          c197(0) p131 n323               c                     
M_RTL_WMUX_18_8                          c314(0) p188 n494               c                     
M_RTL_WMUX_2_1                           c7(0) p7 n13                    c                     
M_RTL_WMUX_2_16                          c82(0) p52 n118                 c                     
M_RTL_WMUX_2_2                           c12(0) p10 n20                  c                     
M_RTL_WMUX_2_3                           c17(0) p13 n27                  c                     
M_RTL_WMUX_2_4                           c22(0) p16 n34                  c                     
M_RTL_WMUX_2_5                           c27(0) p19 n41                  c                     
M_RTL_WMUX_2_7                           c37(0) p25 n55                  c                     
M_RTL_WMUX_2_8                           c42(0) p28 n62                  c                     
M_RTL_WMUX_3_1                           c9(0) p10 n18                   c                     
M_RTL_WMUX_3_2                           c16(0) p14 n28                  c                     
M_RTL_WMUX_4_1                           c14(0) p13 n26                  c                     
M_RTL_WMUX_4_3                           c36(0) p23 n56                  c                     
M_RTL_WMUX_5_4                           c50(0) p34 n80                  c                     
M_RTL_WMUX_6_1                           c17(0) p19 n35                  c                     
M_RTL_WMUX_6_2                           c32(0) p26 n56                  c                     
M_RTL_WMUX_6_3                           c47(0) p33 n77                  c                     
M_RTL_WMUX_7_1                           c18(0) p22 n39                  c                     
M_RTL_WMUX_7_3                           c48(0) p38 n83                  c                     
M_RTL_WMUX_8_8                           c155(0) p88 n235                c                     
PULSE_GEN                                c17(0) p4 n20                   c                     
Parity_Calc_TX                           c56(0) p13 n68                  c                     
Parity_Checker                           c13(0) p12 n24                  c                     
RST_SYNC_NUM_STAGES2                     c21(0) p3 n23                   c                     
RegFile_ADD_WIDTH4_DATA_WIDTH8_DEPTH16   c1088(0) p57 n1253              c                     
SYS_CTRL                                 c323(0) p67 n401                c                     
Start_Checker                            c12(0) p3 n13                   c                     
Stop_Checker_RX                          c12(0) p3 n13                   c                     
System_TOP                               c15(0) p19 n88                  c                     
TOP_RX                                   c9(0) p23 n42                   c                     
Top_TX                                   c6(0) p15 n23                   c                     
UART_TOP                                 c4(0) p35 n37                   c                     
data_sampling                            c110(0) p16 n124                c                     
desrializer                              c127(0) p13 n136                c                     
edge_bit_counter                         c91(0) p20 n125                 c                     
prescale_MUX                             c18(0) p14 n26                  c                     
serializer_TX                            c104(0) p13 n127                c                     

1
# Set implementation design
set_implementation_design System_TOP
Implementation design set to 'Imp:/WORK/System_TOP'
1
###############################################################################
############################ Matching #########################################
###############################################################################
match
Reference design is 'Ref:/WORK/System_TOP'
Implementation design is 'Imp:/WORK/System_TOP'
Status:  Checking designs...
    Warning: 5 (13) undriven nets found in reference (implementation) design; see formality.log for list (FM-399)
Status:  Building verification models...
Status:  Processing Guide Commands...
    Set 'Ref:/WORK/System_TOP/SE' to constant 0    
    Set 'Imp:/WORK/System_TOP/SE' to constant 0    
    Set 'Ref:/WORK/System_TOP/test_mode' to constant 1    
    Set 'Imp:/WORK/System_TOP/test_mode' to constant 1    
    Set 'Imp:/WORK/System_TOP/SE' to constant 0    ; previous value was also 0
    Set 'Imp:/WORK/System_TOP/test_mode' to constant 1    ; previous value was also 1
    Set don't verify point 'Ref:/WORK/System_TOP/SO[3]'
    Set don't verify point 'Ref:/WORK/System_TOP/SO[2]'
    Set don't verify point 'Ref:/WORK/System_TOP/SO[1]'
    Set don't verify point 'Ref:/WORK/System_TOP/SO[0]'
    Set don't verify point 'Ref:/WORK/System_TOP/UART_TX_O'

***************************** Guidance Summary *****************************
                                         Status
Command                 Accepted   Rejected  Unsupported  Unprocessed  Total
----------------------------------------------------------------------------
environment         :         11          0          0          0         11
mark                :         20          0          0          0         20
multiplier          :          1          1          0          0          2
reg_constant        :          2          0          0          0          2
scan_input          :          2          0          0          0          2
transformation
   map              :         19          0          0          0         19
   share            :          3          0          0          0          3
uniquify            :         28          2          0          0         30
ununiquify          :          1          0          0          0          1

Note: If verification succeeds you can safely ignore unaccepted guidance commands.

SVF files read:
      /home/ICer/Project/System/dft/System_TOP.svf

SVF files produced:
  /home/ICer/Project/System/formality_post_dft/formality_svf/
    svf.txt
****************************************************************************

Status:  Matching...
    
*********************************** Matching Results ***********************************    
 136 Compare points matched by name    
 0 Compare points matched by signature analysis    
 0 Compare points matched by topology    
 4 Matched primary inputs, black-box outputs    
 0(0) Unmatched reference(implementation) compare points    
 0(0) Unmatched reference(implementation) primary inputs, black-box outputs    
 2(0) Unmatched reference(implementation) unread points    
****************************************************************************************

1
###############################################################################
######################### Run Verification ####################################
###############################################################################
set successful [verify]
Reference design is 'Ref:/WORK/System_TOP'
Implementation design is 'Imp:/WORK/System_TOP'
    
*********************************** Matching Results ***********************************    
 136 Compare points matched by name    
 0 Compare points matched by signature analysis    
 0 Compare points matched by topology    
 4 Matched primary inputs, black-box outputs    
 0(0) Unmatched reference(implementation) compare points    
 0(0) Unmatched reference(implementation) primary inputs, black-box outputs    
 2(0) Unmatched reference(implementation) unread points    
****************************************************************************************

Status:  Verifying...

***************************** Synopsys Auto Setup Summary ******************************

!!! Synopsys Auto Setup Mode was enabled. !!!
!!! Verification results are valid assuming the following setup constraints: !!!

### RTL Interpretation Setup
   set hdlin_ignore_parallel_case false
   set hdlin_ignore_full_case false
   set hdlin_error_on_mismatch_message false
   set hdlin_ignore_embedded_configuration true

### Undriven Signal Handling Setup
   set verification_set_undriven_signals synthesis

### Test Logic Setup
   set verification_verify_directly_undriven_output false
   Constants set on:
     System_TOP/SE
     System_TOP/test_mode
   For details see report_dont_verify_points and report_constants


For further details on Synopsys Auto Setup Mode: Type man synopsys_auto_setup
****************************************************************************************


********************************* Verification Results *********************************
Verification SUCCEEDED
   ATTENTION: synopsys_auto_setup mode was enabled.
              See Synopsys Auto Setup Summary for details.
----------------------------------------------------------
 Reference design: Ref:/WORK/System_TOP
 Implementation design: Imp:/WORK/System_TOP
 136 Passing compare points
----------------------------------------------------------------------------------------
Matched Compare Points     BBPin    Loop   BBNet     Cut    Port     DFF     LAT   TOTAL
----------------------------------------------------------------------------------------
Passing (equivalent)           0       0       0       0       2     134       0     136
Failing (not equivalent)       0       0       0       0       0       0       0       0
Not Compared
  Constant reg                                                         0       1       1
  Don't verify                 0       0       0       0       5       0       0       5
  Unread                       0       0       0       0       0     265       0     265
****************************************************************************************
1
if {!$successful} {
    diagnose
    analyze_points -failing
}
set_dont_verify_points -type port Ref:/WORK/*/SO
Error: Unknown name: 'Ref:/WORK/*/SO' (FM-036)
0
###############################################################################
########################### Reporting #########################################
###############################################################################
report_unmatched_points > "unmatched_points.rpt"
report_failing_points   > "failing_points.rpt"
report_passing_points   > "passing_points.rpt"
report_aborted_points   > "aborted_points.rpt"
report_guidance -summary  
**************************************************
Report         : guidance
                 -summary 

Reference      : Ref:/WORK/System_TOP
Implementation : Imp:/WORK/System_TOP
Version        : L-2016.03-SP1
Date           : Wed Oct  7 00:54:39 2026
**************************************************
                                         Status
Command                 Accepted   Rejected  Unsupported  Unprocessed  Total
----------------------------------------------------------------------------
environment         :         11          0          0          0         11
mark                :         20          0          0          0         20
multiplier          :          1          1          0          0          2
reg_constant        :          2          0          0          0          2
scan_input          :          2          0          0          0          2
transformation
   map              :         19          0          0          0         19
   share            :          3          0          0          0          3
uniquify            :         28          2          0          0         30
ununiquify          :          1          0          0          0          1

Note: If verification succeeds you can safely ignore unaccepted guidance commands.

SVF files read:
      /home/ICer/Project/System/dft/System_TOP.svf

SVF files produced:
  /home/ICer/Project/System/formality_post_dft/formality_svf/
    svf.txt
1
exit

Maximum memory usage for this session: 460744 KB
CPU usage for this session: 6.92 seconds
Current time: Wed Oct  7 00:54:39 2026
Elapsed time: 6 seconds

Thank you for using Formality (R)!
